ARM GAS  C:\Users\igorn\AppData\Local\Temp\ccsQKksH.s 			page 1


   1              		.cpu cortex-m3
   2              		.arch armv7-m
   3              		.fpu softvfp
   4              		.eabi_attribute 20, 1
   5              		.eabi_attribute 21, 1
   6              		.eabi_attribute 23, 3
   7              		.eabi_attribute 24, 1
   8              		.eabi_attribute 25, 1
   9              		.eabi_attribute 26, 1
  10              		.eabi_attribute 30, 1
  11              		.eabi_attribute 34, 1
  12              		.eabi_attribute 18, 4
  13              		.file	"NOS_UART.c"
  14              		.text
  15              	.Ltext0:
  16              		.cfi_sections	.debug_frame
  17              		.file 1 "Core/Src/NOS_UART.c"
  18              		.section	.text.NOS_UART_ReceiveReset,"ax",%progbits
  19              		.align	1
  20              		.global	NOS_UART_ReceiveReset
  21              		.syntax unified
  22              		.thumb
  23              		.thumb_func
  25              	NOS_UART_ReceiveReset:
  26              	.LVL0:
  27              	.LFB65:
   1:Core/Src/NOS_UART.c **** #include "NOS_UART.h"
   2:Core/Src/NOS_UART.c **** 
   3:Core/Src/NOS_UART.c **** NOS_UART_Struct* NOS_UART_ReceiveReset(NOS_UART_Struct* data)
   4:Core/Src/NOS_UART.c **** {
  28              		.loc 1 4 1 view -0
  29              		.cfi_startproc
  30              		@ args = 0, pretend = 0, frame = 0
  31              		@ frame_needed = 0, uses_anonymous_args = 0
  32              		@ link register save eliminated.
   5:Core/Src/NOS_UART.c ****     data->lastMessageSize = data->currMessageLenght;
  33              		.loc 1 5 5 view .LVU1
  34              		.loc 1 5 33 is_stmt 0 view .LVU2
  35 0000 B0F82826 		ldrh	r2, [r0, #1576]
  36              		.loc 1 5 27 view .LVU3
  37 0004 A0F82A26 		strh	r2, [r0, #1578]	@ movhi
   6:Core/Src/NOS_UART.c ****     data->rx_buff_ptr = data->rx_buff;
  38              		.loc 1 6 5 is_stmt 1 view .LVU4
  39              		.loc 1 6 25 is_stmt 0 view .LVU5
  40 0008 00F50572 		add	r2, r0, #532
  41              		.loc 1 6 23 view .LVU6
  42 000c C0F81426 		str	r2, [r0, #1556]
   7:Core/Src/NOS_UART.c ****     data->currMessageLenght = 0;
  43              		.loc 1 7 5 is_stmt 1 view .LVU7
  44              		.loc 1 7 29 is_stmt 0 view .LVU8
  45 0010 0022     		movs	r2, #0
  46 0012 A0F82826 		strh	r2, [r0, #1576]	@ movhi
   8:Core/Src/NOS_UART.c ****     data->startReceive = false;
  47              		.loc 1 8 5 is_stmt 1 view .LVU9
  48              		.loc 1 8 24 is_stmt 0 view .LVU10
  49 0016 80F83026 		strb	r2, [r0, #1584]
   9:Core/Src/NOS_UART.c ****     data->rx_flag = true;
ARM GAS  C:\Users\igorn\AppData\Local\Temp\ccsQKksH.s 			page 2


  50              		.loc 1 9 5 is_stmt 1 view .LVU11
  51              		.loc 1 9 19 is_stmt 0 view .LVU12
  52 001a 0122     		movs	r2, #1
  53 001c 80F82E26 		strb	r2, [r0, #1582]
  10:Core/Src/NOS_UART.c ****     return data;
  54              		.loc 1 10 5 is_stmt 1 view .LVU13
  11:Core/Src/NOS_UART.c **** }
  55              		.loc 1 11 1 is_stmt 0 view .LVU14
  56 0020 7047     		bx	lr
  57              		.cfi_endproc
  58              	.LFE65:
  60              		.section	.text.NOS_UART_ContinueReceive,"ax",%progbits
  61              		.align	1
  62              		.global	NOS_UART_ContinueReceive
  63              		.syntax unified
  64              		.thumb
  65              		.thumb_func
  67              	NOS_UART_ContinueReceive:
  68              	.LVL1:
  69              	.LFB66:
  12:Core/Src/NOS_UART.c **** 
  13:Core/Src/NOS_UART.c **** NOS_UART_Struct* NOS_UART_ContinueReceive(NOS_UART_Struct* data)
  14:Core/Src/NOS_UART.c **** {
  70              		.loc 1 14 1 is_stmt 1 view -0
  71              		.cfi_startproc
  72              		@ args = 0, pretend = 0, frame = 0
  73              		@ frame_needed = 0, uses_anonymous_args = 0
  74              		@ link register save eliminated.
  15:Core/Src/NOS_UART.c ****     data->rx_buff[data->currMessageLenght] = *data->rx_buff_ptr;
  75              		.loc 1 15 5 view .LVU16
  76              		.loc 1 15 23 is_stmt 0 view .LVU17
  77 0000 B0F82816 		ldrh	r1, [r0, #1576]
  78              		.loc 1 15 46 view .LVU18
  79 0004 D0F81426 		ldr	r2, [r0, #1556]
  80 0008 12F801CB 		ldrb	ip, [r2], #1	@ zero_extendqisi2
  81              		.loc 1 15 44 view .LVU19
  82 000c 0144     		add	r1, r1, r0
  83 000e 81F814C2 		strb	ip, [r1, #532]
  16:Core/Src/NOS_UART.c ****     ++data->rx_buff_ptr;
  84              		.loc 1 16 5 is_stmt 1 view .LVU20
  85 0012 C0F81426 		str	r2, [r0, #1556]
  17:Core/Src/NOS_UART.c ****     return data;
  86              		.loc 1 17 5 view .LVU21
  18:Core/Src/NOS_UART.c **** }
  87              		.loc 1 18 1 is_stmt 0 view .LVU22
  88 0016 7047     		bx	lr
  89              		.cfi_endproc
  90              	.LFE66:
  92              		.section	.text.NOS_UART_ReceiveAbort,"ax",%progbits
  93              		.align	1
  94              		.global	NOS_UART_ReceiveAbort
  95              		.syntax unified
  96              		.thumb
  97              		.thumb_func
  99              	NOS_UART_ReceiveAbort:
 100              	.LVL2:
 101              	.LFB67:
ARM GAS  C:\Users\igorn\AppData\Local\Temp\ccsQKksH.s 			page 3


  19:Core/Src/NOS_UART.c **** 
  20:Core/Src/NOS_UART.c **** void NOS_UART_ReceiveAbort(NOS_UART_Struct* data,UART_HandleTypeDef* uart)
  21:Core/Src/NOS_UART.c **** {
 102              		.loc 1 21 1 is_stmt 1 view -0
 103              		.cfi_startproc
 104              		@ args = 0, pretend = 0, frame = 0
 105              		@ frame_needed = 0, uses_anonymous_args = 0
 106              		.loc 1 21 1 is_stmt 0 view .LVU24
 107 0000 08B5     		push	{r3, lr}
 108              		.cfi_def_cfa_offset 8
 109              		.cfi_offset 3, -8
 110              		.cfi_offset 14, -4
 111 0002 8646     		mov	lr, r0
 112 0004 0846     		mov	r0, r1
 113              	.LVL3:
  22:Core/Src/NOS_UART.c ****     for(int i = 0; i < BUFFER_SIZE; i++)
 114              		.loc 1 22 5 is_stmt 1 view .LVU25
 115              	.LBB2:
 116              		.loc 1 22 9 view .LVU26
 117              		.loc 1 22 13 is_stmt 0 view .LVU27
 118 0006 0023     		movs	r3, #0
 119              		.loc 1 22 5 view .LVU28
 120 0008 06E0     		b	.L4
 121              	.LVL4:
 122              	.L5:
  23:Core/Src/NOS_UART.c ****     {
  24:Core/Src/NOS_UART.c ****         data->rx_buff[i] = 0;
 123              		.loc 1 24 9 is_stmt 1 discriminator 3 view .LVU29
 124              		.loc 1 24 26 is_stmt 0 discriminator 3 view .LVU30
 125 000a 0EEB0302 		add	r2, lr, r3
 126 000e 4FF0000C 		mov	ip, #0
 127 0012 82F814C2 		strb	ip, [r2, #532]
  22:Core/Src/NOS_UART.c ****     for(int i = 0; i < BUFFER_SIZE; i++)
 128              		.loc 1 22 38 is_stmt 1 discriminator 3 view .LVU31
 129 0016 0133     		adds	r3, r3, #1
 130              	.LVL5:
 131              	.L4:
  22:Core/Src/NOS_UART.c ****     for(int i = 0; i < BUFFER_SIZE; i++)
 132              		.loc 1 22 22 discriminator 1 view .LVU32
 133 0018 B3F5806F 		cmp	r3, #1024
 134 001c F5DB     		blt	.L5
 135              	.LBE2:
  25:Core/Src/NOS_UART.c ****     }
  26:Core/Src/NOS_UART.c **** 
  27:Core/Src/NOS_UART.c ****     data->rx_buff_ptr = data->rx_buff;
 136              		.loc 1 27 5 view .LVU33
 137              		.loc 1 27 25 is_stmt 0 view .LVU34
 138 001e 0EF50571 		add	r1, lr, #532
 139              	.LVL6:
 140              		.loc 1 27 23 view .LVU35
 141 0022 CEF81416 		str	r1, [lr, #1556]
  28:Core/Src/NOS_UART.c ****     data->index = 0;
 142              		.loc 1 28 5 is_stmt 1 view .LVU36
 143              		.loc 1 28 17 is_stmt 0 view .LVU37
 144 0026 0023     		movs	r3, #0
 145              	.LVL7:
 146              		.loc 1 28 17 view .LVU38
ARM GAS  C:\Users\igorn\AppData\Local\Temp\ccsQKksH.s 			page 4


 147 0028 AEF82636 		strh	r3, [lr, #1574]	@ movhi
  29:Core/Src/NOS_UART.c ****     data->currMessageLenght = 0;
 148              		.loc 1 29 5 is_stmt 1 view .LVU39
 149              		.loc 1 29 29 is_stmt 0 view .LVU40
 150 002c AEF82836 		strh	r3, [lr, #1576]	@ movhi
  30:Core/Src/NOS_UART.c ****     data->startReceive = false;
 151              		.loc 1 30 5 is_stmt 1 view .LVU41
 152              		.loc 1 30 24 is_stmt 0 view .LVU42
 153 0030 8EF83036 		strb	r3, [lr, #1584]
  31:Core/Src/NOS_UART.c ****     data->endReceive = false;
 154              		.loc 1 31 5 is_stmt 1 view .LVU43
 155              		.loc 1 31 22 is_stmt 0 view .LVU44
 156 0034 8EF83136 		strb	r3, [lr, #1585]
  32:Core/Src/NOS_UART.c ****     data->bufferCommand = false;
 157              		.loc 1 32 5 is_stmt 1 view .LVU45
 158              		.loc 1 32 25 is_stmt 0 view .LVU46
 159 0038 8EF83236 		strb	r3, [lr, #1586]
  33:Core/Src/NOS_UART.c ****     data->rx_flag = false;
 160              		.loc 1 33 5 is_stmt 1 view .LVU47
 161              		.loc 1 33 19 is_stmt 0 view .LVU48
 162 003c 8EF82E36 		strb	r3, [lr, #1582]
  34:Core/Src/NOS_UART.c ****     data->receiveTimeAbort = 400;
 163              		.loc 1 34 5 is_stmt 1 view .LVU49
 164              		.loc 1 34 28 is_stmt 0 view .LVU50
 165 0040 4FF4C873 		mov	r3, #400
 166 0044 CEF81C36 		str	r3, [lr, #1564]
  35:Core/Src/NOS_UART.c ****     HAL_UART_Receive_IT (uart, data->rx_buff_ptr, 1); 
 167              		.loc 1 35 5 is_stmt 1 view .LVU51
 168 0048 0122     		movs	r2, #1
 169 004a FFF7FEFF 		bl	HAL_UART_Receive_IT
 170              	.LVL8:
  36:Core/Src/NOS_UART.c **** }
 171              		.loc 1 36 1 is_stmt 0 view .LVU52
 172 004e 08BD     		pop	{r3, pc}
 173              		.cfi_endproc
 174              	.LFE67:
 176              		.section	.text.NOS_UART_Timer_Handler,"ax",%progbits
 177              		.align	1
 178              		.global	NOS_UART_Timer_Handler
 179              		.syntax unified
 180              		.thumb
 181              		.thumb_func
 183              	NOS_UART_Timer_Handler:
 184              	.LVL9:
 185              	.LFB68:
  37:Core/Src/NOS_UART.c **** 
  38:Core/Src/NOS_UART.c **** void NOS_UART_Timer_Handler(NOS_UART_Struct* uart)
  39:Core/Src/NOS_UART.c **** {
 186              		.loc 1 39 1 is_stmt 1 view -0
 187              		.cfi_startproc
 188              		@ args = 0, pretend = 0, frame = 0
 189              		@ frame_needed = 0, uses_anonymous_args = 0
 190              		.loc 1 39 1 is_stmt 0 view .LVU54
 191 0000 08B5     		push	{r3, lr}
 192              		.cfi_def_cfa_offset 8
 193              		.cfi_offset 3, -8
 194              		.cfi_offset 14, -4
ARM GAS  C:\Users\igorn\AppData\Local\Temp\ccsQKksH.s 			page 5


  40:Core/Src/NOS_UART.c ****     uart->lastReceivedByteTime++;
 195              		.loc 1 40 5 is_stmt 1 view .LVU55
 196              		.loc 1 40 9 is_stmt 0 view .LVU56
 197 0002 D0F82036 		ldr	r3, [r0, #1568]
 198              		.loc 1 40 31 view .LVU57
 199 0006 0133     		adds	r3, r3, #1
 200 0008 C0F82036 		str	r3, [r0, #1568]
  41:Core/Src/NOS_UART.c **** 
  42:Core/Src/NOS_UART.c ****     if(uart->startReceive)
 201              		.loc 1 42 5 is_stmt 1 view .LVU58
 202              		.loc 1 42 12 is_stmt 0 view .LVU59
 203 000c 90F83026 		ldrb	r2, [r0, #1584]	@ zero_extendqisi2
 204              		.loc 1 42 7 view .LVU60
 205 0010 22B1     		cbz	r2, .L8
  43:Core/Src/NOS_UART.c ****     {
  44:Core/Src/NOS_UART.c ****         uart->receiveTime++;
 206              		.loc 1 44 9 is_stmt 1 view .LVU61
 207              		.loc 1 44 13 is_stmt 0 view .LVU62
 208 0012 D0F81816 		ldr	r1, [r0, #1560]
 209              		.loc 1 44 26 view .LVU63
 210 0016 0131     		adds	r1, r1, #1
 211 0018 C0F81816 		str	r1, [r0, #1560]
 212              	.L8:
  45:Core/Src/NOS_UART.c ****     }
  46:Core/Src/NOS_UART.c **** 
  47:Core/Src/NOS_UART.c ****     if(uart->startReceive && uart->lastReceivedByteTime > 5)
 213              		.loc 1 47 5 is_stmt 1 view .LVU64
 214              		.loc 1 47 7 is_stmt 0 view .LVU65
 215 001c 0AB1     		cbz	r2, .L7
 216              		.loc 1 47 27 discriminator 1 view .LVU66
 217 001e 052B     		cmp	r3, #5
 218 0020 00D8     		bhi	.L11
 219              	.LVL10:
 220              	.L7:
  48:Core/Src/NOS_UART.c ****     {
  49:Core/Src/NOS_UART.c ****         uart->index = 0;
  50:Core/Src/NOS_UART.c ****         uart->receiveTime = 0;
  51:Core/Src/NOS_UART.c ****         NOS_UART_ReceiveReset(uart);
  52:Core/Src/NOS_UART.c ****     }
  53:Core/Src/NOS_UART.c **** }
 221              		.loc 1 53 1 view .LVU67
 222 0022 08BD     		pop	{r3, pc}
 223              	.LVL11:
 224              	.L11:
  49:Core/Src/NOS_UART.c ****         uart->receiveTime = 0;
 225              		.loc 1 49 9 is_stmt 1 view .LVU68
  49:Core/Src/NOS_UART.c ****         uart->receiveTime = 0;
 226              		.loc 1 49 21 is_stmt 0 view .LVU69
 227 0024 0023     		movs	r3, #0
 228 0026 A0F82636 		strh	r3, [r0, #1574]	@ movhi
  50:Core/Src/NOS_UART.c ****         NOS_UART_ReceiveReset(uart);
 229              		.loc 1 50 9 is_stmt 1 view .LVU70
  50:Core/Src/NOS_UART.c ****         NOS_UART_ReceiveReset(uart);
 230              		.loc 1 50 27 is_stmt 0 view .LVU71
 231 002a C0F81836 		str	r3, [r0, #1560]
  51:Core/Src/NOS_UART.c ****     }
 232              		.loc 1 51 9 is_stmt 1 view .LVU72
ARM GAS  C:\Users\igorn\AppData\Local\Temp\ccsQKksH.s 			page 6


 233 002e FFF7FEFF 		bl	NOS_UART_ReceiveReset
 234              	.LVL12:
 235              		.loc 1 53 1 is_stmt 0 view .LVU73
 236 0032 F6E7     		b	.L7
 237              		.cfi_endproc
 238              	.LFE68:
 240              		.section	.text.GetCRC16,"ax",%progbits
 241              		.align	1
 242              		.global	GetCRC16
 243              		.syntax unified
 244              		.thumb
 245              		.thumb_func
 247              	GetCRC16:
 248              	.LVL13:
 249              	.LFB69:
  54:Core/Src/NOS_UART.c **** 
  55:Core/Src/NOS_UART.c **** uint16_t GetCRC16(uint8_t *buf, int len)
  56:Core/Src/NOS_UART.c **** {  
 250              		.loc 1 56 1 is_stmt 1 view -0
 251              		.cfi_startproc
 252              		@ args = 0, pretend = 0, frame = 0
 253              		@ frame_needed = 0, uses_anonymous_args = 0
 254              		.loc 1 56 1 is_stmt 0 view .LVU75
 255 0000 00B5     		push	{lr}
 256              		.cfi_def_cfa_offset 4
 257              		.cfi_offset 14, -4
  57:Core/Src/NOS_UART.c ****   unsigned int crc = 0xFFFF;
 258              		.loc 1 57 3 is_stmt 1 view .LVU76
 259              	.LVL14:
  58:Core/Src/NOS_UART.c ****   for (int pos = 0; pos < len; pos++)
 260              		.loc 1 58 3 view .LVU77
 261              	.LBB3:
 262              		.loc 1 58 8 view .LVU78
 263              		.loc 1 58 12 is_stmt 0 view .LVU79
 264 0002 4FF0000E 		mov	lr, #0
 265              	.LBE3:
  57:Core/Src/NOS_UART.c ****   unsigned int crc = 0xFFFF;
 266              		.loc 1 57 16 view .LVU80
 267 0006 4FF6FF73 		movw	r3, #65535
 268              	.LBB6:
 269              		.loc 1 58 3 view .LVU81
 270 000a 0CE0     		b	.L13
 271              	.LVL15:
 272              	.L15:
 273              	.LBB4:
  59:Core/Src/NOS_UART.c ****   {
  60:Core/Src/NOS_UART.c ****   crc ^= (unsigned int)buf[pos];  
  61:Core/Src/NOS_UART.c **** 
  62:Core/Src/NOS_UART.c ****   for (int i = 8; i != 0; i--) {    
  63:Core/Src/NOS_UART.c ****     if ((crc & 0x0001) != 0) {      
  64:Core/Src/NOS_UART.c ****       crc >>= 1;                    
  65:Core/Src/NOS_UART.c ****       crc ^= 0xA001;
  66:Core/Src/NOS_UART.c ****     }
  67:Core/Src/NOS_UART.c ****     else                            
  68:Core/Src/NOS_UART.c ****       crc >>= 1;                    
 274              		.loc 1 68 7 is_stmt 1 view .LVU82
 275              		.loc 1 68 11 is_stmt 0 view .LVU83
ARM GAS  C:\Users\igorn\AppData\Local\Temp\ccsQKksH.s 			page 7


 276 000c 5B08     		lsrs	r3, r3, #1
 277              	.LVL16:
 278              	.L16:
  62:Core/Src/NOS_UART.c ****     if ((crc & 0x0001) != 0) {      
 279              		.loc 1 62 28 is_stmt 1 discriminator 2 view .LVU84
 280 000e 013A     		subs	r2, r2, #1
 281              	.LVL17:
 282              	.L14:
  62:Core/Src/NOS_UART.c ****     if ((crc & 0x0001) != 0) {      
 283              		.loc 1 62 21 discriminator 1 view .LVU85
 284 0010 3AB1     		cbz	r2, .L20
  63:Core/Src/NOS_UART.c ****       crc >>= 1;                    
 285              		.loc 1 63 5 view .LVU86
  63:Core/Src/NOS_UART.c ****       crc >>= 1;                    
 286              		.loc 1 63 8 is_stmt 0 view .LVU87
 287 0012 13F0010F 		tst	r3, #1
 288 0016 F9D0     		beq	.L15
  64:Core/Src/NOS_UART.c ****       crc ^= 0xA001;
 289              		.loc 1 64 7 is_stmt 1 view .LVU88
 290              	.LVL18:
  65:Core/Src/NOS_UART.c ****     }
 291              		.loc 1 65 7 view .LVU89
  65:Core/Src/NOS_UART.c ****     }
 292              		.loc 1 65 11 is_stmt 0 view .LVU90
 293 0018 4AF2010C 		movw	ip, #40961
 294 001c 8CEA5303 		eor	r3, ip, r3, lsr #1
 295              	.LVL19:
  65:Core/Src/NOS_UART.c ****     }
 296              		.loc 1 65 11 view .LVU91
 297 0020 F5E7     		b	.L16
 298              	.L20:
  65:Core/Src/NOS_UART.c ****     }
 299              		.loc 1 65 11 view .LVU92
 300              	.LBE4:
  58:Core/Src/NOS_UART.c ****   {
 301              		.loc 1 58 35 is_stmt 1 discriminator 2 view .LVU93
 302 0022 0EF1010E 		add	lr, lr, #1
 303              	.LVL20:
 304              	.L13:
  58:Core/Src/NOS_UART.c ****   {
 305              		.loc 1 58 25 discriminator 1 view .LVU94
 306 0026 8E45     		cmp	lr, r1
 307 0028 04DA     		bge	.L21
  60:Core/Src/NOS_UART.c **** 
 308              		.loc 1 60 3 view .LVU95
  60:Core/Src/NOS_UART.c **** 
 309              		.loc 1 60 27 is_stmt 0 view .LVU96
 310 002a 10F80E20 		ldrb	r2, [r0, lr]	@ zero_extendqisi2
  60:Core/Src/NOS_UART.c **** 
 311              		.loc 1 60 7 view .LVU97
 312 002e 5340     		eors	r3, r3, r2
 313              	.LVL21:
  62:Core/Src/NOS_UART.c ****     if ((crc & 0x0001) != 0) {      
 314              		.loc 1 62 3 is_stmt 1 view .LVU98
 315              	.LBB5:
  62:Core/Src/NOS_UART.c ****     if ((crc & 0x0001) != 0) {      
 316              		.loc 1 62 8 view .LVU99
ARM GAS  C:\Users\igorn\AppData\Local\Temp\ccsQKksH.s 			page 8


  62:Core/Src/NOS_UART.c ****     if ((crc & 0x0001) != 0) {      
 317              		.loc 1 62 12 is_stmt 0 view .LVU100
 318 0030 0822     		movs	r2, #8
  62:Core/Src/NOS_UART.c ****     if ((crc & 0x0001) != 0) {      
 319              		.loc 1 62 3 view .LVU101
 320 0032 EDE7     		b	.L14
 321              	.LVL22:
 322              	.L21:
  62:Core/Src/NOS_UART.c ****     if ((crc & 0x0001) != 0) {      
 323              		.loc 1 62 3 view .LVU102
 324              	.LBE5:
 325              	.LBE6:
  69:Core/Src/NOS_UART.c ****     }
  70:Core/Src/NOS_UART.c ****   }
  71:Core/Src/NOS_UART.c **** 
  72:Core/Src/NOS_UART.c ****   return crc;
 326              		.loc 1 72 3 is_stmt 1 view .LVU103
  73:Core/Src/NOS_UART.c **** }
 327              		.loc 1 73 1 is_stmt 0 view .LVU104
 328 0034 98B2     		uxth	r0, r3
 329              	.LVL23:
 330              		.loc 1 73 1 view .LVU105
 331 0036 5DF804FB 		ldr	pc, [sp], #4
 332              		.cfi_endproc
 333              	.LFE69:
 335              		.section	.text.NOS_UART_ReceiveHandler,"ax",%progbits
 336              		.align	1
 337              		.global	NOS_UART_ReceiveHandler
 338              		.syntax unified
 339              		.thumb
 340              		.thumb_func
 342              	NOS_UART_ReceiveHandler:
 343              	.LVL24:
 344              	.LFB70:
  74:Core/Src/NOS_UART.c **** 
  75:Core/Src/NOS_UART.c **** void NOS_UART_ReceiveHandler(NOS_UART_Struct* data,UART_HandleTypeDef* uart)
  76:Core/Src/NOS_UART.c **** {
 345              		.loc 1 76 1 is_stmt 1 view -0
 346              		.cfi_startproc
 347              		@ args = 0, pretend = 0, frame = 0
 348              		@ frame_needed = 0, uses_anonymous_args = 0
 349              		.loc 1 76 1 is_stmt 0 view .LVU107
 350 0000 10B5     		push	{r4, lr}
 351              		.cfi_def_cfa_offset 8
 352              		.cfi_offset 4, -8
 353              		.cfi_offset 14, -4
 354 0002 0346     		mov	r3, r0
 355 0004 0846     		mov	r0, r1
 356              	.LVL25:
  77:Core/Src/NOS_UART.c ****     data->startReceive = true;
 357              		.loc 1 77 5 is_stmt 1 view .LVU108
 358              		.loc 1 77 24 is_stmt 0 view .LVU109
 359 0006 0122     		movs	r2, #1
 360 0008 83F83026 		strb	r2, [r3, #1584]
  78:Core/Src/NOS_UART.c **** 
  79:Core/Src/NOS_UART.c ****     data->lastReceivedByteTime = 0; 
 361              		.loc 1 79 5 is_stmt 1 view .LVU110
ARM GAS  C:\Users\igorn\AppData\Local\Temp\ccsQKksH.s 			page 9


 362              		.loc 1 79 32 is_stmt 0 view .LVU111
 363 000c 0021     		movs	r1, #0
 364              	.LVL26:
 365              		.loc 1 79 32 view .LVU112
 366 000e C3F82016 		str	r1, [r3, #1568]
  80:Core/Src/NOS_UART.c ****     data->currMessageLenght++;
 367              		.loc 1 80 5 is_stmt 1 view .LVU113
 368              		.loc 1 80 9 is_stmt 0 view .LVU114
 369 0012 B3F82816 		ldrh	r1, [r3, #1576]
 370              		.loc 1 80 28 view .LVU115
 371 0016 1144     		add	r1, r1, r2
 372 0018 A3F82816 		strh	r1, [r3, #1576]	@ movhi
  81:Core/Src/NOS_UART.c ****     
  82:Core/Src/NOS_UART.c ****     data->rx_buff[data->index] = *data->rx_buff_ptr;
 373              		.loc 1 82 5 is_stmt 1 view .LVU116
 374              		.loc 1 82 23 is_stmt 0 view .LVU117
 375 001c B3F826C6 		ldrh	ip, [r3, #1574]
 376              		.loc 1 82 34 view .LVU118
 377 0020 D3F81416 		ldr	r1, [r3, #1556]
 378 0024 11F8014B 		ldrb	r4, [r1], #1	@ zero_extendqisi2
 379              		.loc 1 82 32 view .LVU119
 380 0028 03EB0C0E 		add	lr, r3, ip
 381 002c 8EF81442 		strb	r4, [lr, #532]
  83:Core/Src/NOS_UART.c ****     ++data->index;
 382              		.loc 1 83 5 is_stmt 1 view .LVU120
 383 0030 9444     		add	ip, ip, r2
 384 0032 A3F826C6 		strh	ip, [r3, #1574]	@ movhi
  84:Core/Src/NOS_UART.c ****     ++data->rx_buff_ptr;
 385              		.loc 1 84 5 view .LVU121
 386 0036 C3F81416 		str	r1, [r3, #1556]
  85:Core/Src/NOS_UART.c ****     
  86:Core/Src/NOS_UART.c ****     HAL_UART_Receive_IT (uart, data->rx_buff_ptr, 1); 
 387              		.loc 1 86 5 view .LVU122
 388 003a FFF7FEFF 		bl	HAL_UART_Receive_IT
 389              	.LVL27:
  87:Core/Src/NOS_UART.c **** }
 390              		.loc 1 87 1 is_stmt 0 view .LVU123
 391 003e 10BD     		pop	{r4, pc}
 392              		.cfi_endproc
 393              	.LFE70:
 395              		.section	.text.NOS_UART_ParsePacket,"ax",%progbits
 396              		.align	1
 397              		.global	NOS_UART_ParsePacket
 398              		.syntax unified
 399              		.thumb
 400              		.thumb_func
 402              	NOS_UART_ParsePacket:
 403              	.LVL28:
 404              	.LFB71:
  88:Core/Src/NOS_UART.c **** 
  89:Core/Src/NOS_UART.c **** //addr1 addr0 channel1 channel0 count1 count0 packetId3 packetId2 packetId1 packetId0 command3 comm
  90:Core/Src/NOS_UART.c **** //maxLenght 1024B  minLenght 32B packetInfo 16B
  91:Core/Src/NOS_UART.c **** NOS_Short currCRC;
  92:Core/Src/NOS_UART.c **** 
  93:Core/Src/NOS_UART.c **** bool NOS_UART_ParsePacket(NOS_UART_Struct* data,UART_Message* message)
  94:Core/Src/NOS_UART.c **** {
 405              		.loc 1 94 1 is_stmt 1 view -0
ARM GAS  C:\Users\igorn\AppData\Local\Temp\ccsQKksH.s 			page 10


 406              		.cfi_startproc
 407              		@ args = 0, pretend = 0, frame = 0
 408              		@ frame_needed = 0, uses_anonymous_args = 0
 409              		.loc 1 94 1 is_stmt 0 view .LVU125
 410 0000 38B5     		push	{r3, r4, r5, lr}
 411              		.cfi_def_cfa_offset 16
 412              		.cfi_offset 3, -16
 413              		.cfi_offset 4, -12
 414              		.cfi_offset 5, -8
 415              		.cfi_offset 14, -4
 416 0002 0C46     		mov	r4, r1
  95:Core/Src/NOS_UART.c ****     int currPos = 0;
 417              		.loc 1 95 5 is_stmt 1 view .LVU126
 418              	.LVL29:
  96:Core/Src/NOS_UART.c **** 
  97:Core/Src/NOS_UART.c ****     message->address.bytes[1] = data->rx_buff[currPos++];
 419              		.loc 1 97 5 view .LVU127
 420              		.loc 1 97 46 is_stmt 0 view .LVU128
 421 0004 90F81432 		ldrb	r3, [r0, #532]	@ zero_extendqisi2
 422              		.loc 1 97 31 view .LVU129
 423 0008 4B70     		strb	r3, [r1, #1]
  98:Core/Src/NOS_UART.c ****     message->address.bytes[0] = data->rx_buff[currPos++];
 424              		.loc 1 98 5 is_stmt 1 view .LVU130
 425              	.LVL30:
 426              		.loc 1 98 46 is_stmt 0 view .LVU131
 427 000a 90F81532 		ldrb	r3, [r0, #533]	@ zero_extendqisi2
 428              		.loc 1 98 31 view .LVU132
 429 000e 0B70     		strb	r3, [r1]
  99:Core/Src/NOS_UART.c **** 
 100:Core/Src/NOS_UART.c ****     message->channel.bytes[1] = data->rx_buff[currPos++];
 430              		.loc 1 100 5 is_stmt 1 view .LVU133
 431              	.LVL31:
 432              		.loc 1 100 46 is_stmt 0 view .LVU134
 433 0010 90F81632 		ldrb	r3, [r0, #534]	@ zero_extendqisi2
 434              		.loc 1 100 31 view .LVU135
 435 0014 CB70     		strb	r3, [r1, #3]
 101:Core/Src/NOS_UART.c ****     message->channel.bytes[0] = data->rx_buff[currPos++];
 436              		.loc 1 101 5 is_stmt 1 view .LVU136
 437              	.LVL32:
 438              		.loc 1 101 46 is_stmt 0 view .LVU137
 439 0016 90F81732 		ldrb	r3, [r0, #535]	@ zero_extendqisi2
 440              		.loc 1 101 31 view .LVU138
 441 001a 8B70     		strb	r3, [r1, #2]
 102:Core/Src/NOS_UART.c **** 
 103:Core/Src/NOS_UART.c ****     message->byteCount.bytes[1] = data->rx_buff[currPos++];
 442              		.loc 1 103 5 is_stmt 1 view .LVU139
 443              	.LVL33:
 444              		.loc 1 103 48 is_stmt 0 view .LVU140
 445 001c 90F81832 		ldrb	r3, [r0, #536]	@ zero_extendqisi2
 446              		.loc 1 103 33 view .LVU141
 447 0020 4B71     		strb	r3, [r1, #5]
 104:Core/Src/NOS_UART.c ****     message->byteCount.bytes[0] = data->rx_buff[currPos++];
 448              		.loc 1 104 5 is_stmt 1 view .LVU142
 449              	.LVL34:
 450              		.loc 1 104 48 is_stmt 0 view .LVU143
 451 0022 90F81932 		ldrb	r3, [r0, #537]	@ zero_extendqisi2
 452              		.loc 1 104 33 view .LVU144
ARM GAS  C:\Users\igorn\AppData\Local\Temp\ccsQKksH.s 			page 11


 453 0026 0B71     		strb	r3, [r1, #4]
 105:Core/Src/NOS_UART.c **** 
 106:Core/Src/NOS_UART.c ****     if(message->byteCount.data > 1024)
 454              		.loc 1 106 5 is_stmt 1 view .LVU145
 455              		.loc 1 106 26 is_stmt 0 view .LVU146
 456 0028 8988     		ldrh	r1, [r1, #4]
 457              	.LVL35:
 458              		.loc 1 106 7 view .LVU147
 459 002a B1F5806F 		cmp	r1, #1024
 460 002e 45D8     		bhi	.L29
 461 0030 0546     		mov	r5, r0
 107:Core/Src/NOS_UART.c ****     {
 108:Core/Src/NOS_UART.c ****         return false;
 109:Core/Src/NOS_UART.c ****     }
 110:Core/Src/NOS_UART.c **** 
 111:Core/Src/NOS_UART.c ****     message->packetId.bytes[3] = data->rx_buff[currPos++];
 462              		.loc 1 111 5 is_stmt 1 view .LVU148
 463              	.LVL36:
 464              		.loc 1 111 47 is_stmt 0 view .LVU149
 465 0032 90F81A32 		ldrb	r3, [r0, #538]	@ zero_extendqisi2
 466              		.loc 1 111 32 view .LVU150
 467 0036 E372     		strb	r3, [r4, #11]
 112:Core/Src/NOS_UART.c ****     message->packetId.bytes[2] = data->rx_buff[currPos++];
 468              		.loc 1 112 5 is_stmt 1 view .LVU151
 469              	.LVL37:
 470              		.loc 1 112 47 is_stmt 0 view .LVU152
 471 0038 90F81B32 		ldrb	r3, [r0, #539]	@ zero_extendqisi2
 472              		.loc 1 112 32 view .LVU153
 473 003c A372     		strb	r3, [r4, #10]
 113:Core/Src/NOS_UART.c ****     message->packetId.bytes[1] = data->rx_buff[currPos++];
 474              		.loc 1 113 5 is_stmt 1 view .LVU154
 475              	.LVL38:
 476              		.loc 1 113 47 is_stmt 0 view .LVU155
 477 003e 90F81C32 		ldrb	r3, [r0, #540]	@ zero_extendqisi2
 478              		.loc 1 113 32 view .LVU156
 479 0042 6372     		strb	r3, [r4, #9]
 114:Core/Src/NOS_UART.c ****     message->packetId.bytes[0] = data->rx_buff[currPos++];
 480              		.loc 1 114 5 is_stmt 1 view .LVU157
 481              	.LVL39:
 482              		.loc 1 114 47 is_stmt 0 view .LVU158
 483 0044 90F81D32 		ldrb	r3, [r0, #541]	@ zero_extendqisi2
 484              		.loc 1 114 32 view .LVU159
 485 0048 2372     		strb	r3, [r4, #8]
 115:Core/Src/NOS_UART.c **** 
 116:Core/Src/NOS_UART.c ****     message->command.bytes[3] = data->rx_buff[currPos++];
 486              		.loc 1 116 5 is_stmt 1 view .LVU160
 487              	.LVL40:
 488              		.loc 1 116 46 is_stmt 0 view .LVU161
 489 004a 90F81E32 		ldrb	r3, [r0, #542]	@ zero_extendqisi2
 490              		.loc 1 116 31 view .LVU162
 491 004e E373     		strb	r3, [r4, #15]
 117:Core/Src/NOS_UART.c ****     message->command.bytes[2] = data->rx_buff[currPos++];
 492              		.loc 1 117 5 is_stmt 1 view .LVU163
 493              	.LVL41:
 494              		.loc 1 117 46 is_stmt 0 view .LVU164
 495 0050 90F81F32 		ldrb	r3, [r0, #543]	@ zero_extendqisi2
 496              		.loc 1 117 31 view .LVU165
ARM GAS  C:\Users\igorn\AppData\Local\Temp\ccsQKksH.s 			page 12


 497 0054 A373     		strb	r3, [r4, #14]
 118:Core/Src/NOS_UART.c ****     message->command.bytes[1] = data->rx_buff[currPos++];
 498              		.loc 1 118 5 is_stmt 1 view .LVU166
 499              	.LVL42:
 500              		.loc 1 118 46 is_stmt 0 view .LVU167
 501 0056 90F82032 		ldrb	r3, [r0, #544]	@ zero_extendqisi2
 502              		.loc 1 118 31 view .LVU168
 503 005a 6373     		strb	r3, [r4, #13]
 119:Core/Src/NOS_UART.c ****     message->command.bytes[0] = data->rx_buff[currPos++];
 504              		.loc 1 119 5 is_stmt 1 view .LVU169
 505              	.LVL43:
 506              		.loc 1 119 46 is_stmt 0 view .LVU170
 507 005c 90F82132 		ldrb	r3, [r0, #545]	@ zero_extendqisi2
 508              		.loc 1 119 31 view .LVU171
 509 0060 2373     		strb	r3, [r4, #12]
 120:Core/Src/NOS_UART.c **** 
 121:Core/Src/NOS_UART.c ****     for(int i = 0; i < message->byteCount.data - 16; i++)
 510              		.loc 1 121 5 is_stmt 1 view .LVU172
 511              	.LBB7:
 512              		.loc 1 121 9 view .LVU173
 513              	.LVL44:
 514              		.loc 1 121 13 is_stmt 0 view .LVU174
 515 0062 0023     		movs	r3, #0
 516              	.LBE7:
 119:Core/Src/NOS_UART.c ****     message->command.bytes[0] = data->rx_buff[currPos++];
 517              		.loc 1 119 54 view .LVU175
 518 0064 0E22     		movs	r2, #14
 519              	.LBB8:
 520              		.loc 1 121 5 view .LVU176
 521 0066 07E0     		b	.L26
 522              	.LVL45:
 523              	.L27:
 122:Core/Src/NOS_UART.c ****     {
 123:Core/Src/NOS_UART.c ****         message->data[i] = data->rx_buff[currPos++];
 524              		.loc 1 123 9 is_stmt 1 discriminator 3 view .LVU177
 525              		.loc 1 123 41 is_stmt 0 discriminator 3 view .LVU178
 526 0068 A818     		adds	r0, r5, r2
 527 006a 90F814C2 		ldrb	ip, [r0, #532]	@ zero_extendqisi2
 528              		.loc 1 123 26 discriminator 3 view .LVU179
 529 006e E018     		adds	r0, r4, r3
 530 0070 80F810C0 		strb	ip, [r0, #16]
 121:Core/Src/NOS_UART.c ****     {
 531              		.loc 1 121 55 is_stmt 1 discriminator 3 view .LVU180
 532 0074 0133     		adds	r3, r3, #1
 533              	.LVL46:
 534              		.loc 1 123 49 is_stmt 0 discriminator 3 view .LVU181
 535 0076 0132     		adds	r2, r2, #1
 536              	.LVL47:
 537              	.L26:
 121:Core/Src/NOS_UART.c ****     {
 538              		.loc 1 121 22 is_stmt 1 discriminator 1 view .LVU182
 121:Core/Src/NOS_UART.c ****     {
 539              		.loc 1 121 48 is_stmt 0 discriminator 1 view .LVU183
 540 0078 A1F11000 		sub	r0, r1, #16
 121:Core/Src/NOS_UART.c ****     {
 541              		.loc 1 121 22 discriminator 1 view .LVU184
 542 007c 9842     		cmp	r0, r3
ARM GAS  C:\Users\igorn\AppData\Local\Temp\ccsQKksH.s 			page 13


 543 007e F3DC     		bgt	.L27
 544              	.LBE8:
 124:Core/Src/NOS_UART.c ****     }
 125:Core/Src/NOS_UART.c **** 
 126:Core/Src/NOS_UART.c ****     message->CRC16.bytes[1] = data->rx_buff[currPos++];
 545              		.loc 1 126 5 is_stmt 1 view .LVU185
 546              		.loc 1 126 52 is_stmt 0 view .LVU186
 547 0080 531C     		adds	r3, r2, #1
 548              	.LVL48:
 549              		.loc 1 126 44 view .LVU187
 550 0082 2A44     		add	r2, r2, r5
 551 0084 92F81422 		ldrb	r2, [r2, #532]	@ zero_extendqisi2
 552              		.loc 1 126 29 view .LVU188
 553 0088 84F81122 		strb	r2, [r4, #529]
 127:Core/Src/NOS_UART.c ****     message->CRC16.bytes[0] = data->rx_buff[currPos++];
 554              		.loc 1 127 5 is_stmt 1 view .LVU189
 555              	.LVL49:
 556              		.loc 1 127 44 is_stmt 0 view .LVU190
 557 008c 2B44     		add	r3, r3, r5
 558 008e 93F81432 		ldrb	r3, [r3, #532]	@ zero_extendqisi2
 559              		.loc 1 127 29 view .LVU191
 560 0092 84F81032 		strb	r3, [r4, #528]
 128:Core/Src/NOS_UART.c **** 
 129:Core/Src/NOS_UART.c ****     data->value.data = GetCRC16(&data->rx_buff,message->byteCount.data - 2);
 561              		.loc 1 129 5 is_stmt 1 view .LVU192
 562              		.loc 1 129 24 is_stmt 0 view .LVU193
 563 0096 0239     		subs	r1, r1, #2
 564 0098 05F50570 		add	r0, r5, #532
 565 009c FFF7FEFF 		bl	GetCRC16
 566              	.LVL50:
 567              		.loc 1 129 22 view .LVU194
 568 00a0 A5F82406 		strh	r0, [r5, #1572]	@ movhi
 130:Core/Src/NOS_UART.c **** 
 131:Core/Src/NOS_UART.c ****     if(data->value.data == message->CRC16.data)
 569              		.loc 1 131 5 is_stmt 1 view .LVU195
 570              		.loc 1 131 42 is_stmt 0 view .LVU196
 571 00a4 B4F81032 		ldrh	r3, [r4, #528]
 572              		.loc 1 131 7 view .LVU197
 573 00a8 9842     		cmp	r0, r3
 574 00aa 09D0     		beq	.L30
 132:Core/Src/NOS_UART.c ****     {
 133:Core/Src/NOS_UART.c ****         return true;
 134:Core/Src/NOS_UART.c ****     }
 135:Core/Src/NOS_UART.c **** 
 136:Core/Src/NOS_UART.c ****     if(message->address.data != 0)
 575              		.loc 1 136 5 is_stmt 1 view .LVU198
 576              		.loc 1 136 24 is_stmt 0 view .LVU199
 577 00ac 2388     		ldrh	r3, [r4]
 578              		.loc 1 136 7 view .LVU200
 579 00ae 33B1     		cbz	r3, .L24
 137:Core/Src/NOS_UART.c ****     {
 138:Core/Src/NOS_UART.c ****         if(message->channel.data != 0)
 580              		.loc 1 138 9 is_stmt 1 view .LVU201
 581              		.loc 1 138 28 is_stmt 0 view .LVU202
 582 00b0 6388     		ldrh	r3, [r4, #2]
 583              		.loc 1 138 11 view .LVU203
 584 00b2 23B1     		cbz	r3, .L24
ARM GAS  C:\Users\igorn\AppData\Local\Temp\ccsQKksH.s 			page 14


 139:Core/Src/NOS_UART.c ****         {
 140:Core/Src/NOS_UART.c ****             if(message->byteCount.data != 0)
 585              		.loc 1 140 13 is_stmt 1 view .LVU204
 586              		.loc 1 140 34 is_stmt 0 view .LVU205
 587 00b4 A388     		ldrh	r3, [r4, #4]
 588              		.loc 1 140 15 view .LVU206
 589 00b6 13B1     		cbz	r3, .L24
 141:Core/Src/NOS_UART.c ****             {
 142:Core/Src/NOS_UART.c ****                 return true;            
 590              		.loc 1 142 24 view .LVU207
 591 00b8 0120     		movs	r0, #1
 592 00ba 00E0     		b	.L24
 593              	.LVL51:
 594              	.L29:
 108:Core/Src/NOS_UART.c ****     }
 595              		.loc 1 108 16 view .LVU208
 596 00bc 0020     		movs	r0, #0
 597              	.LVL52:
 598              	.L24:
 143:Core/Src/NOS_UART.c ****             }
 144:Core/Src/NOS_UART.c ****         }
 145:Core/Src/NOS_UART.c ****     }
 146:Core/Src/NOS_UART.c **** 
 147:Core/Src/NOS_UART.c **** }
 599              		.loc 1 147 1 view .LVU209
 600 00be 38BD     		pop	{r3, r4, r5, pc}
 601              	.LVL53:
 602              	.L30:
 133:Core/Src/NOS_UART.c ****     }
 603              		.loc 1 133 16 view .LVU210
 604 00c0 0120     		movs	r0, #1
 605 00c2 FCE7     		b	.L24
 606              		.cfi_endproc
 607              	.LFE71:
 609              		.section	.text.NOS_UART_PacketApprovedNotice,"ax",%progbits
 610              		.align	1
 611              		.global	NOS_UART_PacketApprovedNotice
 612              		.syntax unified
 613              		.thumb
 614              		.thumb_func
 616              	NOS_UART_PacketApprovedNotice:
 617              	.LVL54:
 618              	.LFB72:
 148:Core/Src/NOS_UART.c **** 
 149:Core/Src/NOS_UART.c **** bool NOS_UART_PacketApprovedNotice(UART_Message* message,UART_HandleTypeDef* uart)
 150:Core/Src/NOS_UART.c **** {
 619              		.loc 1 150 1 is_stmt 1 view -0
 620              		.cfi_startproc
 621              		@ args = 0, pretend = 0, frame = 32
 622              		@ frame_needed = 0, uses_anonymous_args = 0
 623              		.loc 1 150 1 is_stmt 0 view .LVU212
 624 0000 10B5     		push	{r4, lr}
 625              		.cfi_def_cfa_offset 8
 626              		.cfi_offset 4, -8
 627              		.cfi_offset 14, -4
 628 0002 88B0     		sub	sp, sp, #32
 629              		.cfi_def_cfa_offset 40
ARM GAS  C:\Users\igorn\AppData\Local\Temp\ccsQKksH.s 			page 15


 630 0004 0446     		mov	r4, r0
 631 0006 0846     		mov	r0, r1
 632              	.LVL55:
 151:Core/Src/NOS_UART.c ****     uint8_t buff[32];
 633              		.loc 1 151 5 is_stmt 1 view .LVU213
 152:Core/Src/NOS_UART.c ****     int currPos = 0;
 634              		.loc 1 152 5 view .LVU214
 153:Core/Src/NOS_UART.c **** 
 154:Core/Src/NOS_UART.c ****     buff[currPos++] = message->address.bytes[1];
 635              		.loc 1 154 5 view .LVU215
 636              		.loc 1 154 45 is_stmt 0 view .LVU216
 637 0008 6378     		ldrb	r3, [r4, #1]	@ zero_extendqisi2
 638              		.loc 1 154 21 view .LVU217
 639 000a 8DF80030 		strb	r3, [sp]
 155:Core/Src/NOS_UART.c ****     buff[currPos++] = message->address.bytes[0];
 640              		.loc 1 155 5 is_stmt 1 view .LVU218
 641              	.LVL56:
 642              		.loc 1 155 45 is_stmt 0 view .LVU219
 643 000e 2378     		ldrb	r3, [r4]	@ zero_extendqisi2
 644              		.loc 1 155 21 view .LVU220
 645 0010 8DF80130 		strb	r3, [sp, #1]
 156:Core/Src/NOS_UART.c **** 
 157:Core/Src/NOS_UART.c ****     buff[currPos++] = message->channel.bytes[1];
 646              		.loc 1 157 5 is_stmt 1 view .LVU221
 647              	.LVL57:
 648              		.loc 1 157 45 is_stmt 0 view .LVU222
 649 0014 E378     		ldrb	r3, [r4, #3]	@ zero_extendqisi2
 650              		.loc 1 157 21 view .LVU223
 651 0016 8DF80230 		strb	r3, [sp, #2]
 158:Core/Src/NOS_UART.c ****     buff[currPos++] = message->channel.bytes[0];
 652              		.loc 1 158 5 is_stmt 1 view .LVU224
 653              	.LVL58:
 654              		.loc 1 158 45 is_stmt 0 view .LVU225
 655 001a A378     		ldrb	r3, [r4, #2]	@ zero_extendqisi2
 656              		.loc 1 158 21 view .LVU226
 657 001c 8DF80330 		strb	r3, [sp, #3]
 159:Core/Src/NOS_UART.c **** 
 160:Core/Src/NOS_UART.c ****     buff[currPos++] = message->byteCount.bytes[1];
 658              		.loc 1 160 5 is_stmt 1 view .LVU227
 659              	.LVL59:
 660              		.loc 1 160 47 is_stmt 0 view .LVU228
 661 0020 6379     		ldrb	r3, [r4, #5]	@ zero_extendqisi2
 662              		.loc 1 160 21 view .LVU229
 663 0022 8DF80430 		strb	r3, [sp, #4]
 161:Core/Src/NOS_UART.c ****     buff[currPos++] = message->byteCount.bytes[0];
 664              		.loc 1 161 5 is_stmt 1 view .LVU230
 665              	.LVL60:
 666              		.loc 1 161 47 is_stmt 0 view .LVU231
 667 0026 2379     		ldrb	r3, [r4, #4]	@ zero_extendqisi2
 668              		.loc 1 161 21 view .LVU232
 669 0028 8DF80530 		strb	r3, [sp, #5]
 162:Core/Src/NOS_UART.c **** 
 163:Core/Src/NOS_UART.c ****     buff[currPos++] = message->packetId.bytes[3];
 670              		.loc 1 163 5 is_stmt 1 view .LVU233
 671              	.LVL61:
 672              		.loc 1 163 46 is_stmt 0 view .LVU234
 673 002c E37A     		ldrb	r3, [r4, #11]	@ zero_extendqisi2
ARM GAS  C:\Users\igorn\AppData\Local\Temp\ccsQKksH.s 			page 16


 674              		.loc 1 163 21 view .LVU235
 675 002e 8DF80630 		strb	r3, [sp, #6]
 164:Core/Src/NOS_UART.c ****     buff[currPos++] = message->packetId.bytes[2];
 676              		.loc 1 164 5 is_stmt 1 view .LVU236
 677              	.LVL62:
 678              		.loc 1 164 46 is_stmt 0 view .LVU237
 679 0032 A37A     		ldrb	r3, [r4, #10]	@ zero_extendqisi2
 680              		.loc 1 164 21 view .LVU238
 681 0034 8DF80730 		strb	r3, [sp, #7]
 165:Core/Src/NOS_UART.c ****     buff[currPos++] = message->packetId.bytes[1];
 682              		.loc 1 165 5 is_stmt 1 view .LVU239
 683              	.LVL63:
 684              		.loc 1 165 46 is_stmt 0 view .LVU240
 685 0038 637A     		ldrb	r3, [r4, #9]	@ zero_extendqisi2
 686              		.loc 1 165 21 view .LVU241
 687 003a 8DF80830 		strb	r3, [sp, #8]
 166:Core/Src/NOS_UART.c ****     buff[currPos++] = message->packetId.bytes[0];
 688              		.loc 1 166 5 is_stmt 1 view .LVU242
 689              	.LVL64:
 690              		.loc 1 166 46 is_stmt 0 view .LVU243
 691 003e 237A     		ldrb	r3, [r4, #8]	@ zero_extendqisi2
 692              		.loc 1 166 21 view .LVU244
 693 0040 8DF80930 		strb	r3, [sp, #9]
 167:Core/Src/NOS_UART.c **** 
 168:Core/Src/NOS_UART.c ****     buff[currPos++] = message->command.bytes[3];
 694              		.loc 1 168 5 is_stmt 1 view .LVU245
 695              	.LVL65:
 696              		.loc 1 168 45 is_stmt 0 view .LVU246
 697 0044 E37B     		ldrb	r3, [r4, #15]	@ zero_extendqisi2
 698              		.loc 1 168 21 view .LVU247
 699 0046 8DF80A30 		strb	r3, [sp, #10]
 169:Core/Src/NOS_UART.c ****     buff[currPos++] = message->command.bytes[2];
 700              		.loc 1 169 5 is_stmt 1 view .LVU248
 701              	.LVL66:
 702              		.loc 1 169 45 is_stmt 0 view .LVU249
 703 004a A37B     		ldrb	r3, [r4, #14]	@ zero_extendqisi2
 704              		.loc 1 169 21 view .LVU250
 705 004c 8DF80B30 		strb	r3, [sp, #11]
 170:Core/Src/NOS_UART.c ****     buff[currPos++] = message->command.bytes[1];
 706              		.loc 1 170 5 is_stmt 1 view .LVU251
 707              	.LVL67:
 708              		.loc 1 170 45 is_stmt 0 view .LVU252
 709 0050 637B     		ldrb	r3, [r4, #13]	@ zero_extendqisi2
 710              		.loc 1 170 21 view .LVU253
 711 0052 8DF80C30 		strb	r3, [sp, #12]
 171:Core/Src/NOS_UART.c ****     buff[currPos++] = message->command.bytes[0];
 712              		.loc 1 171 5 is_stmt 1 view .LVU254
 713              	.LVL68:
 714              		.loc 1 171 45 is_stmt 0 view .LVU255
 715 0056 237B     		ldrb	r3, [r4, #12]	@ zero_extendqisi2
 716              		.loc 1 171 21 view .LVU256
 717 0058 8DF80D30 		strb	r3, [sp, #13]
 172:Core/Src/NOS_UART.c **** 
 173:Core/Src/NOS_UART.c ****     for(int i = 0; i < 16; i++)
 718              		.loc 1 173 5 is_stmt 1 view .LVU257
 719              	.LBB9:
 720              		.loc 1 173 9 view .LVU258
ARM GAS  C:\Users\igorn\AppData\Local\Temp\ccsQKksH.s 			page 17


 721              	.LVL69:
 722              		.loc 1 173 13 is_stmt 0 view .LVU259
 723 005c 0022     		movs	r2, #0
 724              	.LBE9:
 171:Core/Src/NOS_UART.c ****     buff[currPos++] = message->command.bytes[0];
 725              		.loc 1 171 17 view .LVU260
 726 005e 0E23     		movs	r3, #14
 727              	.LBB10:
 728              		.loc 1 173 5 view .LVU261
 729 0060 09E0     		b	.L34
 730              	.LVL70:
 731              	.L35:
 174:Core/Src/NOS_UART.c ****     {
 175:Core/Src/NOS_UART.c ****         buff[currPos++] = 0xFF;
 732              		.loc 1 175 9 is_stmt 1 discriminator 3 view .LVU262
 733              		.loc 1 175 25 is_stmt 0 discriminator 3 view .LVU263
 734 0062 03F12001 		add	r1, r3, #32
 735 0066 0DEB010C 		add	ip, sp, r1
 736 006a 4FF0FF0E 		mov	lr, #255
 737 006e 0CF820EC 		strb	lr, [ip, #-32]
 173:Core/Src/NOS_UART.c ****     {
 738              		.loc 1 173 29 is_stmt 1 discriminator 3 view .LVU264
 739 0072 0132     		adds	r2, r2, #1
 740              	.LVL71:
 741              		.loc 1 175 21 is_stmt 0 discriminator 3 view .LVU265
 742 0074 0133     		adds	r3, r3, #1
 743              	.LVL72:
 744              	.L34:
 173:Core/Src/NOS_UART.c ****     {
 745              		.loc 1 173 22 is_stmt 1 discriminator 1 view .LVU266
 746 0076 0F2A     		cmp	r2, #15
 747 0078 F3DD     		ble	.L35
 748              	.LBE10:
 176:Core/Src/NOS_UART.c ****     }
 177:Core/Src/NOS_UART.c **** 
 178:Core/Src/NOS_UART.c ****     buff[currPos++] = message->CRC16.bytes[1];
 749              		.loc 1 178 5 view .LVU267
 750              		.loc 1 178 17 is_stmt 0 view .LVU268
 751 007a 5A1C     		adds	r2, r3, #1
 752              	.LVL73:
 753              		.loc 1 178 43 view .LVU269
 754 007c 94F81112 		ldrb	r1, [r4, #529]	@ zero_extendqisi2
 755              		.loc 1 178 21 view .LVU270
 756 0080 2033     		adds	r3, r3, #32
 757 0082 6B44     		add	r3, sp, r3
 758 0084 03F8201C 		strb	r1, [r3, #-32]
 179:Core/Src/NOS_UART.c ****     buff[currPos++] = message->CRC16.bytes[0];
 759              		.loc 1 179 5 is_stmt 1 view .LVU271
 760              	.LVL74:
 761              		.loc 1 179 43 is_stmt 0 view .LVU272
 762 0088 94F81012 		ldrb	r1, [r4, #528]	@ zero_extendqisi2
 763              		.loc 1 179 21 view .LVU273
 764 008c 02F12003 		add	r3, r2, #32
 765 0090 6B44     		add	r3, sp, r3
 766 0092 03F8201C 		strb	r1, [r3, #-32]
 180:Core/Src/NOS_UART.c **** 
 181:Core/Src/NOS_UART.c ****     HAL_UART_Transmit(uart,buff,32,1000);
ARM GAS  C:\Users\igorn\AppData\Local\Temp\ccsQKksH.s 			page 18


 767              		.loc 1 181 5 is_stmt 1 view .LVU274
 768 0096 4FF47A73 		mov	r3, #1000
 769 009a 2022     		movs	r2, #32
 770 009c 6946     		mov	r1, sp
 771 009e FFF7FEFF 		bl	HAL_UART_Transmit
 772              	.LVL75:
 182:Core/Src/NOS_UART.c **** 
 183:Core/Src/NOS_UART.c **** }
 773              		.loc 1 183 1 is_stmt 0 view .LVU275
 774 00a2 08B0     		add	sp, sp, #32
 775              		.cfi_def_cfa_offset 8
 776              		@ sp needed
 777 00a4 10BD     		pop	{r4, pc}
 778              		.loc 1 183 1 view .LVU276
 779              		.cfi_endproc
 780              	.LFE72:
 782              		.section	.text.NOS_UART_CheckReceive,"ax",%progbits
 783              		.align	1
 784              		.global	NOS_UART_CheckReceive
 785              		.syntax unified
 786              		.thumb
 787              		.thumb_func
 789              	NOS_UART_CheckReceive:
 790              	.LVL76:
 791              	.LFB73:
 184:Core/Src/NOS_UART.c **** 
 185:Core/Src/NOS_UART.c **** 
 186:Core/Src/NOS_UART.c **** bool NOS_UART_CheckReceive(NOS_UART_Struct* data)
 187:Core/Src/NOS_UART.c **** {
 792              		.loc 1 187 1 is_stmt 1 view -0
 793              		.cfi_startproc
 794              		@ args = 0, pretend = 0, frame = 0
 795              		@ frame_needed = 0, uses_anonymous_args = 0
 796              		@ link register save eliminated.
 188:Core/Src/NOS_UART.c ****     return data->rx_flag;   
 797              		.loc 1 188 5 view .LVU278
 189:Core/Src/NOS_UART.c **** }
 798              		.loc 1 189 1 is_stmt 0 view .LVU279
 799 0000 90F82E06 		ldrb	r0, [r0, #1582]	@ zero_extendqisi2
 800              	.LVL77:
 801              		.loc 1 189 1 view .LVU280
 802 0004 7047     		bx	lr
 803              		.cfi_endproc
 804              	.LFE73:
 806              		.section	.text.NOS_UART_GetReceivedData,"ax",%progbits
 807              		.align	1
 808              		.global	NOS_UART_GetReceivedData
 809              		.syntax unified
 810              		.thumb
 811              		.thumb_func
 813              	NOS_UART_GetReceivedData:
 814              	.LVL78:
 815              	.LFB74:
 190:Core/Src/NOS_UART.c **** 
 191:Core/Src/NOS_UART.c **** uint8_t* NOS_UART_GetReceivedData(NOS_UART_Struct* data)
 192:Core/Src/NOS_UART.c **** {
 816              		.loc 1 192 1 is_stmt 1 view -0
ARM GAS  C:\Users\igorn\AppData\Local\Temp\ccsQKksH.s 			page 19


 817              		.cfi_startproc
 818              		@ args = 0, pretend = 0, frame = 0
 819              		@ frame_needed = 0, uses_anonymous_args = 0
 820              		@ link register save eliminated.
 193:Core/Src/NOS_UART.c ****     return data->rx_buff;
 821              		.loc 1 193 5 view .LVU282
 194:Core/Src/NOS_UART.c **** }
 822              		.loc 1 194 1 is_stmt 0 view .LVU283
 823 0000 00F50570 		add	r0, r0, #532
 824              	.LVL79:
 825              		.loc 1 194 1 view .LVU284
 826 0004 7047     		bx	lr
 827              		.cfi_endproc
 828              	.LFE74:
 830              		.section	.text.NOS_UART_EndReceive,"ax",%progbits
 831              		.align	1
 832              		.global	NOS_UART_EndReceive
 833              		.syntax unified
 834              		.thumb
 835              		.thumb_func
 837              	NOS_UART_EndReceive:
 838              	.LVL80:
 839              	.LFB75:
 195:Core/Src/NOS_UART.c **** 
 196:Core/Src/NOS_UART.c **** void NOS_UART_EndReceive(NOS_UART_Struct* data)
 197:Core/Src/NOS_UART.c **** {
 840              		.loc 1 197 1 is_stmt 1 view -0
 841              		.cfi_startproc
 842              		@ args = 0, pretend = 0, frame = 0
 843              		@ frame_needed = 0, uses_anonymous_args = 0
 844              		@ link register save eliminated.
 198:Core/Src/NOS_UART.c ****     data->rx_flag = false;
 845              		.loc 1 198 5 view .LVU286
 846              		.loc 1 198 19 is_stmt 0 view .LVU287
 847 0000 0023     		movs	r3, #0
 848 0002 80F82E36 		strb	r3, [r0, #1582]
 199:Core/Src/NOS_UART.c **** }
 849              		.loc 1 199 1 view .LVU288
 850 0006 7047     		bx	lr
 851              		.cfi_endproc
 852              	.LFE75:
 854              		.global	currCRC
 855              		.section	.bss.currCRC,"aw",%nobits
 856              		.align	2
 859              	currCRC:
 860 0000 0000     		.space	2
 861              		.text
 862              	.Letext0:
 863              		.file 2 "c:\\users\\igorn\\appdata\\roaming\\code\\user\\globalstorage\\bmd.stm32-for-vscode\\@xpa
 864              		.file 3 "c:\\users\\igorn\\appdata\\roaming\\code\\user\\globalstorage\\bmd.stm32-for-vscode\\@xpa
 865              		.file 4 "Drivers/CMSIS/Device/ST/STM32F1xx/Include/stm32f103xb.h"
 866              		.file 5 "Drivers/STM32F1xx_HAL_Driver/Inc/stm32f1xx_hal_def.h"
 867              		.file 6 "Drivers/STM32F1xx_HAL_Driver/Inc/stm32f1xx_hal_dma.h"
 868              		.file 7 "Drivers/STM32F1xx_HAL_Driver/Inc/stm32f1xx_hal_uart.h"
 869              		.file 8 "Core/Inc/NOS_Typedefs.h"
 870              		.file 9 "Core/Inc/NOS_UART.h"
ARM GAS  C:\Users\igorn\AppData\Local\Temp\ccsQKksH.s 			page 20


DEFINED SYMBOLS
                            *ABS*:00000000 NOS_UART.c
C:\Users\igorn\AppData\Local\Temp\ccsQKksH.s:19     .text.NOS_UART_ReceiveReset:00000000 $t
C:\Users\igorn\AppData\Local\Temp\ccsQKksH.s:25     .text.NOS_UART_ReceiveReset:00000000 NOS_UART_ReceiveReset
C:\Users\igorn\AppData\Local\Temp\ccsQKksH.s:61     .text.NOS_UART_ContinueReceive:00000000 $t
C:\Users\igorn\AppData\Local\Temp\ccsQKksH.s:67     .text.NOS_UART_ContinueReceive:00000000 NOS_UART_ContinueReceive
C:\Users\igorn\AppData\Local\Temp\ccsQKksH.s:93     .text.NOS_UART_ReceiveAbort:00000000 $t
C:\Users\igorn\AppData\Local\Temp\ccsQKksH.s:99     .text.NOS_UART_ReceiveAbort:00000000 NOS_UART_ReceiveAbort
C:\Users\igorn\AppData\Local\Temp\ccsQKksH.s:177    .text.NOS_UART_Timer_Handler:00000000 $t
C:\Users\igorn\AppData\Local\Temp\ccsQKksH.s:183    .text.NOS_UART_Timer_Handler:00000000 NOS_UART_Timer_Handler
C:\Users\igorn\AppData\Local\Temp\ccsQKksH.s:241    .text.GetCRC16:00000000 $t
C:\Users\igorn\AppData\Local\Temp\ccsQKksH.s:247    .text.GetCRC16:00000000 GetCRC16
C:\Users\igorn\AppData\Local\Temp\ccsQKksH.s:336    .text.NOS_UART_ReceiveHandler:00000000 $t
C:\Users\igorn\AppData\Local\Temp\ccsQKksH.s:342    .text.NOS_UART_ReceiveHandler:00000000 NOS_UART_ReceiveHandler
C:\Users\igorn\AppData\Local\Temp\ccsQKksH.s:396    .text.NOS_UART_ParsePacket:00000000 $t
C:\Users\igorn\AppData\Local\Temp\ccsQKksH.s:402    .text.NOS_UART_ParsePacket:00000000 NOS_UART_ParsePacket
C:\Users\igorn\AppData\Local\Temp\ccsQKksH.s:610    .text.NOS_UART_PacketApprovedNotice:00000000 $t
C:\Users\igorn\AppData\Local\Temp\ccsQKksH.s:616    .text.NOS_UART_PacketApprovedNotice:00000000 NOS_UART_PacketApprovedNotice
C:\Users\igorn\AppData\Local\Temp\ccsQKksH.s:783    .text.NOS_UART_CheckReceive:00000000 $t
C:\Users\igorn\AppData\Local\Temp\ccsQKksH.s:789    .text.NOS_UART_CheckReceive:00000000 NOS_UART_CheckReceive
C:\Users\igorn\AppData\Local\Temp\ccsQKksH.s:807    .text.NOS_UART_GetReceivedData:00000000 $t
C:\Users\igorn\AppData\Local\Temp\ccsQKksH.s:813    .text.NOS_UART_GetReceivedData:00000000 NOS_UART_GetReceivedData
C:\Users\igorn\AppData\Local\Temp\ccsQKksH.s:831    .text.NOS_UART_EndReceive:00000000 $t
C:\Users\igorn\AppData\Local\Temp\ccsQKksH.s:837    .text.NOS_UART_EndReceive:00000000 NOS_UART_EndReceive
C:\Users\igorn\AppData\Local\Temp\ccsQKksH.s:859    .bss.currCRC:00000000 currCRC
C:\Users\igorn\AppData\Local\Temp\ccsQKksH.s:856    .bss.currCRC:00000000 $d

UNDEFINED SYMBOLS
HAL_UART_Receive_IT
HAL_UART_Transmit
