ARM GAS  C:\Users\igorn\AppData\Local\Temp\ccn0hSCq.s 			page 1


   1              		.cpu cortex-m3
   2              		.arch armv7-m
   3              		.fpu softvfp
   4              		.eabi_attribute 20, 1
   5              		.eabi_attribute 21, 1
   6              		.eabi_attribute 23, 3
   7              		.eabi_attribute 24, 1
   8              		.eabi_attribute 25, 1
   9              		.eabi_attribute 26, 1
  10              		.eabi_attribute 30, 1
  11              		.eabi_attribute 34, 1
  12              		.eabi_attribute 18, 4
  13              		.file	"NOS_WS2812B_Strip.c"
  14              		.text
  15              	.Ltext0:
  16              		.cfi_sections	.debug_frame
  17              		.file 1 "Core/Src/NOS_WS2812B_Strip.c"
  18              		.section	.text.NOS_WS2812B_Strip_FullInit,"ax",%progbits
  19              		.align	1
  20              		.global	NOS_WS2812B_Strip_FullInit
  21              		.syntax unified
  22              		.thumb
  23              		.thumb_func
  25              	NOS_WS2812B_Strip_FullInit:
  26              	.LVL0:
  27              	.LFB65:
   1:Core/Src/NOS_WS2812B_Strip.c **** #include "NOS_WS2812B_Strip.h"
   2:Core/Src/NOS_WS2812B_Strip.c **** #include "NOS_BaseColors.h"
   3:Core/Src/NOS_WS2812B_Strip.c **** #include "WS2812B_Effects.h"
   4:Core/Src/NOS_WS2812B_Strip.c **** 
   5:Core/Src/NOS_WS2812B_Strip.c **** void NOS_WS2812B_Strip_FullInit(WS2812B_Strip* strip,uint8_t* buff,PixelColor* pixels,int lenght)
   6:Core/Src/NOS_WS2812B_Strip.c **** {
  28              		.loc 1 6 1 view -0
  29              		.cfi_startproc
  30              		@ args = 0, pretend = 0, frame = 0
  31              		@ frame_needed = 0, uses_anonymous_args = 0
  32              		@ link register save eliminated.
   7:Core/Src/NOS_WS2812B_Strip.c ****     strip->pixels = pixels;
  33              		.loc 1 7 5 view .LVU1
  34              		.loc 1 7 19 is_stmt 0 view .LVU2
  35 0000 4260     		str	r2, [r0, #4]
   8:Core/Src/NOS_WS2812B_Strip.c ****     strip->frameBuffer = buff;
  36              		.loc 1 8 5 is_stmt 1 view .LVU3
  37              		.loc 1 8 24 is_stmt 0 view .LVU4
  38 0002 0160     		str	r1, [r0]
   9:Core/Src/NOS_WS2812B_Strip.c ****     strip->pixelCount = lenght;
  39              		.loc 1 9 5 is_stmt 1 view .LVU5
  40              		.loc 1 9 23 is_stmt 0 view .LVU6
  41 0004 8360     		str	r3, [r0, #8]
  10:Core/Src/NOS_WS2812B_Strip.c ****     strip->bright = 100;
  42              		.loc 1 10 5 is_stmt 1 view .LVU7
  43              		.loc 1 10 19 is_stmt 0 view .LVU8
  44 0006 6423     		movs	r3, #100
  45              	.LVL1:
  46              		.loc 1 10 19 view .LVU9
  47 0008 C360     		str	r3, [r0, #12]
  11:Core/Src/NOS_WS2812B_Strip.c ****     strip->effectsCounter = 0;
ARM GAS  C:\Users\igorn\AppData\Local\Temp\ccn0hSCq.s 			page 2


  48              		.loc 1 11 5 is_stmt 1 view .LVU10
  49              		.loc 1 11 27 is_stmt 0 view .LVU11
  50 000a 0023     		movs	r3, #0
  51 000c 80F87831 		strb	r3, [r0, #376]
  12:Core/Src/NOS_WS2812B_Strip.c **** }
  52              		.loc 1 12 1 view .LVU12
  53 0010 7047     		bx	lr
  54              		.cfi_endproc
  55              	.LFE65:
  57              		.section	.text.NOS_WS2812B_Strip_CoreSetPixel,"ax",%progbits
  58              		.align	1
  59              		.global	NOS_WS2812B_Strip_CoreSetPixel
  60              		.syntax unified
  61              		.thumb
  62              		.thumb_func
  64              	NOS_WS2812B_Strip_CoreSetPixel:
  65              	.LVL2:
  66              	.LFB66:
  13:Core/Src/NOS_WS2812B_Strip.c **** 
  14:Core/Src/NOS_WS2812B_Strip.c **** void NOS_WS2812B_Strip_CoreSetPixel(WS2812B_Strip* strip,int pixelPos,uint8_t r, uint8_t g, uint8_t
  15:Core/Src/NOS_WS2812B_Strip.c **** {
  67              		.loc 1 15 1 is_stmt 1 view -0
  68              		.cfi_startproc
  69              		@ args = 4, pretend = 0, frame = 0
  70              		@ frame_needed = 0, uses_anonymous_args = 0
  71              		@ link register save eliminated.
  72              		.loc 1 15 1 is_stmt 0 view .LVU14
  73 0000 10B4     		push	{r4}
  74              		.cfi_def_cfa_offset 4
  75              		.cfi_offset 4, -4
  16:Core/Src/NOS_WS2812B_Strip.c ****     if(strip->frameBuffer != NULL && pixelPos <= strip->pixelCount)
  76              		.loc 1 16 5 is_stmt 1 view .LVU15
  77              		.loc 1 16 13 is_stmt 0 view .LVU16
  78 0002 0468     		ldr	r4, [r0]
  79              		.loc 1 16 7 view .LVU17
  80 0004 74B1     		cbz	r4, .L2
  81              		.loc 1 16 35 discriminator 1 view .LVU18
  82 0006 D0F808C0 		ldr	ip, [r0, #8]
  83 000a 8C45     		cmp	ip, r1
  84 000c 0ADB     		blt	.L2
  17:Core/Src/NOS_WS2812B_Strip.c ****     {
  18:Core/Src/NOS_WS2812B_Strip.c ****         strip->frameBuffer[pixelPos * 3] = r;
  85              		.loc 1 18 9 is_stmt 1 view .LVU19
  86              		.loc 1 18 37 is_stmt 0 view .LVU20
  87 000e 01EB4101 		add	r1, r1, r1, lsl #1
  88              	.LVL3:
  89              		.loc 1 18 42 view .LVU21
  90 0012 6254     		strb	r2, [r4, r1]
  19:Core/Src/NOS_WS2812B_Strip.c ****         strip->frameBuffer[pixelPos * 3 + 1] = g;
  91              		.loc 1 19 9 is_stmt 1 view .LVU22
  92              		.loc 1 19 14 is_stmt 0 view .LVU23
  93 0014 0468     		ldr	r4, [r0]
  94              		.loc 1 19 27 view .LVU24
  95 0016 4A1C     		adds	r2, r1, #1
  96              	.LVL4:
  97              		.loc 1 19 46 view .LVU25
  98 0018 A354     		strb	r3, [r4, r2]
ARM GAS  C:\Users\igorn\AppData\Local\Temp\ccn0hSCq.s 			page 3


  20:Core/Src/NOS_WS2812B_Strip.c ****         strip->frameBuffer[pixelPos * 3 + 2] = b;
  99              		.loc 1 20 9 is_stmt 1 view .LVU26
 100              		.loc 1 20 14 is_stmt 0 view .LVU27
 101 001a 0368     		ldr	r3, [r0]
 102              	.LVL5:
 103              		.loc 1 20 27 view .LVU28
 104 001c 0231     		adds	r1, r1, #2
 105              		.loc 1 20 46 view .LVU29
 106 001e 9DF80420 		ldrb	r2, [sp, #4]	@ zero_extendqisi2
 107              	.LVL6:
 108              		.loc 1 20 46 view .LVU30
 109 0022 5A54     		strb	r2, [r3, r1]
 110              	.LVL7:
 111              	.L2:
  21:Core/Src/NOS_WS2812B_Strip.c ****     }
  22:Core/Src/NOS_WS2812B_Strip.c **** }
 112              		.loc 1 22 1 view .LVU31
 113 0024 10BC     		pop	{r4}
 114              		.cfi_restore 4
 115              		.cfi_def_cfa_offset 0
 116              	.LVL8:
 117              		.loc 1 22 1 view .LVU32
 118 0026 7047     		bx	lr
 119              		.cfi_endproc
 120              	.LFE66:
 122              		.section	.text.NOS_WS2812B_Strip_SetPixel,"ax",%progbits
 123              		.align	1
 124              		.global	NOS_WS2812B_Strip_SetPixel
 125              		.syntax unified
 126              		.thumb
 127              		.thumb_func
 129              	NOS_WS2812B_Strip_SetPixel:
 130              	.LVL9:
 131              	.LFB67:
  23:Core/Src/NOS_WS2812B_Strip.c **** 
  24:Core/Src/NOS_WS2812B_Strip.c **** void NOS_WS2812B_Strip_SetPixel(WS2812B_Strip* strip,int pixelPos,uint8_t r, uint8_t g, uint8_t b)
  25:Core/Src/NOS_WS2812B_Strip.c **** {
 132              		.loc 1 25 1 is_stmt 1 view -0
 133              		.cfi_startproc
 134              		@ args = 4, pretend = 0, frame = 0
 135              		@ frame_needed = 0, uses_anonymous_args = 0
 136              		@ link register save eliminated.
 137              		.loc 1 25 1 is_stmt 0 view .LVU34
 138 0000 10B4     		push	{r4}
 139              		.cfi_def_cfa_offset 4
 140              		.cfi_offset 4, -4
  26:Core/Src/NOS_WS2812B_Strip.c ****     if(strip->pixels != NULL && pixelPos <= strip->pixelCount)
 141              		.loc 1 26 5 is_stmt 1 view .LVU35
 142              		.loc 1 26 13 is_stmt 0 view .LVU36
 143 0002 4468     		ldr	r4, [r0, #4]
 144              		.loc 1 26 7 view .LVU37
 145 0004 74B1     		cbz	r4, .L5
 146              		.loc 1 26 30 discriminator 1 view .LVU38
 147 0006 D0F808C0 		ldr	ip, [r0, #8]
 148 000a 8C45     		cmp	ip, r1
 149 000c 0ADB     		blt	.L5
  27:Core/Src/NOS_WS2812B_Strip.c ****     {
ARM GAS  C:\Users\igorn\AppData\Local\Temp\ccn0hSCq.s 			page 4


  28:Core/Src/NOS_WS2812B_Strip.c ****         strip->pixels[pixelPos].R = r;
 150              		.loc 1 28 9 is_stmt 1 view .LVU39
 151              		.loc 1 28 22 is_stmt 0 view .LVU40
 152 000e 01EB4101 		add	r1, r1, r1, lsl #1
 153              	.LVL10:
 154              		.loc 1 28 35 view .LVU41
 155 0012 6254     		strb	r2, [r4, r1]
  29:Core/Src/NOS_WS2812B_Strip.c ****         strip->pixels[pixelPos].G = g;
 156              		.loc 1 29 9 is_stmt 1 view .LVU42
 157              		.loc 1 29 14 is_stmt 0 view .LVU43
 158 0014 4268     		ldr	r2, [r0, #4]
 159              	.LVL11:
 160              		.loc 1 29 22 view .LVU44
 161 0016 0A44     		add	r2, r2, r1
 162              		.loc 1 29 35 view .LVU45
 163 0018 5370     		strb	r3, [r2, #1]
 164              	.LVL12:
  30:Core/Src/NOS_WS2812B_Strip.c ****         strip->pixels[pixelPos].B = b;
 165              		.loc 1 30 9 is_stmt 1 view .LVU46
 166              		.loc 1 30 14 is_stmt 0 view .LVU47
 167 001a 4368     		ldr	r3, [r0, #4]
 168              	.LVL13:
 169              		.loc 1 30 22 view .LVU48
 170 001c 0B44     		add	r3, r3, r1
 171              		.loc 1 30 35 view .LVU49
 172 001e 9DF80420 		ldrb	r2, [sp, #4]	@ zero_extendqisi2
 173              	.LVL14:
 174              		.loc 1 30 35 view .LVU50
 175 0022 9A70     		strb	r2, [r3, #2]
 176              	.L5:
  31:Core/Src/NOS_WS2812B_Strip.c ****     }         
  32:Core/Src/NOS_WS2812B_Strip.c **** }
 177              		.loc 1 32 1 view .LVU51
 178 0024 10BC     		pop	{r4}
 179              		.cfi_restore 4
 180              		.cfi_def_cfa_offset 0
 181              	.LVL15:
 182              		.loc 1 32 1 view .LVU52
 183 0026 7047     		bx	lr
 184              		.cfi_endproc
 185              	.LFE67:
 187              		.section	.text.NOS_WS2812B_Strip_Clear,"ax",%progbits
 188              		.align	1
 189              		.global	NOS_WS2812B_Strip_Clear
 190              		.syntax unified
 191              		.thumb
 192              		.thumb_func
 194              	NOS_WS2812B_Strip_Clear:
 195              	.LVL16:
 196              	.LFB68:
  33:Core/Src/NOS_WS2812B_Strip.c **** 
  34:Core/Src/NOS_WS2812B_Strip.c **** void NOS_WS2812B_Strip_Clear(WS2812B_Strip* strip)
  35:Core/Src/NOS_WS2812B_Strip.c **** {
 197              		.loc 1 35 1 is_stmt 1 view -0
 198              		.cfi_startproc
 199              		@ args = 0, pretend = 0, frame = 0
 200              		@ frame_needed = 0, uses_anonymous_args = 0
ARM GAS  C:\Users\igorn\AppData\Local\Temp\ccn0hSCq.s 			page 5


 201              		.loc 1 35 1 is_stmt 0 view .LVU54
 202 0000 30B5     		push	{r4, r5, lr}
 203              		.cfi_def_cfa_offset 12
 204              		.cfi_offset 4, -12
 205              		.cfi_offset 5, -8
 206              		.cfi_offset 14, -4
 207 0002 83B0     		sub	sp, sp, #12
 208              		.cfi_def_cfa_offset 24
 209 0004 0546     		mov	r5, r0
  36:Core/Src/NOS_WS2812B_Strip.c ****     for(int i = 0; i < strip->pixelCount; i++)
 210              		.loc 1 36 5 is_stmt 1 view .LVU55
 211              	.LBB2:
 212              		.loc 1 36 9 view .LVU56
 213              	.LVL17:
 214              		.loc 1 36 13 is_stmt 0 view .LVU57
 215 0006 0024     		movs	r4, #0
 216              		.loc 1 36 5 view .LVU58
 217 0008 07E0     		b	.L9
 218              	.LVL18:
 219              	.L10:
  37:Core/Src/NOS_WS2812B_Strip.c ****     {
  38:Core/Src/NOS_WS2812B_Strip.c ****         NOS_WS2812B_Strip_SetPixel(strip,i,0,0,0);
 220              		.loc 1 38 9 is_stmt 1 discriminator 3 view .LVU59
 221 000a 0022     		movs	r2, #0
 222 000c 0092     		str	r2, [sp]
 223 000e 1346     		mov	r3, r2
 224 0010 2146     		mov	r1, r4
 225 0012 2846     		mov	r0, r5
 226 0014 FFF7FEFF 		bl	NOS_WS2812B_Strip_SetPixel
 227              	.LVL19:
  36:Core/Src/NOS_WS2812B_Strip.c ****     for(int i = 0; i < strip->pixelCount; i++)
 228              		.loc 1 36 44 discriminator 3 view .LVU60
 229 0018 0134     		adds	r4, r4, #1
 230              	.LVL20:
 231              	.L9:
  36:Core/Src/NOS_WS2812B_Strip.c ****     for(int i = 0; i < strip->pixelCount; i++)
 232              		.loc 1 36 22 discriminator 1 view .LVU61
  36:Core/Src/NOS_WS2812B_Strip.c ****     for(int i = 0; i < strip->pixelCount; i++)
 233              		.loc 1 36 29 is_stmt 0 discriminator 1 view .LVU62
 234 001a AB68     		ldr	r3, [r5, #8]
  36:Core/Src/NOS_WS2812B_Strip.c ****     for(int i = 0; i < strip->pixelCount; i++)
 235              		.loc 1 36 22 discriminator 1 view .LVU63
 236 001c A342     		cmp	r3, r4
 237 001e F4DC     		bgt	.L10
 238              	.LBE2:
  39:Core/Src/NOS_WS2812B_Strip.c ****     }
  40:Core/Src/NOS_WS2812B_Strip.c **** }
 239              		.loc 1 40 1 view .LVU64
 240 0020 03B0     		add	sp, sp, #12
 241              		.cfi_def_cfa_offset 12
 242              		@ sp needed
 243 0022 30BD     		pop	{r4, r5, pc}
 244              		.loc 1 40 1 view .LVU65
 245              		.cfi_endproc
 246              	.LFE68:
 248              		.global	__aeabi_i2f
 249              		.global	__aeabi_fdiv
ARM GAS  C:\Users\igorn\AppData\Local\Temp\ccn0hSCq.s 			page 6


 250              		.global	__aeabi_ui2f
 251              		.global	__aeabi_fmul
 252              		.global	__aeabi_f2uiz
 253              		.section	.text.NOS_WS2812B_Strip_Update,"ax",%progbits
 254              		.align	1
 255              		.global	NOS_WS2812B_Strip_Update
 256              		.syntax unified
 257              		.thumb
 258              		.thumb_func
 260              	NOS_WS2812B_Strip_Update:
 261              	.LVL21:
 262              	.LFB69:
  41:Core/Src/NOS_WS2812B_Strip.c **** 
  42:Core/Src/NOS_WS2812B_Strip.c **** void NOS_WS2812B_Strip_Update(WS2812B_Strip* strip)
  43:Core/Src/NOS_WS2812B_Strip.c **** {
 263              		.loc 1 43 1 is_stmt 1 view -0
 264              		.cfi_startproc
 265              		@ args = 0, pretend = 0, frame = 0
 266              		@ frame_needed = 0, uses_anonymous_args = 0
 267              		.loc 1 43 1 is_stmt 0 view .LVU67
 268 0000 2DE9F043 		push	{r4, r5, r6, r7, r8, r9, lr}
 269              		.cfi_def_cfa_offset 28
 270              		.cfi_offset 4, -28
 271              		.cfi_offset 5, -24
 272              		.cfi_offset 6, -20
 273              		.cfi_offset 7, -16
 274              		.cfi_offset 8, -12
 275              		.cfi_offset 9, -8
 276              		.cfi_offset 14, -4
 277 0004 83B0     		sub	sp, sp, #12
 278              		.cfi_def_cfa_offset 40
 279 0006 0746     		mov	r7, r0
  44:Core/Src/NOS_WS2812B_Strip.c ****     float coef = (float)strip->bright / 100;
 280              		.loc 1 44 5 is_stmt 1 view .LVU68
 281              		.loc 1 44 18 is_stmt 0 view .LVU69
 282 0008 C068     		ldr	r0, [r0, #12]
 283              	.LVL22:
 284              		.loc 1 44 18 view .LVU70
 285 000a FFF7FEFF 		bl	__aeabi_i2f
 286              	.LVL23:
 287              		.loc 1 44 11 view .LVU71
 288 000e 1B49     		ldr	r1, .L16
 289 0010 FFF7FEFF 		bl	__aeabi_fdiv
 290              	.LVL24:
 291 0014 8046     		mov	r8, r0
 292              	.LVL25:
  45:Core/Src/NOS_WS2812B_Strip.c ****     for(int i = 0; i < strip->pixelCount; i++)
 293              		.loc 1 45 5 is_stmt 1 view .LVU72
 294              	.LBB3:
 295              		.loc 1 45 9 view .LVU73
 296              		.loc 1 45 13 is_stmt 0 view .LVU74
 297 0016 0024     		movs	r4, #0
 298              		.loc 1 45 5 view .LVU75
 299 0018 29E0     		b	.L13
 300              	.LVL26:
 301              	.L14:
 302              	.LBB4:
ARM GAS  C:\Users\igorn\AppData\Local\Temp\ccn0hSCq.s 			page 7


  46:Core/Src/NOS_WS2812B_Strip.c ****     {
  47:Core/Src/NOS_WS2812B_Strip.c ****         uint8_t currR = (float)strip->pixels[i].R * coef;
 303              		.loc 1 47 9 is_stmt 1 discriminator 3 view .LVU76
 304              		.loc 1 47 37 is_stmt 0 discriminator 3 view .LVU77
 305 001a 7A68     		ldr	r2, [r7, #4]
 306              		.loc 1 47 45 discriminator 3 view .LVU78
 307 001c 04EB4403 		add	r3, r4, r4, lsl #1
 308 0020 02EB0309 		add	r9, r2, r3
 309              		.loc 1 47 25 discriminator 3 view .LVU79
 310 0024 D05C     		ldrb	r0, [r2, r3]	@ zero_extendqisi2
 311 0026 FFF7FEFF 		bl	__aeabi_ui2f
 312              	.LVL27:
 313              		.loc 1 47 51 discriminator 3 view .LVU80
 314 002a 4146     		mov	r1, r8
 315 002c FFF7FEFF 		bl	__aeabi_fmul
 316              	.LVL28:
 317              		.loc 1 47 17 discriminator 3 view .LVU81
 318 0030 FFF7FEFF 		bl	__aeabi_f2uiz
 319              	.LVL29:
 320 0034 C5B2     		uxtb	r5, r0
 321              	.LVL30:
  48:Core/Src/NOS_WS2812B_Strip.c ****         uint8_t currG = (float)strip->pixels[i].G * coef;
 322              		.loc 1 48 9 is_stmt 1 discriminator 3 view .LVU82
 323              		.loc 1 48 25 is_stmt 0 discriminator 3 view .LVU83
 324 0036 99F80100 		ldrb	r0, [r9, #1]	@ zero_extendqisi2
 325 003a FFF7FEFF 		bl	__aeabi_ui2f
 326              	.LVL31:
 327              		.loc 1 48 51 discriminator 3 view .LVU84
 328 003e 4146     		mov	r1, r8
 329 0040 FFF7FEFF 		bl	__aeabi_fmul
 330              	.LVL32:
 331              		.loc 1 48 17 discriminator 3 view .LVU85
 332 0044 FFF7FEFF 		bl	__aeabi_f2uiz
 333              	.LVL33:
 334 0048 C6B2     		uxtb	r6, r0
 335              	.LVL34:
  49:Core/Src/NOS_WS2812B_Strip.c ****         uint8_t currB = (float)strip->pixels[i].B * coef;
 336              		.loc 1 49 9 is_stmt 1 discriminator 3 view .LVU86
 337              		.loc 1 49 25 is_stmt 0 discriminator 3 view .LVU87
 338 004a 99F80200 		ldrb	r0, [r9, #2]	@ zero_extendqisi2
 339 004e FFF7FEFF 		bl	__aeabi_ui2f
 340              	.LVL35:
 341              		.loc 1 49 51 discriminator 3 view .LVU88
 342 0052 4146     		mov	r1, r8
 343 0054 FFF7FEFF 		bl	__aeabi_fmul
 344              	.LVL36:
 345              		.loc 1 49 17 discriminator 3 view .LVU89
 346 0058 FFF7FEFF 		bl	__aeabi_f2uiz
 347              	.LVL37:
 348 005c C0B2     		uxtb	r0, r0
 349              	.LVL38:
  50:Core/Src/NOS_WS2812B_Strip.c ****         NOS_WS2812B_Strip_CoreSetPixel(strip,i,currR,currG,currB);
 350              		.loc 1 50 9 is_stmt 1 discriminator 3 view .LVU90
 351 005e 0090     		str	r0, [sp]
 352 0060 3346     		mov	r3, r6
 353 0062 2A46     		mov	r2, r5
 354 0064 2146     		mov	r1, r4
ARM GAS  C:\Users\igorn\AppData\Local\Temp\ccn0hSCq.s 			page 8


 355 0066 3846     		mov	r0, r7
 356              	.LVL39:
 357              		.loc 1 50 9 is_stmt 0 discriminator 3 view .LVU91
 358 0068 FFF7FEFF 		bl	NOS_WS2812B_Strip_CoreSetPixel
 359              	.LVL40:
 360              		.loc 1 50 9 discriminator 3 view .LVU92
 361              	.LBE4:
  45:Core/Src/NOS_WS2812B_Strip.c ****     {
 362              		.loc 1 45 44 is_stmt 1 discriminator 3 view .LVU93
 363 006c 0134     		adds	r4, r4, #1
 364              	.LVL41:
 365              	.L13:
  45:Core/Src/NOS_WS2812B_Strip.c ****     {
 366              		.loc 1 45 22 discriminator 1 view .LVU94
  45:Core/Src/NOS_WS2812B_Strip.c ****     {
 367              		.loc 1 45 29 is_stmt 0 discriminator 1 view .LVU95
 368 006e BB68     		ldr	r3, [r7, #8]
  45:Core/Src/NOS_WS2812B_Strip.c ****     {
 369              		.loc 1 45 22 discriminator 1 view .LVU96
 370 0070 A342     		cmp	r3, r4
 371 0072 D2DC     		bgt	.L14
 372              	.LBE3:
  51:Core/Src/NOS_WS2812B_Strip.c ****     }
  52:Core/Src/NOS_WS2812B_Strip.c **** 
  53:Core/Src/NOS_WS2812B_Strip.c **** }
 373              		.loc 1 53 1 view .LVU97
 374 0074 03B0     		add	sp, sp, #12
 375              		.cfi_def_cfa_offset 28
 376              		@ sp needed
 377 0076 BDE8F083 		pop	{r4, r5, r6, r7, r8, r9, pc}
 378              	.LVL42:
 379              	.L17:
 380              		.loc 1 53 1 view .LVU98
 381 007a 00BF     		.align	2
 382              	.L16:
 383 007c 0000C842 		.word	1120403456
 384              		.cfi_endproc
 385              	.LFE69:
 387              		.section	.text.NOS_WS2812B_Strip_ColorFill,"ax",%progbits
 388              		.align	1
 389              		.global	NOS_WS2812B_Strip_ColorFill
 390              		.syntax unified
 391              		.thumb
 392              		.thumb_func
 394              	NOS_WS2812B_Strip_ColorFill:
 395              	.LVL43:
 396              	.LFB71:
  54:Core/Src/NOS_WS2812B_Strip.c **** 
  55:Core/Src/NOS_WS2812B_Strip.c **** void NOS_WS2812B_Strip_TestFill(WS2812B_Strip* strip)
  56:Core/Src/NOS_WS2812B_Strip.c **** {
  57:Core/Src/NOS_WS2812B_Strip.c ****     int currPixel = 0;
  58:Core/Src/NOS_WS2812B_Strip.c ****     int currColor = 0;
  59:Core/Src/NOS_WS2812B_Strip.c ****     
  60:Core/Src/NOS_WS2812B_Strip.c ****     while(currPixel < strip->pixelCount)
  61:Core/Src/NOS_WS2812B_Strip.c ****     {
  62:Core/Src/NOS_WS2812B_Strip.c ****         NOS_WS2812B_Strip_SetPixelByPixelColor(strip,currPixel,NOS_GetBaseColor(currColor));
  63:Core/Src/NOS_WS2812B_Strip.c ****         
ARM GAS  C:\Users\igorn\AppData\Local\Temp\ccn0hSCq.s 			page 9


  64:Core/Src/NOS_WS2812B_Strip.c ****         currColor++;
  65:Core/Src/NOS_WS2812B_Strip.c ****         if(currColor > 11)
  66:Core/Src/NOS_WS2812B_Strip.c ****         {
  67:Core/Src/NOS_WS2812B_Strip.c ****             currColor = 0;
  68:Core/Src/NOS_WS2812B_Strip.c ****         }
  69:Core/Src/NOS_WS2812B_Strip.c **** 
  70:Core/Src/NOS_WS2812B_Strip.c ****         currPixel++;
  71:Core/Src/NOS_WS2812B_Strip.c ****     }
  72:Core/Src/NOS_WS2812B_Strip.c **** }
  73:Core/Src/NOS_WS2812B_Strip.c **** 
  74:Core/Src/NOS_WS2812B_Strip.c **** void NOS_WS2812B_Strip_ColorFill(WS2812B_Strip* strip,PixelColor color)
  75:Core/Src/NOS_WS2812B_Strip.c **** {
 397              		.loc 1 75 1 is_stmt 1 view -0
 398              		.cfi_startproc
 399              		@ args = 0, pretend = 0, frame = 8
 400              		@ frame_needed = 0, uses_anonymous_args = 0
 401              		.loc 1 75 1 is_stmt 0 view .LVU100
 402 0000 30B5     		push	{r4, r5, lr}
 403              		.cfi_def_cfa_offset 12
 404              		.cfi_offset 4, -12
 405              		.cfi_offset 5, -8
 406              		.cfi_offset 14, -4
 407 0002 85B0     		sub	sp, sp, #20
 408              		.cfi_def_cfa_offset 32
 409 0004 0546     		mov	r5, r0
 410 0006 0391     		str	r1, [sp, #12]
  76:Core/Src/NOS_WS2812B_Strip.c ****     for(int i = 0; i < strip->pixelCount; i++)
 411              		.loc 1 76 5 is_stmt 1 view .LVU101
 412              	.LBB5:
 413              		.loc 1 76 9 view .LVU102
 414              	.LVL44:
 415              		.loc 1 76 13 is_stmt 0 view .LVU103
 416 0008 0024     		movs	r4, #0
 417              		.loc 1 76 5 view .LVU104
 418 000a 0BE0     		b	.L19
 419              	.LVL45:
 420              	.L20:
  77:Core/Src/NOS_WS2812B_Strip.c ****     {
  78:Core/Src/NOS_WS2812B_Strip.c ****         NOS_WS2812B_Strip_SetPixel(strip,i,color.R,color.G,color.B);
 421              		.loc 1 78 9 is_stmt 1 discriminator 3 view .LVU105
 422 000c 9DF80E30 		ldrb	r3, [sp, #14]	@ zero_extendqisi2
 423 0010 0093     		str	r3, [sp]
 424 0012 9DF80D30 		ldrb	r3, [sp, #13]	@ zero_extendqisi2
 425 0016 9DF80C20 		ldrb	r2, [sp, #12]	@ zero_extendqisi2
 426 001a 2146     		mov	r1, r4
 427 001c 2846     		mov	r0, r5
 428 001e FFF7FEFF 		bl	NOS_WS2812B_Strip_SetPixel
 429              	.LVL46:
  76:Core/Src/NOS_WS2812B_Strip.c ****     for(int i = 0; i < strip->pixelCount; i++)
 430              		.loc 1 76 44 discriminator 3 view .LVU106
 431 0022 0134     		adds	r4, r4, #1
 432              	.LVL47:
 433              	.L19:
  76:Core/Src/NOS_WS2812B_Strip.c ****     for(int i = 0; i < strip->pixelCount; i++)
 434              		.loc 1 76 22 discriminator 1 view .LVU107
  76:Core/Src/NOS_WS2812B_Strip.c ****     for(int i = 0; i < strip->pixelCount; i++)
 435              		.loc 1 76 29 is_stmt 0 discriminator 1 view .LVU108
ARM GAS  C:\Users\igorn\AppData\Local\Temp\ccn0hSCq.s 			page 10


 436 0024 AB68     		ldr	r3, [r5, #8]
  76:Core/Src/NOS_WS2812B_Strip.c ****     for(int i = 0; i < strip->pixelCount; i++)
 437              		.loc 1 76 22 discriminator 1 view .LVU109
 438 0026 A342     		cmp	r3, r4
 439 0028 F0DC     		bgt	.L20
 440              	.LBE5:
  79:Core/Src/NOS_WS2812B_Strip.c ****     }
  80:Core/Src/NOS_WS2812B_Strip.c **** }
 441              		.loc 1 80 1 view .LVU110
 442 002a 05B0     		add	sp, sp, #20
 443              		.cfi_def_cfa_offset 12
 444              		@ sp needed
 445 002c 30BD     		pop	{r4, r5, pc}
 446              		.loc 1 80 1 view .LVU111
 447              		.cfi_endproc
 448              	.LFE71:
 450              		.section	.text.NOS_WS2812B_Strip_SetPixelByRGB,"ax",%progbits
 451              		.align	1
 452              		.global	NOS_WS2812B_Strip_SetPixelByRGB
 453              		.syntax unified
 454              		.thumb
 455              		.thumb_func
 457              	NOS_WS2812B_Strip_SetPixelByRGB:
 458              	.LVL48:
 459              	.LFB72:
  81:Core/Src/NOS_WS2812B_Strip.c **** 
  82:Core/Src/NOS_WS2812B_Strip.c **** void NOS_WS2812B_Strip_SetPixelByRGB(WS2812B_Strip* strip,int pixelPos,uint32_t rgb)
  83:Core/Src/NOS_WS2812B_Strip.c **** {
 460              		.loc 1 83 1 is_stmt 1 view -0
 461              		.cfi_startproc
 462              		@ args = 0, pretend = 0, frame = 0
 463              		@ frame_needed = 0, uses_anonymous_args = 0
 464              		.loc 1 83 1 is_stmt 0 view .LVU113
 465 0000 00B5     		push	{lr}
 466              		.cfi_def_cfa_offset 4
 467              		.cfi_offset 14, -4
 468 0002 83B0     		sub	sp, sp, #12
 469              		.cfi_def_cfa_offset 16
  84:Core/Src/NOS_WS2812B_Strip.c ****     uint8_t R = (rgb & 0x00FF0000) >> 16;
 470              		.loc 1 84 5 is_stmt 1 view .LVU114
 471              	.LVL49:
  85:Core/Src/NOS_WS2812B_Strip.c ****     uint8_t G = (rgb & 0x0000FF00) >> 8;
 472              		.loc 1 85 5 view .LVU115
  86:Core/Src/NOS_WS2812B_Strip.c ****     uint8_t B = rgb & 0x000000FF;
 473              		.loc 1 86 5 view .LVU116
 474              		.loc 1 86 13 is_stmt 0 view .LVU117
 475 0004 D3B2     		uxtb	r3, r2
 476              	.LVL50:
  87:Core/Src/NOS_WS2812B_Strip.c **** 
  88:Core/Src/NOS_WS2812B_Strip.c ****     NOS_WS2812B_Strip_SetPixel(strip,pixelPos,R,G,B);
 477              		.loc 1 88 5 is_stmt 1 view .LVU118
 478 0006 0093     		str	r3, [sp]
 479 0008 C2F30723 		ubfx	r3, r2, #8, #8
 480              	.LVL51:
 481              		.loc 1 88 5 is_stmt 0 view .LVU119
 482 000c C2F30742 		ubfx	r2, r2, #16, #8
 483              	.LVL52:
ARM GAS  C:\Users\igorn\AppData\Local\Temp\ccn0hSCq.s 			page 11


 484              		.loc 1 88 5 view .LVU120
 485 0010 FFF7FEFF 		bl	NOS_WS2812B_Strip_SetPixel
 486              	.LVL53:
  89:Core/Src/NOS_WS2812B_Strip.c **** }
 487              		.loc 1 89 1 view .LVU121
 488 0014 03B0     		add	sp, sp, #12
 489              		.cfi_def_cfa_offset 4
 490              		@ sp needed
 491 0016 5DF804FB 		ldr	pc, [sp], #4
 492              		.cfi_endproc
 493              	.LFE72:
 495              		.section	.text.NOS_WS2812B_Strip_SetPixelByPixelColor,"ax",%progbits
 496              		.align	1
 497              		.global	NOS_WS2812B_Strip_SetPixelByPixelColor
 498              		.syntax unified
 499              		.thumb
 500              		.thumb_func
 502              	NOS_WS2812B_Strip_SetPixelByPixelColor:
 503              	.LVL54:
 504              	.LFB73:
  90:Core/Src/NOS_WS2812B_Strip.c **** 
  91:Core/Src/NOS_WS2812B_Strip.c **** void NOS_WS2812B_Strip_SetPixelByPixelColor(WS2812B_Strip* strip,int pixelPos, PixelColor color)
  92:Core/Src/NOS_WS2812B_Strip.c **** {
 505              		.loc 1 92 1 is_stmt 1 view -0
 506              		.cfi_startproc
 507              		@ args = 0, pretend = 0, frame = 8
 508              		@ frame_needed = 0, uses_anonymous_args = 0
 509              		.loc 1 92 1 is_stmt 0 view .LVU123
 510 0000 00B5     		push	{lr}
 511              		.cfi_def_cfa_offset 4
 512              		.cfi_offset 14, -4
 513 0002 85B0     		sub	sp, sp, #20
 514              		.cfi_def_cfa_offset 24
 515 0004 0392     		str	r2, [sp, #12]
  93:Core/Src/NOS_WS2812B_Strip.c ****     NOS_WS2812B_Strip_SetPixel(strip,pixelPos,color.R,color.G,color.B);
 516              		.loc 1 93 5 is_stmt 1 view .LVU124
 517 0006 9DF80E30 		ldrb	r3, [sp, #14]	@ zero_extendqisi2
 518 000a 0093     		str	r3, [sp]
 519 000c 9DF80D30 		ldrb	r3, [sp, #13]	@ zero_extendqisi2
 520 0010 9DF80C20 		ldrb	r2, [sp, #12]	@ zero_extendqisi2
 521 0014 FFF7FEFF 		bl	NOS_WS2812B_Strip_SetPixel
 522              	.LVL55:
  94:Core/Src/NOS_WS2812B_Strip.c **** }
 523              		.loc 1 94 1 is_stmt 0 view .LVU125
 524 0018 05B0     		add	sp, sp, #20
 525              		.cfi_def_cfa_offset 4
 526              		@ sp needed
 527 001a 5DF804FB 		ldr	pc, [sp], #4
 528              		.cfi_endproc
 529              	.LFE73:
 531              		.section	.text.NOS_WS2812B_Strip_TestFill,"ax",%progbits
 532              		.align	1
 533              		.global	NOS_WS2812B_Strip_TestFill
 534              		.syntax unified
 535              		.thumb
 536              		.thumb_func
 538              	NOS_WS2812B_Strip_TestFill:
ARM GAS  C:\Users\igorn\AppData\Local\Temp\ccn0hSCq.s 			page 12


 539              	.LVL56:
 540              	.LFB70:
  56:Core/Src/NOS_WS2812B_Strip.c ****     int currPixel = 0;
 541              		.loc 1 56 1 is_stmt 1 view -0
 542              		.cfi_startproc
 543              		@ args = 0, pretend = 0, frame = 8
 544              		@ frame_needed = 0, uses_anonymous_args = 0
  56:Core/Src/NOS_WS2812B_Strip.c ****     int currPixel = 0;
 545              		.loc 1 56 1 is_stmt 0 view .LVU127
 546 0000 70B5     		push	{r4, r5, r6, lr}
 547              		.cfi_def_cfa_offset 16
 548              		.cfi_offset 4, -16
 549              		.cfi_offset 5, -12
 550              		.cfi_offset 6, -8
 551              		.cfi_offset 14, -4
 552 0002 82B0     		sub	sp, sp, #8
 553              		.cfi_def_cfa_offset 24
 554 0004 0646     		mov	r6, r0
  57:Core/Src/NOS_WS2812B_Strip.c ****     int currColor = 0;
 555              		.loc 1 57 5 is_stmt 1 view .LVU128
 556              	.LVL57:
  58:Core/Src/NOS_WS2812B_Strip.c ****     
 557              		.loc 1 58 5 view .LVU129
  60:Core/Src/NOS_WS2812B_Strip.c ****     {
 558              		.loc 1 60 5 view .LVU130
  58:Core/Src/NOS_WS2812B_Strip.c ****     
 559              		.loc 1 58 9 is_stmt 0 view .LVU131
 560 0006 0024     		movs	r4, #0
  57:Core/Src/NOS_WS2812B_Strip.c ****     int currColor = 0;
 561              		.loc 1 57 9 view .LVU132
 562 0008 2546     		mov	r5, r4
  60:Core/Src/NOS_WS2812B_Strip.c ****     {
 563              		.loc 1 60 10 view .LVU133
 564 000a 00E0     		b	.L27
 565              	.LVL58:
 566              	.L28:
  70:Core/Src/NOS_WS2812B_Strip.c ****     }
 567              		.loc 1 70 9 is_stmt 1 view .LVU134
  70:Core/Src/NOS_WS2812B_Strip.c ****     }
 568              		.loc 1 70 18 is_stmt 0 view .LVU135
 569 000c 0135     		adds	r5, r5, #1
 570              	.LVL59:
 571              	.L27:
  60:Core/Src/NOS_WS2812B_Strip.c ****     {
 572              		.loc 1 60 21 is_stmt 1 view .LVU136
  60:Core/Src/NOS_WS2812B_Strip.c ****     {
 573              		.loc 1 60 28 is_stmt 0 view .LVU137
 574 000e B368     		ldr	r3, [r6, #8]
  60:Core/Src/NOS_WS2812B_Strip.c ****     {
 575              		.loc 1 60 21 view .LVU138
 576 0010 AB42     		cmp	r3, r5
 577 0012 16DD     		ble	.L32
  62:Core/Src/NOS_WS2812B_Strip.c ****         
 578              		.loc 1 62 9 is_stmt 1 view .LVU139
 579 0014 E0B2     		uxtb	r0, r4
 580 0016 FFF7FEFF 		bl	NOS_GetBaseColor
 581              	.LVL60:
ARM GAS  C:\Users\igorn\AppData\Local\Temp\ccn0hSCq.s 			page 13


 582 001a 8DF80400 		strb	r0, [sp, #4]
 583 001e C0F30723 		ubfx	r3, r0, #8, #8
 584 0022 8DF80530 		strb	r3, [sp, #5]
 585 0026 C0F30740 		ubfx	r0, r0, #16, #8
 586 002a 8DF80600 		strb	r0, [sp, #6]
 587 002e 019A     		ldr	r2, [sp, #4]
 588 0030 2946     		mov	r1, r5
 589 0032 3046     		mov	r0, r6
 590 0034 FFF7FEFF 		bl	NOS_WS2812B_Strip_SetPixelByPixelColor
 591              	.LVL61:
  64:Core/Src/NOS_WS2812B_Strip.c ****         if(currColor > 11)
 592              		.loc 1 64 9 view .LVU140
  64:Core/Src/NOS_WS2812B_Strip.c ****         if(currColor > 11)
 593              		.loc 1 64 18 is_stmt 0 view .LVU141
 594 0038 0134     		adds	r4, r4, #1
 595              	.LVL62:
  65:Core/Src/NOS_WS2812B_Strip.c ****         {
 596              		.loc 1 65 9 is_stmt 1 view .LVU142
  65:Core/Src/NOS_WS2812B_Strip.c ****         {
 597              		.loc 1 65 11 is_stmt 0 view .LVU143
 598 003a 0B2C     		cmp	r4, #11
 599 003c E6DD     		ble	.L28
  67:Core/Src/NOS_WS2812B_Strip.c ****         }
 600              		.loc 1 67 23 view .LVU144
 601 003e 0024     		movs	r4, #0
 602              	.LVL63:
  67:Core/Src/NOS_WS2812B_Strip.c ****         }
 603              		.loc 1 67 23 view .LVU145
 604 0040 E4E7     		b	.L28
 605              	.LVL64:
 606              	.L32:
  72:Core/Src/NOS_WS2812B_Strip.c **** 
 607              		.loc 1 72 1 view .LVU146
 608 0042 02B0     		add	sp, sp, #8
 609              		.cfi_def_cfa_offset 16
 610              		@ sp needed
 611 0044 70BD     		pop	{r4, r5, r6, pc}
  72:Core/Src/NOS_WS2812B_Strip.c **** 
 612              		.loc 1 72 1 view .LVU147
 613              		.cfi_endproc
 614              	.LFE70:
 616              		.section	.text.NOS_WS2812B_Strip_SetBright,"ax",%progbits
 617              		.align	1
 618              		.global	NOS_WS2812B_Strip_SetBright
 619              		.syntax unified
 620              		.thumb
 621              		.thumb_func
 623              	NOS_WS2812B_Strip_SetBright:
 624              	.LVL65:
 625              	.LFB74:
  95:Core/Src/NOS_WS2812B_Strip.c **** 
  96:Core/Src/NOS_WS2812B_Strip.c **** void NOS_WS2812B_Strip_SetBright(WS2812B_Strip* strip,uint8_t bright)
  97:Core/Src/NOS_WS2812B_Strip.c **** {
 626              		.loc 1 97 1 is_stmt 1 view -0
 627              		.cfi_startproc
 628              		@ args = 0, pretend = 0, frame = 0
 629              		@ frame_needed = 0, uses_anonymous_args = 0
ARM GAS  C:\Users\igorn\AppData\Local\Temp\ccn0hSCq.s 			page 14


 630              		@ link register save eliminated.
  98:Core/Src/NOS_WS2812B_Strip.c ****     strip->bright = bright;
 631              		.loc 1 98 5 view .LVU149
 632              		.loc 1 98 19 is_stmt 0 view .LVU150
 633 0000 C160     		str	r1, [r0, #12]
  99:Core/Src/NOS_WS2812B_Strip.c **** }
 634              		.loc 1 99 1 view .LVU151
 635 0002 7047     		bx	lr
 636              		.cfi_endproc
 637              	.LFE74:
 639              		.text
 640              	.Letext0:
 641              		.file 2 "c:\\users\\igorn\\appdata\\roaming\\code\\user\\globalstorage\\bmd.stm32-for-vscode\\@xpa
 642              		.file 3 "c:\\users\\igorn\\appdata\\roaming\\code\\user\\globalstorage\\bmd.stm32-for-vscode\\@xpa
 643              		.file 4 "Core/Inc/NOS_Typedefs.h"
 644              		.file 5 "Core/Inc/NOS_BaseColors.h"
ARM GAS  C:\Users\igorn\AppData\Local\Temp\ccn0hSCq.s 			page 15


DEFINED SYMBOLS
                            *ABS*:00000000 NOS_WS2812B_Strip.c
C:\Users\igorn\AppData\Local\Temp\ccn0hSCq.s:19     .text.NOS_WS2812B_Strip_FullInit:00000000 $t
C:\Users\igorn\AppData\Local\Temp\ccn0hSCq.s:25     .text.NOS_WS2812B_Strip_FullInit:00000000 NOS_WS2812B_Strip_FullInit
C:\Users\igorn\AppData\Local\Temp\ccn0hSCq.s:58     .text.NOS_WS2812B_Strip_CoreSetPixel:00000000 $t
C:\Users\igorn\AppData\Local\Temp\ccn0hSCq.s:64     .text.NOS_WS2812B_Strip_CoreSetPixel:00000000 NOS_WS2812B_Strip_CoreSetPixel
C:\Users\igorn\AppData\Local\Temp\ccn0hSCq.s:123    .text.NOS_WS2812B_Strip_SetPixel:00000000 $t
C:\Users\igorn\AppData\Local\Temp\ccn0hSCq.s:129    .text.NOS_WS2812B_Strip_SetPixel:00000000 NOS_WS2812B_Strip_SetPixel
C:\Users\igorn\AppData\Local\Temp\ccn0hSCq.s:188    .text.NOS_WS2812B_Strip_Clear:00000000 $t
C:\Users\igorn\AppData\Local\Temp\ccn0hSCq.s:194    .text.NOS_WS2812B_Strip_Clear:00000000 NOS_WS2812B_Strip_Clear
C:\Users\igorn\AppData\Local\Temp\ccn0hSCq.s:254    .text.NOS_WS2812B_Strip_Update:00000000 $t
C:\Users\igorn\AppData\Local\Temp\ccn0hSCq.s:260    .text.NOS_WS2812B_Strip_Update:00000000 NOS_WS2812B_Strip_Update
C:\Users\igorn\AppData\Local\Temp\ccn0hSCq.s:383    .text.NOS_WS2812B_Strip_Update:0000007c $d
C:\Users\igorn\AppData\Local\Temp\ccn0hSCq.s:388    .text.NOS_WS2812B_Strip_ColorFill:00000000 $t
C:\Users\igorn\AppData\Local\Temp\ccn0hSCq.s:394    .text.NOS_WS2812B_Strip_ColorFill:00000000 NOS_WS2812B_Strip_ColorFill
C:\Users\igorn\AppData\Local\Temp\ccn0hSCq.s:451    .text.NOS_WS2812B_Strip_SetPixelByRGB:00000000 $t
C:\Users\igorn\AppData\Local\Temp\ccn0hSCq.s:457    .text.NOS_WS2812B_Strip_SetPixelByRGB:00000000 NOS_WS2812B_Strip_SetPixelByRGB
C:\Users\igorn\AppData\Local\Temp\ccn0hSCq.s:496    .text.NOS_WS2812B_Strip_SetPixelByPixelColor:00000000 $t
C:\Users\igorn\AppData\Local\Temp\ccn0hSCq.s:502    .text.NOS_WS2812B_Strip_SetPixelByPixelColor:00000000 NOS_WS2812B_Strip_SetPixelByPixelColor
C:\Users\igorn\AppData\Local\Temp\ccn0hSCq.s:532    .text.NOS_WS2812B_Strip_TestFill:00000000 $t
C:\Users\igorn\AppData\Local\Temp\ccn0hSCq.s:538    .text.NOS_WS2812B_Strip_TestFill:00000000 NOS_WS2812B_Strip_TestFill
C:\Users\igorn\AppData\Local\Temp\ccn0hSCq.s:617    .text.NOS_WS2812B_Strip_SetBright:00000000 $t
C:\Users\igorn\AppData\Local\Temp\ccn0hSCq.s:623    .text.NOS_WS2812B_Strip_SetBright:00000000 NOS_WS2812B_Strip_SetBright

UNDEFINED SYMBOLS
__aeabi_i2f
__aeabi_fdiv
__aeabi_ui2f
__aeabi_fmul
__aeabi_f2uiz
NOS_GetBaseColor
