ARM GAS  C:\Users\igorn\AppData\Local\Temp\ccJnVUza.s 			page 1


   1              		.cpu cortex-m3
   2              		.arch armv7-m
   3              		.fpu softvfp
   4              		.eabi_attribute 20, 1
   5              		.eabi_attribute 21, 1
   6              		.eabi_attribute 23, 3
   7              		.eabi_attribute 24, 1
   8              		.eabi_attribute 25, 1
   9              		.eabi_attribute 26, 1
  10              		.eabi_attribute 30, 1
  11              		.eabi_attribute 34, 1
  12              		.eabi_attribute 18, 4
  13              		.file	"stm32f1xx_hal_msp.c"
  14              		.text
  15              	.Ltext0:
  16              		.cfi_sections	.debug_frame
  17              		.file 1 "Core/Src/stm32f1xx_hal_msp.c"
  18              		.section	.text.HAL_MspInit,"ax",%progbits
  19              		.align	1
  20              		.global	HAL_MspInit
  21              		.syntax unified
  22              		.thumb
  23              		.thumb_func
  25              	HAL_MspInit:
  26              	.LFB65:
   1:Core/Src/stm32f1xx_hal_msp.c **** /* USER CODE BEGIN Header */
   2:Core/Src/stm32f1xx_hal_msp.c **** /**
   3:Core/Src/stm32f1xx_hal_msp.c ****   ******************************************************************************
   4:Core/Src/stm32f1xx_hal_msp.c ****   * @file         stm32f1xx_hal_msp.c
   5:Core/Src/stm32f1xx_hal_msp.c ****   * @brief        This file provides code for the MSP Initialization
   6:Core/Src/stm32f1xx_hal_msp.c ****   *               and de-Initialization codes.
   7:Core/Src/stm32f1xx_hal_msp.c ****   ******************************************************************************
   8:Core/Src/stm32f1xx_hal_msp.c ****   * @attention
   9:Core/Src/stm32f1xx_hal_msp.c ****   *
  10:Core/Src/stm32f1xx_hal_msp.c ****   * Copyright (c) 2025 STMicroelectronics.
  11:Core/Src/stm32f1xx_hal_msp.c ****   * All rights reserved.
  12:Core/Src/stm32f1xx_hal_msp.c ****   *
  13:Core/Src/stm32f1xx_hal_msp.c ****   * This software is licensed under terms that can be found in the LICENSE file
  14:Core/Src/stm32f1xx_hal_msp.c ****   * in the root directory of this software component.
  15:Core/Src/stm32f1xx_hal_msp.c ****   * If no LICENSE file comes with this software, it is provided AS-IS.
  16:Core/Src/stm32f1xx_hal_msp.c ****   *
  17:Core/Src/stm32f1xx_hal_msp.c ****   ******************************************************************************
  18:Core/Src/stm32f1xx_hal_msp.c ****   */
  19:Core/Src/stm32f1xx_hal_msp.c **** /* USER CODE END Header */
  20:Core/Src/stm32f1xx_hal_msp.c **** 
  21:Core/Src/stm32f1xx_hal_msp.c **** /* Includes ------------------------------------------------------------------*/
  22:Core/Src/stm32f1xx_hal_msp.c **** #include "main.h"
  23:Core/Src/stm32f1xx_hal_msp.c **** 
  24:Core/Src/stm32f1xx_hal_msp.c **** /* USER CODE BEGIN Includes */
  25:Core/Src/stm32f1xx_hal_msp.c **** 
  26:Core/Src/stm32f1xx_hal_msp.c **** /* USER CODE END Includes */
  27:Core/Src/stm32f1xx_hal_msp.c **** 
  28:Core/Src/stm32f1xx_hal_msp.c **** /* Private typedef -----------------------------------------------------------*/
  29:Core/Src/stm32f1xx_hal_msp.c **** /* USER CODE BEGIN TD */
  30:Core/Src/stm32f1xx_hal_msp.c **** 
  31:Core/Src/stm32f1xx_hal_msp.c **** /* USER CODE END TD */
  32:Core/Src/stm32f1xx_hal_msp.c **** 
ARM GAS  C:\Users\igorn\AppData\Local\Temp\ccJnVUza.s 			page 2


  33:Core/Src/stm32f1xx_hal_msp.c **** /* Private define ------------------------------------------------------------*/
  34:Core/Src/stm32f1xx_hal_msp.c **** /* USER CODE BEGIN Define */
  35:Core/Src/stm32f1xx_hal_msp.c **** 
  36:Core/Src/stm32f1xx_hal_msp.c **** /* USER CODE END Define */
  37:Core/Src/stm32f1xx_hal_msp.c **** 
  38:Core/Src/stm32f1xx_hal_msp.c **** /* Private macro -------------------------------------------------------------*/
  39:Core/Src/stm32f1xx_hal_msp.c **** /* USER CODE BEGIN Macro */
  40:Core/Src/stm32f1xx_hal_msp.c **** 
  41:Core/Src/stm32f1xx_hal_msp.c **** /* USER CODE END Macro */
  42:Core/Src/stm32f1xx_hal_msp.c **** 
  43:Core/Src/stm32f1xx_hal_msp.c **** /* Private variables ---------------------------------------------------------*/
  44:Core/Src/stm32f1xx_hal_msp.c **** /* USER CODE BEGIN PV */
  45:Core/Src/stm32f1xx_hal_msp.c **** 
  46:Core/Src/stm32f1xx_hal_msp.c **** /* USER CODE END PV */
  47:Core/Src/stm32f1xx_hal_msp.c **** 
  48:Core/Src/stm32f1xx_hal_msp.c **** /* Private function prototypes -----------------------------------------------*/
  49:Core/Src/stm32f1xx_hal_msp.c **** /* USER CODE BEGIN PFP */
  50:Core/Src/stm32f1xx_hal_msp.c **** 
  51:Core/Src/stm32f1xx_hal_msp.c **** /* USER CODE END PFP */
  52:Core/Src/stm32f1xx_hal_msp.c **** 
  53:Core/Src/stm32f1xx_hal_msp.c **** /* External functions --------------------------------------------------------*/
  54:Core/Src/stm32f1xx_hal_msp.c **** /* USER CODE BEGIN ExternalFunctions */
  55:Core/Src/stm32f1xx_hal_msp.c **** 
  56:Core/Src/stm32f1xx_hal_msp.c **** /* USER CODE END ExternalFunctions */
  57:Core/Src/stm32f1xx_hal_msp.c **** 
  58:Core/Src/stm32f1xx_hal_msp.c **** /* USER CODE BEGIN 0 */
  59:Core/Src/stm32f1xx_hal_msp.c **** 
  60:Core/Src/stm32f1xx_hal_msp.c **** /* USER CODE END 0 */
  61:Core/Src/stm32f1xx_hal_msp.c **** /**
  62:Core/Src/stm32f1xx_hal_msp.c ****   * Initializes the Global MSP.
  63:Core/Src/stm32f1xx_hal_msp.c ****   */
  64:Core/Src/stm32f1xx_hal_msp.c **** void HAL_MspInit(void)
  65:Core/Src/stm32f1xx_hal_msp.c **** {
  27              		.loc 1 65 1 view -0
  28              		.cfi_startproc
  29              		@ args = 0, pretend = 0, frame = 8
  30              		@ frame_needed = 0, uses_anonymous_args = 0
  31              		@ link register save eliminated.
  32 0000 82B0     		sub	sp, sp, #8
  33              		.cfi_def_cfa_offset 8
  66:Core/Src/stm32f1xx_hal_msp.c ****   /* USER CODE BEGIN MspInit 0 */
  67:Core/Src/stm32f1xx_hal_msp.c **** 
  68:Core/Src/stm32f1xx_hal_msp.c ****   /* USER CODE END MspInit 0 */
  69:Core/Src/stm32f1xx_hal_msp.c **** 
  70:Core/Src/stm32f1xx_hal_msp.c ****   __HAL_RCC_AFIO_CLK_ENABLE();
  34              		.loc 1 70 3 view .LVU1
  35              	.LBB2:
  36              		.loc 1 70 3 view .LVU2
  37              		.loc 1 70 3 view .LVU3
  38 0002 0E4B     		ldr	r3, .L3
  39 0004 9A69     		ldr	r2, [r3, #24]
  40 0006 42F00102 		orr	r2, r2, #1
  41 000a 9A61     		str	r2, [r3, #24]
  42              		.loc 1 70 3 view .LVU4
  43 000c 9A69     		ldr	r2, [r3, #24]
  44 000e 02F00102 		and	r2, r2, #1
  45 0012 0092     		str	r2, [sp]
ARM GAS  C:\Users\igorn\AppData\Local\Temp\ccJnVUza.s 			page 3


  46              		.loc 1 70 3 view .LVU5
  47 0014 009A     		ldr	r2, [sp]
  48              	.LBE2:
  49              		.loc 1 70 3 view .LVU6
  71:Core/Src/stm32f1xx_hal_msp.c ****   __HAL_RCC_PWR_CLK_ENABLE();
  50              		.loc 1 71 3 view .LVU7
  51              	.LBB3:
  52              		.loc 1 71 3 view .LVU8
  53              		.loc 1 71 3 view .LVU9
  54 0016 DA69     		ldr	r2, [r3, #28]
  55 0018 42F08052 		orr	r2, r2, #268435456
  56 001c DA61     		str	r2, [r3, #28]
  57              		.loc 1 71 3 view .LVU10
  58 001e DB69     		ldr	r3, [r3, #28]
  59 0020 03F08053 		and	r3, r3, #268435456
  60 0024 0193     		str	r3, [sp, #4]
  61              		.loc 1 71 3 view .LVU11
  62 0026 019B     		ldr	r3, [sp, #4]
  63              	.LBE3:
  64              		.loc 1 71 3 view .LVU12
  72:Core/Src/stm32f1xx_hal_msp.c **** 
  73:Core/Src/stm32f1xx_hal_msp.c ****   /* System interrupt init*/
  74:Core/Src/stm32f1xx_hal_msp.c **** 
  75:Core/Src/stm32f1xx_hal_msp.c ****   /** NOJTAG: JTAG-DP Disabled and SW-DP Enabled
  76:Core/Src/stm32f1xx_hal_msp.c ****   */
  77:Core/Src/stm32f1xx_hal_msp.c ****   __HAL_AFIO_REMAP_SWJ_NOJTAG();
  65              		.loc 1 77 3 view .LVU13
  66              	.LBB4:
  67              		.loc 1 77 3 view .LVU14
  68 0028 054A     		ldr	r2, .L3+4
  69 002a 5368     		ldr	r3, [r2, #4]
  70              	.LVL0:
  71              		.loc 1 77 3 view .LVU15
  72 002c 23F0E063 		bic	r3, r3, #117440512
  73              	.LVL1:
  74              		.loc 1 77 3 view .LVU16
  75 0030 43F00073 		orr	r3, r3, #33554432
  76              	.LVL2:
  77              		.loc 1 77 3 view .LVU17
  78 0034 5360     		str	r3, [r2, #4]
  79              	.LBE4:
  80              		.loc 1 77 3 view .LVU18
  78:Core/Src/stm32f1xx_hal_msp.c **** 
  79:Core/Src/stm32f1xx_hal_msp.c ****   /* USER CODE BEGIN MspInit 1 */
  80:Core/Src/stm32f1xx_hal_msp.c **** 
  81:Core/Src/stm32f1xx_hal_msp.c ****   /* USER CODE END MspInit 1 */
  82:Core/Src/stm32f1xx_hal_msp.c **** }
  81              		.loc 1 82 1 is_stmt 0 view .LVU19
  82 0036 02B0     		add	sp, sp, #8
  83              		.cfi_def_cfa_offset 0
  84              		@ sp needed
  85 0038 7047     		bx	lr
  86              	.L4:
  87 003a 00BF     		.align	2
  88              	.L3:
  89 003c 00100240 		.word	1073876992
  90 0040 00000140 		.word	1073807360
ARM GAS  C:\Users\igorn\AppData\Local\Temp\ccJnVUza.s 			page 4


  91              		.cfi_endproc
  92              	.LFE65:
  94              		.section	.text.HAL_SPI_MspInit,"ax",%progbits
  95              		.align	1
  96              		.global	HAL_SPI_MspInit
  97              		.syntax unified
  98              		.thumb
  99              		.thumb_func
 101              	HAL_SPI_MspInit:
 102              	.LVL3:
 103              	.LFB66:
  83:Core/Src/stm32f1xx_hal_msp.c **** 
  84:Core/Src/stm32f1xx_hal_msp.c **** /**
  85:Core/Src/stm32f1xx_hal_msp.c **** * @brief SPI MSP Initialization
  86:Core/Src/stm32f1xx_hal_msp.c **** * This function configures the hardware resources used in this example
  87:Core/Src/stm32f1xx_hal_msp.c **** * @param hspi: SPI handle pointer
  88:Core/Src/stm32f1xx_hal_msp.c **** * @retval None
  89:Core/Src/stm32f1xx_hal_msp.c **** */
  90:Core/Src/stm32f1xx_hal_msp.c **** void HAL_SPI_MspInit(SPI_HandleTypeDef* hspi)
  91:Core/Src/stm32f1xx_hal_msp.c **** {
 104              		.loc 1 91 1 is_stmt 1 view -0
 105              		.cfi_startproc
 106              		@ args = 0, pretend = 0, frame = 24
 107              		@ frame_needed = 0, uses_anonymous_args = 0
 108              		.loc 1 91 1 is_stmt 0 view .LVU21
 109 0000 30B5     		push	{r4, r5, lr}
 110              		.cfi_def_cfa_offset 12
 111              		.cfi_offset 4, -12
 112              		.cfi_offset 5, -8
 113              		.cfi_offset 14, -4
 114 0002 87B0     		sub	sp, sp, #28
 115              		.cfi_def_cfa_offset 40
  92:Core/Src/stm32f1xx_hal_msp.c ****   GPIO_InitTypeDef GPIO_InitStruct = {0};
 116              		.loc 1 92 3 is_stmt 1 view .LVU22
 117              		.loc 1 92 20 is_stmt 0 view .LVU23
 118 0004 0023     		movs	r3, #0
 119 0006 0293     		str	r3, [sp, #8]
 120 0008 0393     		str	r3, [sp, #12]
 121 000a 0493     		str	r3, [sp, #16]
 122 000c 0593     		str	r3, [sp, #20]
  93:Core/Src/stm32f1xx_hal_msp.c ****   if(hspi->Instance==SPI2)
 123              		.loc 1 93 3 is_stmt 1 view .LVU24
 124              		.loc 1 93 10 is_stmt 0 view .LVU25
 125 000e 0268     		ldr	r2, [r0]
 126              		.loc 1 93 5 view .LVU26
 127 0010 1B4B     		ldr	r3, .L9
 128 0012 9A42     		cmp	r2, r3
 129 0014 01D0     		beq	.L8
 130              	.LVL4:
 131              	.L5:
  94:Core/Src/stm32f1xx_hal_msp.c ****   {
  95:Core/Src/stm32f1xx_hal_msp.c ****   /* USER CODE BEGIN SPI2_MspInit 0 */
  96:Core/Src/stm32f1xx_hal_msp.c **** 
  97:Core/Src/stm32f1xx_hal_msp.c ****   /* USER CODE END SPI2_MspInit 0 */
  98:Core/Src/stm32f1xx_hal_msp.c ****     /* Peripheral clock enable */
  99:Core/Src/stm32f1xx_hal_msp.c ****     __HAL_RCC_SPI2_CLK_ENABLE();
 100:Core/Src/stm32f1xx_hal_msp.c **** 
ARM GAS  C:\Users\igorn\AppData\Local\Temp\ccJnVUza.s 			page 5


 101:Core/Src/stm32f1xx_hal_msp.c ****     __HAL_RCC_GPIOB_CLK_ENABLE();
 102:Core/Src/stm32f1xx_hal_msp.c ****     /**SPI2 GPIO Configuration
 103:Core/Src/stm32f1xx_hal_msp.c ****     PB13     ------> SPI2_SCK
 104:Core/Src/stm32f1xx_hal_msp.c ****     PB14     ------> SPI2_MISO
 105:Core/Src/stm32f1xx_hal_msp.c ****     PB15     ------> SPI2_MOSI
 106:Core/Src/stm32f1xx_hal_msp.c ****     */
 107:Core/Src/stm32f1xx_hal_msp.c ****     GPIO_InitStruct.Pin = GPIO_PIN_13|GPIO_PIN_15;
 108:Core/Src/stm32f1xx_hal_msp.c ****     GPIO_InitStruct.Mode = GPIO_MODE_AF_PP;
 109:Core/Src/stm32f1xx_hal_msp.c ****     GPIO_InitStruct.Speed = GPIO_SPEED_FREQ_HIGH;
 110:Core/Src/stm32f1xx_hal_msp.c ****     HAL_GPIO_Init(GPIOB, &GPIO_InitStruct);
 111:Core/Src/stm32f1xx_hal_msp.c **** 
 112:Core/Src/stm32f1xx_hal_msp.c ****     GPIO_InitStruct.Pin = GPIO_PIN_14;
 113:Core/Src/stm32f1xx_hal_msp.c ****     GPIO_InitStruct.Mode = GPIO_MODE_INPUT;
 114:Core/Src/stm32f1xx_hal_msp.c ****     GPIO_InitStruct.Pull = GPIO_NOPULL;
 115:Core/Src/stm32f1xx_hal_msp.c ****     HAL_GPIO_Init(GPIOB, &GPIO_InitStruct);
 116:Core/Src/stm32f1xx_hal_msp.c **** 
 117:Core/Src/stm32f1xx_hal_msp.c ****     /* SPI2 interrupt Init */
 118:Core/Src/stm32f1xx_hal_msp.c ****     HAL_NVIC_SetPriority(SPI2_IRQn, 0, 0);
 119:Core/Src/stm32f1xx_hal_msp.c ****     HAL_NVIC_EnableIRQ(SPI2_IRQn);
 120:Core/Src/stm32f1xx_hal_msp.c ****   /* USER CODE BEGIN SPI2_MspInit 1 */
 121:Core/Src/stm32f1xx_hal_msp.c **** 
 122:Core/Src/stm32f1xx_hal_msp.c ****   /* USER CODE END SPI2_MspInit 1 */
 123:Core/Src/stm32f1xx_hal_msp.c ****   }
 124:Core/Src/stm32f1xx_hal_msp.c **** 
 125:Core/Src/stm32f1xx_hal_msp.c **** }
 132              		.loc 1 125 1 view .LVU27
 133 0016 07B0     		add	sp, sp, #28
 134              		.cfi_remember_state
 135              		.cfi_def_cfa_offset 12
 136              		@ sp needed
 137 0018 30BD     		pop	{r4, r5, pc}
 138              	.LVL5:
 139              	.L8:
 140              		.cfi_restore_state
  99:Core/Src/stm32f1xx_hal_msp.c **** 
 141              		.loc 1 99 5 is_stmt 1 view .LVU28
 142              	.LBB5:
  99:Core/Src/stm32f1xx_hal_msp.c **** 
 143              		.loc 1 99 5 view .LVU29
  99:Core/Src/stm32f1xx_hal_msp.c **** 
 144              		.loc 1 99 5 view .LVU30
 145 001a 03F5EC33 		add	r3, r3, #120832
 146 001e DA69     		ldr	r2, [r3, #28]
 147 0020 42F48042 		orr	r2, r2, #16384
 148 0024 DA61     		str	r2, [r3, #28]
  99:Core/Src/stm32f1xx_hal_msp.c **** 
 149              		.loc 1 99 5 view .LVU31
 150 0026 DA69     		ldr	r2, [r3, #28]
 151 0028 02F48042 		and	r2, r2, #16384
 152 002c 0092     		str	r2, [sp]
  99:Core/Src/stm32f1xx_hal_msp.c **** 
 153              		.loc 1 99 5 view .LVU32
 154 002e 009A     		ldr	r2, [sp]
 155              	.LBE5:
  99:Core/Src/stm32f1xx_hal_msp.c **** 
 156              		.loc 1 99 5 view .LVU33
 101:Core/Src/stm32f1xx_hal_msp.c ****     /**SPI2 GPIO Configuration
ARM GAS  C:\Users\igorn\AppData\Local\Temp\ccJnVUza.s 			page 6


 157              		.loc 1 101 5 view .LVU34
 158              	.LBB6:
 101:Core/Src/stm32f1xx_hal_msp.c ****     /**SPI2 GPIO Configuration
 159              		.loc 1 101 5 view .LVU35
 101:Core/Src/stm32f1xx_hal_msp.c ****     /**SPI2 GPIO Configuration
 160              		.loc 1 101 5 view .LVU36
 161 0030 9A69     		ldr	r2, [r3, #24]
 162 0032 42F00802 		orr	r2, r2, #8
 163 0036 9A61     		str	r2, [r3, #24]
 101:Core/Src/stm32f1xx_hal_msp.c ****     /**SPI2 GPIO Configuration
 164              		.loc 1 101 5 view .LVU37
 165 0038 9B69     		ldr	r3, [r3, #24]
 166 003a 03F00803 		and	r3, r3, #8
 167 003e 0193     		str	r3, [sp, #4]
 101:Core/Src/stm32f1xx_hal_msp.c ****     /**SPI2 GPIO Configuration
 168              		.loc 1 101 5 view .LVU38
 169 0040 019B     		ldr	r3, [sp, #4]
 170              	.LBE6:
 101:Core/Src/stm32f1xx_hal_msp.c ****     /**SPI2 GPIO Configuration
 171              		.loc 1 101 5 view .LVU39
 107:Core/Src/stm32f1xx_hal_msp.c ****     GPIO_InitStruct.Mode = GPIO_MODE_AF_PP;
 172              		.loc 1 107 5 view .LVU40
 107:Core/Src/stm32f1xx_hal_msp.c ****     GPIO_InitStruct.Mode = GPIO_MODE_AF_PP;
 173              		.loc 1 107 25 is_stmt 0 view .LVU41
 174 0042 4FF42043 		mov	r3, #40960
 175 0046 0293     		str	r3, [sp, #8]
 108:Core/Src/stm32f1xx_hal_msp.c ****     GPIO_InitStruct.Speed = GPIO_SPEED_FREQ_HIGH;
 176              		.loc 1 108 5 is_stmt 1 view .LVU42
 108:Core/Src/stm32f1xx_hal_msp.c ****     GPIO_InitStruct.Speed = GPIO_SPEED_FREQ_HIGH;
 177              		.loc 1 108 26 is_stmt 0 view .LVU43
 178 0048 0223     		movs	r3, #2
 179 004a 0393     		str	r3, [sp, #12]
 109:Core/Src/stm32f1xx_hal_msp.c ****     HAL_GPIO_Init(GPIOB, &GPIO_InitStruct);
 180              		.loc 1 109 5 is_stmt 1 view .LVU44
 109:Core/Src/stm32f1xx_hal_msp.c ****     HAL_GPIO_Init(GPIOB, &GPIO_InitStruct);
 181              		.loc 1 109 27 is_stmt 0 view .LVU45
 182 004c 0323     		movs	r3, #3
 183 004e 0593     		str	r3, [sp, #20]
 110:Core/Src/stm32f1xx_hal_msp.c **** 
 184              		.loc 1 110 5 is_stmt 1 view .LVU46
 185 0050 0C4D     		ldr	r5, .L9+4
 186 0052 02A9     		add	r1, sp, #8
 187 0054 2846     		mov	r0, r5
 188              	.LVL6:
 110:Core/Src/stm32f1xx_hal_msp.c **** 
 189              		.loc 1 110 5 is_stmt 0 view .LVU47
 190 0056 FFF7FEFF 		bl	HAL_GPIO_Init
 191              	.LVL7:
 112:Core/Src/stm32f1xx_hal_msp.c ****     GPIO_InitStruct.Mode = GPIO_MODE_INPUT;
 192              		.loc 1 112 5 is_stmt 1 view .LVU48
 112:Core/Src/stm32f1xx_hal_msp.c ****     GPIO_InitStruct.Mode = GPIO_MODE_INPUT;
 193              		.loc 1 112 25 is_stmt 0 view .LVU49
 194 005a 4FF48043 		mov	r3, #16384
 195 005e 0293     		str	r3, [sp, #8]
 113:Core/Src/stm32f1xx_hal_msp.c ****     GPIO_InitStruct.Pull = GPIO_NOPULL;
 196              		.loc 1 113 5 is_stmt 1 view .LVU50
 113:Core/Src/stm32f1xx_hal_msp.c ****     GPIO_InitStruct.Pull = GPIO_NOPULL;
ARM GAS  C:\Users\igorn\AppData\Local\Temp\ccJnVUza.s 			page 7


 197              		.loc 1 113 26 is_stmt 0 view .LVU51
 198 0060 0024     		movs	r4, #0
 199 0062 0394     		str	r4, [sp, #12]
 114:Core/Src/stm32f1xx_hal_msp.c ****     HAL_GPIO_Init(GPIOB, &GPIO_InitStruct);
 200              		.loc 1 114 5 is_stmt 1 view .LVU52
 114:Core/Src/stm32f1xx_hal_msp.c ****     HAL_GPIO_Init(GPIOB, &GPIO_InitStruct);
 201              		.loc 1 114 26 is_stmt 0 view .LVU53
 202 0064 0494     		str	r4, [sp, #16]
 115:Core/Src/stm32f1xx_hal_msp.c **** 
 203              		.loc 1 115 5 is_stmt 1 view .LVU54
 204 0066 02A9     		add	r1, sp, #8
 205 0068 2846     		mov	r0, r5
 206 006a FFF7FEFF 		bl	HAL_GPIO_Init
 207              	.LVL8:
 118:Core/Src/stm32f1xx_hal_msp.c ****     HAL_NVIC_EnableIRQ(SPI2_IRQn);
 208              		.loc 1 118 5 view .LVU55
 209 006e 2246     		mov	r2, r4
 210 0070 2146     		mov	r1, r4
 211 0072 2420     		movs	r0, #36
 212 0074 FFF7FEFF 		bl	HAL_NVIC_SetPriority
 213              	.LVL9:
 119:Core/Src/stm32f1xx_hal_msp.c ****   /* USER CODE BEGIN SPI2_MspInit 1 */
 214              		.loc 1 119 5 view .LVU56
 215 0078 2420     		movs	r0, #36
 216 007a FFF7FEFF 		bl	HAL_NVIC_EnableIRQ
 217              	.LVL10:
 218              		.loc 1 125 1 is_stmt 0 view .LVU57
 219 007e CAE7     		b	.L5
 220              	.L10:
 221              		.align	2
 222              	.L9:
 223 0080 00380040 		.word	1073756160
 224 0084 000C0140 		.word	1073810432
 225              		.cfi_endproc
 226              	.LFE66:
 228              		.section	.text.HAL_SPI_MspDeInit,"ax",%progbits
 229              		.align	1
 230              		.global	HAL_SPI_MspDeInit
 231              		.syntax unified
 232              		.thumb
 233              		.thumb_func
 235              	HAL_SPI_MspDeInit:
 236              	.LVL11:
 237              	.LFB67:
 126:Core/Src/stm32f1xx_hal_msp.c **** 
 127:Core/Src/stm32f1xx_hal_msp.c **** /**
 128:Core/Src/stm32f1xx_hal_msp.c **** * @brief SPI MSP De-Initialization
 129:Core/Src/stm32f1xx_hal_msp.c **** * This function freeze the hardware resources used in this example
 130:Core/Src/stm32f1xx_hal_msp.c **** * @param hspi: SPI handle pointer
 131:Core/Src/stm32f1xx_hal_msp.c **** * @retval None
 132:Core/Src/stm32f1xx_hal_msp.c **** */
 133:Core/Src/stm32f1xx_hal_msp.c **** void HAL_SPI_MspDeInit(SPI_HandleTypeDef* hspi)
 134:Core/Src/stm32f1xx_hal_msp.c **** {
 238              		.loc 1 134 1 is_stmt 1 view -0
 239              		.cfi_startproc
 240              		@ args = 0, pretend = 0, frame = 0
 241              		@ frame_needed = 0, uses_anonymous_args = 0
ARM GAS  C:\Users\igorn\AppData\Local\Temp\ccJnVUza.s 			page 8


 242              		.loc 1 134 1 is_stmt 0 view .LVU59
 243 0000 08B5     		push	{r3, lr}
 244              		.cfi_def_cfa_offset 8
 245              		.cfi_offset 3, -8
 246              		.cfi_offset 14, -4
 135:Core/Src/stm32f1xx_hal_msp.c ****   if(hspi->Instance==SPI2)
 247              		.loc 1 135 3 is_stmt 1 view .LVU60
 248              		.loc 1 135 10 is_stmt 0 view .LVU61
 249 0002 0268     		ldr	r2, [r0]
 250              		.loc 1 135 5 view .LVU62
 251 0004 084B     		ldr	r3, .L15
 252 0006 9A42     		cmp	r2, r3
 253 0008 00D0     		beq	.L14
 254              	.LVL12:
 255              	.L11:
 136:Core/Src/stm32f1xx_hal_msp.c ****   {
 137:Core/Src/stm32f1xx_hal_msp.c ****   /* USER CODE BEGIN SPI2_MspDeInit 0 */
 138:Core/Src/stm32f1xx_hal_msp.c **** 
 139:Core/Src/stm32f1xx_hal_msp.c ****   /* USER CODE END SPI2_MspDeInit 0 */
 140:Core/Src/stm32f1xx_hal_msp.c ****     /* Peripheral clock disable */
 141:Core/Src/stm32f1xx_hal_msp.c ****     __HAL_RCC_SPI2_CLK_DISABLE();
 142:Core/Src/stm32f1xx_hal_msp.c **** 
 143:Core/Src/stm32f1xx_hal_msp.c ****     /**SPI2 GPIO Configuration
 144:Core/Src/stm32f1xx_hal_msp.c ****     PB13     ------> SPI2_SCK
 145:Core/Src/stm32f1xx_hal_msp.c ****     PB14     ------> SPI2_MISO
 146:Core/Src/stm32f1xx_hal_msp.c ****     PB15     ------> SPI2_MOSI
 147:Core/Src/stm32f1xx_hal_msp.c ****     */
 148:Core/Src/stm32f1xx_hal_msp.c ****     HAL_GPIO_DeInit(GPIOB, GPIO_PIN_13|GPIO_PIN_14|GPIO_PIN_15);
 149:Core/Src/stm32f1xx_hal_msp.c **** 
 150:Core/Src/stm32f1xx_hal_msp.c ****     /* SPI2 interrupt DeInit */
 151:Core/Src/stm32f1xx_hal_msp.c ****     HAL_NVIC_DisableIRQ(SPI2_IRQn);
 152:Core/Src/stm32f1xx_hal_msp.c ****   /* USER CODE BEGIN SPI2_MspDeInit 1 */
 153:Core/Src/stm32f1xx_hal_msp.c **** 
 154:Core/Src/stm32f1xx_hal_msp.c ****   /* USER CODE END SPI2_MspDeInit 1 */
 155:Core/Src/stm32f1xx_hal_msp.c ****   }
 156:Core/Src/stm32f1xx_hal_msp.c **** 
 157:Core/Src/stm32f1xx_hal_msp.c **** }
 256              		.loc 1 157 1 view .LVU63
 257 000a 08BD     		pop	{r3, pc}
 258              	.LVL13:
 259              	.L14:
 141:Core/Src/stm32f1xx_hal_msp.c **** 
 260              		.loc 1 141 5 is_stmt 1 view .LVU64
 261 000c 074A     		ldr	r2, .L15+4
 262 000e D369     		ldr	r3, [r2, #28]
 263 0010 23F48043 		bic	r3, r3, #16384
 264 0014 D361     		str	r3, [r2, #28]
 148:Core/Src/stm32f1xx_hal_msp.c **** 
 265              		.loc 1 148 5 view .LVU65
 266 0016 4FF46041 		mov	r1, #57344
 267 001a 0548     		ldr	r0, .L15+8
 268              	.LVL14:
 148:Core/Src/stm32f1xx_hal_msp.c **** 
 269              		.loc 1 148 5 is_stmt 0 view .LVU66
 270 001c FFF7FEFF 		bl	HAL_GPIO_DeInit
 271              	.LVL15:
 151:Core/Src/stm32f1xx_hal_msp.c ****   /* USER CODE BEGIN SPI2_MspDeInit 1 */
ARM GAS  C:\Users\igorn\AppData\Local\Temp\ccJnVUza.s 			page 9


 272              		.loc 1 151 5 is_stmt 1 view .LVU67
 273 0020 2420     		movs	r0, #36
 274 0022 FFF7FEFF 		bl	HAL_NVIC_DisableIRQ
 275              	.LVL16:
 276              		.loc 1 157 1 is_stmt 0 view .LVU68
 277 0026 F0E7     		b	.L11
 278              	.L16:
 279              		.align	2
 280              	.L15:
 281 0028 00380040 		.word	1073756160
 282 002c 00100240 		.word	1073876992
 283 0030 000C0140 		.word	1073810432
 284              		.cfi_endproc
 285              	.LFE67:
 287              		.section	.text.HAL_TIM_OC_MspInit,"ax",%progbits
 288              		.align	1
 289              		.global	HAL_TIM_OC_MspInit
 290              		.syntax unified
 291              		.thumb
 292              		.thumb_func
 294              	HAL_TIM_OC_MspInit:
 295              	.LVL17:
 296              	.LFB68:
 158:Core/Src/stm32f1xx_hal_msp.c **** 
 159:Core/Src/stm32f1xx_hal_msp.c **** /**
 160:Core/Src/stm32f1xx_hal_msp.c **** * @brief TIM_OC MSP Initialization
 161:Core/Src/stm32f1xx_hal_msp.c **** * This function configures the hardware resources used in this example
 162:Core/Src/stm32f1xx_hal_msp.c **** * @param htim_oc: TIM_OC handle pointer
 163:Core/Src/stm32f1xx_hal_msp.c **** * @retval None
 164:Core/Src/stm32f1xx_hal_msp.c **** */
 165:Core/Src/stm32f1xx_hal_msp.c **** void HAL_TIM_OC_MspInit(TIM_HandleTypeDef* htim_oc)
 166:Core/Src/stm32f1xx_hal_msp.c **** {
 297              		.loc 1 166 1 is_stmt 1 view -0
 298              		.cfi_startproc
 299              		@ args = 0, pretend = 0, frame = 8
 300              		@ frame_needed = 0, uses_anonymous_args = 0
 301              		@ link register save eliminated.
 167:Core/Src/stm32f1xx_hal_msp.c ****   if(htim_oc->Instance==TIM4)
 302              		.loc 1 167 3 view .LVU70
 303              		.loc 1 167 13 is_stmt 0 view .LVU71
 304 0000 0268     		ldr	r2, [r0]
 305              		.loc 1 167 5 view .LVU72
 306 0002 094B     		ldr	r3, .L24
 307 0004 9A42     		cmp	r2, r3
 308 0006 00D0     		beq	.L23
 309 0008 7047     		bx	lr
 310              	.L23:
 166:Core/Src/stm32f1xx_hal_msp.c ****   if(htim_oc->Instance==TIM4)
 311              		.loc 1 166 1 view .LVU73
 312 000a 82B0     		sub	sp, sp, #8
 313              		.cfi_def_cfa_offset 8
 168:Core/Src/stm32f1xx_hal_msp.c ****   {
 169:Core/Src/stm32f1xx_hal_msp.c ****   /* USER CODE BEGIN TIM4_MspInit 0 */
 170:Core/Src/stm32f1xx_hal_msp.c **** 
 171:Core/Src/stm32f1xx_hal_msp.c ****   /* USER CODE END TIM4_MspInit 0 */
 172:Core/Src/stm32f1xx_hal_msp.c ****     /* Peripheral clock enable */
 173:Core/Src/stm32f1xx_hal_msp.c ****     __HAL_RCC_TIM4_CLK_ENABLE();
ARM GAS  C:\Users\igorn\AppData\Local\Temp\ccJnVUza.s 			page 10


 314              		.loc 1 173 5 is_stmt 1 view .LVU74
 315              	.LBB7:
 316              		.loc 1 173 5 view .LVU75
 317              		.loc 1 173 5 view .LVU76
 318 000c 03F50233 		add	r3, r3, #133120
 319 0010 DA69     		ldr	r2, [r3, #28]
 320 0012 42F00402 		orr	r2, r2, #4
 321 0016 DA61     		str	r2, [r3, #28]
 322              		.loc 1 173 5 view .LVU77
 323 0018 DB69     		ldr	r3, [r3, #28]
 324 001a 03F00403 		and	r3, r3, #4
 325 001e 0193     		str	r3, [sp, #4]
 326              		.loc 1 173 5 view .LVU78
 327 0020 019B     		ldr	r3, [sp, #4]
 328              	.LBE7:
 329              		.loc 1 173 5 view .LVU79
 174:Core/Src/stm32f1xx_hal_msp.c ****   /* USER CODE BEGIN TIM4_MspInit 1 */
 175:Core/Src/stm32f1xx_hal_msp.c **** 
 176:Core/Src/stm32f1xx_hal_msp.c ****   /* USER CODE END TIM4_MspInit 1 */
 177:Core/Src/stm32f1xx_hal_msp.c ****   }
 178:Core/Src/stm32f1xx_hal_msp.c **** 
 179:Core/Src/stm32f1xx_hal_msp.c **** }
 330              		.loc 1 179 1 is_stmt 0 view .LVU80
 331 0022 02B0     		add	sp, sp, #8
 332              		.cfi_def_cfa_offset 0
 333              		@ sp needed
 334 0024 7047     		bx	lr
 335              	.L25:
 336 0026 00BF     		.align	2
 337              	.L24:
 338 0028 00080040 		.word	1073743872
 339              		.cfi_endproc
 340              	.LFE68:
 342              		.section	.text.HAL_TIM_OC_MspDeInit,"ax",%progbits
 343              		.align	1
 344              		.global	HAL_TIM_OC_MspDeInit
 345              		.syntax unified
 346              		.thumb
 347              		.thumb_func
 349              	HAL_TIM_OC_MspDeInit:
 350              	.LVL18:
 351              	.LFB69:
 180:Core/Src/stm32f1xx_hal_msp.c **** 
 181:Core/Src/stm32f1xx_hal_msp.c **** /**
 182:Core/Src/stm32f1xx_hal_msp.c **** * @brief TIM_OC MSP De-Initialization
 183:Core/Src/stm32f1xx_hal_msp.c **** * This function freeze the hardware resources used in this example
 184:Core/Src/stm32f1xx_hal_msp.c **** * @param htim_oc: TIM_OC handle pointer
 185:Core/Src/stm32f1xx_hal_msp.c **** * @retval None
 186:Core/Src/stm32f1xx_hal_msp.c **** */
 187:Core/Src/stm32f1xx_hal_msp.c **** void HAL_TIM_OC_MspDeInit(TIM_HandleTypeDef* htim_oc)
 188:Core/Src/stm32f1xx_hal_msp.c **** {
 352              		.loc 1 188 1 is_stmt 1 view -0
 353              		.cfi_startproc
 354              		@ args = 0, pretend = 0, frame = 0
 355              		@ frame_needed = 0, uses_anonymous_args = 0
 356              		@ link register save eliminated.
 189:Core/Src/stm32f1xx_hal_msp.c ****   if(htim_oc->Instance==TIM4)
ARM GAS  C:\Users\igorn\AppData\Local\Temp\ccJnVUza.s 			page 11


 357              		.loc 1 189 3 view .LVU82
 358              		.loc 1 189 13 is_stmt 0 view .LVU83
 359 0000 0268     		ldr	r2, [r0]
 360              		.loc 1 189 5 view .LVU84
 361 0002 054B     		ldr	r3, .L29
 362 0004 9A42     		cmp	r2, r3
 363 0006 00D0     		beq	.L28
 364              	.L26:
 190:Core/Src/stm32f1xx_hal_msp.c ****   {
 191:Core/Src/stm32f1xx_hal_msp.c ****   /* USER CODE BEGIN TIM4_MspDeInit 0 */
 192:Core/Src/stm32f1xx_hal_msp.c **** 
 193:Core/Src/stm32f1xx_hal_msp.c ****   /* USER CODE END TIM4_MspDeInit 0 */
 194:Core/Src/stm32f1xx_hal_msp.c ****     /* Peripheral clock disable */
 195:Core/Src/stm32f1xx_hal_msp.c ****     __HAL_RCC_TIM4_CLK_DISABLE();
 196:Core/Src/stm32f1xx_hal_msp.c ****   /* USER CODE BEGIN TIM4_MspDeInit 1 */
 197:Core/Src/stm32f1xx_hal_msp.c **** 
 198:Core/Src/stm32f1xx_hal_msp.c ****   /* USER CODE END TIM4_MspDeInit 1 */
 199:Core/Src/stm32f1xx_hal_msp.c ****   }
 200:Core/Src/stm32f1xx_hal_msp.c **** 
 201:Core/Src/stm32f1xx_hal_msp.c **** }
 365              		.loc 1 201 1 view .LVU85
 366 0008 7047     		bx	lr
 367              	.L28:
 195:Core/Src/stm32f1xx_hal_msp.c ****   /* USER CODE BEGIN TIM4_MspDeInit 1 */
 368              		.loc 1 195 5 is_stmt 1 view .LVU86
 369 000a 044A     		ldr	r2, .L29+4
 370 000c D369     		ldr	r3, [r2, #28]
 371 000e 23F00403 		bic	r3, r3, #4
 372 0012 D361     		str	r3, [r2, #28]
 373              		.loc 1 201 1 is_stmt 0 view .LVU87
 374 0014 F8E7     		b	.L26
 375              	.L30:
 376 0016 00BF     		.align	2
 377              	.L29:
 378 0018 00080040 		.word	1073743872
 379 001c 00100240 		.word	1073876992
 380              		.cfi_endproc
 381              	.LFE69:
 383              		.section	.text.HAL_UART_MspInit,"ax",%progbits
 384              		.align	1
 385              		.global	HAL_UART_MspInit
 386              		.syntax unified
 387              		.thumb
 388              		.thumb_func
 390              	HAL_UART_MspInit:
 391              	.LVL19:
 392              	.LFB70:
 202:Core/Src/stm32f1xx_hal_msp.c **** 
 203:Core/Src/stm32f1xx_hal_msp.c **** /**
 204:Core/Src/stm32f1xx_hal_msp.c **** * @brief UART MSP Initialization
 205:Core/Src/stm32f1xx_hal_msp.c **** * This function configures the hardware resources used in this example
 206:Core/Src/stm32f1xx_hal_msp.c **** * @param huart: UART handle pointer
 207:Core/Src/stm32f1xx_hal_msp.c **** * @retval None
 208:Core/Src/stm32f1xx_hal_msp.c **** */
 209:Core/Src/stm32f1xx_hal_msp.c **** void HAL_UART_MspInit(UART_HandleTypeDef* huart)
 210:Core/Src/stm32f1xx_hal_msp.c **** {
 393              		.loc 1 210 1 is_stmt 1 view -0
ARM GAS  C:\Users\igorn\AppData\Local\Temp\ccJnVUza.s 			page 12


 394              		.cfi_startproc
 395              		@ args = 0, pretend = 0, frame = 32
 396              		@ frame_needed = 0, uses_anonymous_args = 0
 397              		.loc 1 210 1 is_stmt 0 view .LVU89
 398 0000 30B5     		push	{r4, r5, lr}
 399              		.cfi_def_cfa_offset 12
 400              		.cfi_offset 4, -12
 401              		.cfi_offset 5, -8
 402              		.cfi_offset 14, -4
 403 0002 89B0     		sub	sp, sp, #36
 404              		.cfi_def_cfa_offset 48
 211:Core/Src/stm32f1xx_hal_msp.c ****   GPIO_InitTypeDef GPIO_InitStruct = {0};
 405              		.loc 1 211 3 is_stmt 1 view .LVU90
 406              		.loc 1 211 20 is_stmt 0 view .LVU91
 407 0004 0023     		movs	r3, #0
 408 0006 0493     		str	r3, [sp, #16]
 409 0008 0593     		str	r3, [sp, #20]
 410 000a 0693     		str	r3, [sp, #24]
 411 000c 0793     		str	r3, [sp, #28]
 212:Core/Src/stm32f1xx_hal_msp.c ****   if(huart->Instance==USART1)
 412              		.loc 1 212 3 is_stmt 1 view .LVU92
 413              		.loc 1 212 11 is_stmt 0 view .LVU93
 414 000e 0368     		ldr	r3, [r0]
 415              		.loc 1 212 5 view .LVU94
 416 0010 344A     		ldr	r2, .L37
 417 0012 9342     		cmp	r3, r2
 418 0014 04D0     		beq	.L35
 213:Core/Src/stm32f1xx_hal_msp.c ****   {
 214:Core/Src/stm32f1xx_hal_msp.c ****   /* USER CODE BEGIN USART1_MspInit 0 */
 215:Core/Src/stm32f1xx_hal_msp.c **** 
 216:Core/Src/stm32f1xx_hal_msp.c ****   /* USER CODE END USART1_MspInit 0 */
 217:Core/Src/stm32f1xx_hal_msp.c ****     /* Peripheral clock enable */
 218:Core/Src/stm32f1xx_hal_msp.c ****     __HAL_RCC_USART1_CLK_ENABLE();
 219:Core/Src/stm32f1xx_hal_msp.c **** 
 220:Core/Src/stm32f1xx_hal_msp.c ****     __HAL_RCC_GPIOA_CLK_ENABLE();
 221:Core/Src/stm32f1xx_hal_msp.c ****     /**USART1 GPIO Configuration
 222:Core/Src/stm32f1xx_hal_msp.c ****     PA9     ------> USART1_TX
 223:Core/Src/stm32f1xx_hal_msp.c ****     PA10     ------> USART1_RX
 224:Core/Src/stm32f1xx_hal_msp.c ****     */
 225:Core/Src/stm32f1xx_hal_msp.c ****     GPIO_InitStruct.Pin = GPIO_PIN_9;
 226:Core/Src/stm32f1xx_hal_msp.c ****     GPIO_InitStruct.Mode = GPIO_MODE_AF_PP;
 227:Core/Src/stm32f1xx_hal_msp.c ****     GPIO_InitStruct.Speed = GPIO_SPEED_FREQ_HIGH;
 228:Core/Src/stm32f1xx_hal_msp.c ****     HAL_GPIO_Init(GPIOA, &GPIO_InitStruct);
 229:Core/Src/stm32f1xx_hal_msp.c **** 
 230:Core/Src/stm32f1xx_hal_msp.c ****     GPIO_InitStruct.Pin = GPIO_PIN_10;
 231:Core/Src/stm32f1xx_hal_msp.c ****     GPIO_InitStruct.Mode = GPIO_MODE_INPUT;
 232:Core/Src/stm32f1xx_hal_msp.c ****     GPIO_InitStruct.Pull = GPIO_NOPULL;
 233:Core/Src/stm32f1xx_hal_msp.c ****     HAL_GPIO_Init(GPIOA, &GPIO_InitStruct);
 234:Core/Src/stm32f1xx_hal_msp.c **** 
 235:Core/Src/stm32f1xx_hal_msp.c ****     /* USART1 interrupt Init */
 236:Core/Src/stm32f1xx_hal_msp.c ****     HAL_NVIC_SetPriority(USART1_IRQn, 0, 0);
 237:Core/Src/stm32f1xx_hal_msp.c ****     HAL_NVIC_EnableIRQ(USART1_IRQn);
 238:Core/Src/stm32f1xx_hal_msp.c ****   /* USER CODE BEGIN USART1_MspInit 1 */
 239:Core/Src/stm32f1xx_hal_msp.c **** 
 240:Core/Src/stm32f1xx_hal_msp.c ****   /* USER CODE END USART1_MspInit 1 */
 241:Core/Src/stm32f1xx_hal_msp.c ****   }
 242:Core/Src/stm32f1xx_hal_msp.c ****   else if(huart->Instance==USART2)
ARM GAS  C:\Users\igorn\AppData\Local\Temp\ccJnVUza.s 			page 13


 419              		.loc 1 242 8 is_stmt 1 view .LVU95
 420              		.loc 1 242 10 is_stmt 0 view .LVU96
 421 0016 344A     		ldr	r2, .L37+4
 422 0018 9342     		cmp	r3, r2
 423 001a 33D0     		beq	.L36
 424              	.LVL20:
 425              	.L31:
 243:Core/Src/stm32f1xx_hal_msp.c ****   {
 244:Core/Src/stm32f1xx_hal_msp.c ****   /* USER CODE BEGIN USART2_MspInit 0 */
 245:Core/Src/stm32f1xx_hal_msp.c **** 
 246:Core/Src/stm32f1xx_hal_msp.c ****   /* USER CODE END USART2_MspInit 0 */
 247:Core/Src/stm32f1xx_hal_msp.c ****     /* Peripheral clock enable */
 248:Core/Src/stm32f1xx_hal_msp.c ****     __HAL_RCC_USART2_CLK_ENABLE();
 249:Core/Src/stm32f1xx_hal_msp.c **** 
 250:Core/Src/stm32f1xx_hal_msp.c ****     __HAL_RCC_GPIOA_CLK_ENABLE();
 251:Core/Src/stm32f1xx_hal_msp.c ****     /**USART2 GPIO Configuration
 252:Core/Src/stm32f1xx_hal_msp.c ****     PA2     ------> USART2_TX
 253:Core/Src/stm32f1xx_hal_msp.c ****     PA3     ------> USART2_RX
 254:Core/Src/stm32f1xx_hal_msp.c ****     */
 255:Core/Src/stm32f1xx_hal_msp.c ****     GPIO_InitStruct.Pin = GPIO_PIN_2;
 256:Core/Src/stm32f1xx_hal_msp.c ****     GPIO_InitStruct.Mode = GPIO_MODE_AF_PP;
 257:Core/Src/stm32f1xx_hal_msp.c ****     GPIO_InitStruct.Speed = GPIO_SPEED_FREQ_HIGH;
 258:Core/Src/stm32f1xx_hal_msp.c ****     HAL_GPIO_Init(GPIOA, &GPIO_InitStruct);
 259:Core/Src/stm32f1xx_hal_msp.c **** 
 260:Core/Src/stm32f1xx_hal_msp.c ****     GPIO_InitStruct.Pin = GPIO_PIN_3;
 261:Core/Src/stm32f1xx_hal_msp.c ****     GPIO_InitStruct.Mode = GPIO_MODE_INPUT;
 262:Core/Src/stm32f1xx_hal_msp.c ****     GPIO_InitStruct.Pull = GPIO_NOPULL;
 263:Core/Src/stm32f1xx_hal_msp.c ****     HAL_GPIO_Init(GPIOA, &GPIO_InitStruct);
 264:Core/Src/stm32f1xx_hal_msp.c **** 
 265:Core/Src/stm32f1xx_hal_msp.c ****     /* USART2 interrupt Init */
 266:Core/Src/stm32f1xx_hal_msp.c ****     HAL_NVIC_SetPriority(USART2_IRQn, 0, 0);
 267:Core/Src/stm32f1xx_hal_msp.c ****     HAL_NVIC_EnableIRQ(USART2_IRQn);
 268:Core/Src/stm32f1xx_hal_msp.c ****   /* USER CODE BEGIN USART2_MspInit 1 */
 269:Core/Src/stm32f1xx_hal_msp.c **** 
 270:Core/Src/stm32f1xx_hal_msp.c ****   /* USER CODE END USART2_MspInit 1 */
 271:Core/Src/stm32f1xx_hal_msp.c ****   }
 272:Core/Src/stm32f1xx_hal_msp.c **** 
 273:Core/Src/stm32f1xx_hal_msp.c **** }
 426              		.loc 1 273 1 view .LVU97
 427 001c 09B0     		add	sp, sp, #36
 428              		.cfi_remember_state
 429              		.cfi_def_cfa_offset 12
 430              		@ sp needed
 431 001e 30BD     		pop	{r4, r5, pc}
 432              	.LVL21:
 433              	.L35:
 434              		.cfi_restore_state
 218:Core/Src/stm32f1xx_hal_msp.c **** 
 435              		.loc 1 218 5 is_stmt 1 view .LVU98
 436              	.LBB8:
 218:Core/Src/stm32f1xx_hal_msp.c **** 
 437              		.loc 1 218 5 view .LVU99
 218:Core/Src/stm32f1xx_hal_msp.c **** 
 438              		.loc 1 218 5 view .LVU100
 439 0020 324B     		ldr	r3, .L37+8
 440 0022 9A69     		ldr	r2, [r3, #24]
 441 0024 42F48042 		orr	r2, r2, #16384
ARM GAS  C:\Users\igorn\AppData\Local\Temp\ccJnVUza.s 			page 14


 442 0028 9A61     		str	r2, [r3, #24]
 218:Core/Src/stm32f1xx_hal_msp.c **** 
 443              		.loc 1 218 5 view .LVU101
 444 002a 9A69     		ldr	r2, [r3, #24]
 445 002c 02F48042 		and	r2, r2, #16384
 446 0030 0092     		str	r2, [sp]
 218:Core/Src/stm32f1xx_hal_msp.c **** 
 447              		.loc 1 218 5 view .LVU102
 448 0032 009A     		ldr	r2, [sp]
 449              	.LBE8:
 218:Core/Src/stm32f1xx_hal_msp.c **** 
 450              		.loc 1 218 5 view .LVU103
 220:Core/Src/stm32f1xx_hal_msp.c ****     /**USART1 GPIO Configuration
 451              		.loc 1 220 5 view .LVU104
 452              	.LBB9:
 220:Core/Src/stm32f1xx_hal_msp.c ****     /**USART1 GPIO Configuration
 453              		.loc 1 220 5 view .LVU105
 220:Core/Src/stm32f1xx_hal_msp.c ****     /**USART1 GPIO Configuration
 454              		.loc 1 220 5 view .LVU106
 455 0034 9A69     		ldr	r2, [r3, #24]
 456 0036 42F00402 		orr	r2, r2, #4
 457 003a 9A61     		str	r2, [r3, #24]
 220:Core/Src/stm32f1xx_hal_msp.c ****     /**USART1 GPIO Configuration
 458              		.loc 1 220 5 view .LVU107
 459 003c 9B69     		ldr	r3, [r3, #24]
 460 003e 03F00403 		and	r3, r3, #4
 461 0042 0193     		str	r3, [sp, #4]
 220:Core/Src/stm32f1xx_hal_msp.c ****     /**USART1 GPIO Configuration
 462              		.loc 1 220 5 view .LVU108
 463 0044 019B     		ldr	r3, [sp, #4]
 464              	.LBE9:
 220:Core/Src/stm32f1xx_hal_msp.c ****     /**USART1 GPIO Configuration
 465              		.loc 1 220 5 view .LVU109
 225:Core/Src/stm32f1xx_hal_msp.c ****     GPIO_InitStruct.Mode = GPIO_MODE_AF_PP;
 466              		.loc 1 225 5 view .LVU110
 225:Core/Src/stm32f1xx_hal_msp.c ****     GPIO_InitStruct.Mode = GPIO_MODE_AF_PP;
 467              		.loc 1 225 25 is_stmt 0 view .LVU111
 468 0046 4FF40073 		mov	r3, #512
 469 004a 0493     		str	r3, [sp, #16]
 226:Core/Src/stm32f1xx_hal_msp.c ****     GPIO_InitStruct.Speed = GPIO_SPEED_FREQ_HIGH;
 470              		.loc 1 226 5 is_stmt 1 view .LVU112
 226:Core/Src/stm32f1xx_hal_msp.c ****     GPIO_InitStruct.Speed = GPIO_SPEED_FREQ_HIGH;
 471              		.loc 1 226 26 is_stmt 0 view .LVU113
 472 004c 0223     		movs	r3, #2
 473 004e 0593     		str	r3, [sp, #20]
 227:Core/Src/stm32f1xx_hal_msp.c ****     HAL_GPIO_Init(GPIOA, &GPIO_InitStruct);
 474              		.loc 1 227 5 is_stmt 1 view .LVU114
 227:Core/Src/stm32f1xx_hal_msp.c ****     HAL_GPIO_Init(GPIOA, &GPIO_InitStruct);
 475              		.loc 1 227 27 is_stmt 0 view .LVU115
 476 0050 0323     		movs	r3, #3
 477 0052 0793     		str	r3, [sp, #28]
 228:Core/Src/stm32f1xx_hal_msp.c **** 
 478              		.loc 1 228 5 is_stmt 1 view .LVU116
 479 0054 264D     		ldr	r5, .L37+12
 480 0056 04A9     		add	r1, sp, #16
 481 0058 2846     		mov	r0, r5
 482              	.LVL22:
ARM GAS  C:\Users\igorn\AppData\Local\Temp\ccJnVUza.s 			page 15


 228:Core/Src/stm32f1xx_hal_msp.c **** 
 483              		.loc 1 228 5 is_stmt 0 view .LVU117
 484 005a FFF7FEFF 		bl	HAL_GPIO_Init
 485              	.LVL23:
 230:Core/Src/stm32f1xx_hal_msp.c ****     GPIO_InitStruct.Mode = GPIO_MODE_INPUT;
 486              		.loc 1 230 5 is_stmt 1 view .LVU118
 230:Core/Src/stm32f1xx_hal_msp.c ****     GPIO_InitStruct.Mode = GPIO_MODE_INPUT;
 487              		.loc 1 230 25 is_stmt 0 view .LVU119
 488 005e 4FF48063 		mov	r3, #1024
 489 0062 0493     		str	r3, [sp, #16]
 231:Core/Src/stm32f1xx_hal_msp.c ****     GPIO_InitStruct.Pull = GPIO_NOPULL;
 490              		.loc 1 231 5 is_stmt 1 view .LVU120
 231:Core/Src/stm32f1xx_hal_msp.c ****     GPIO_InitStruct.Pull = GPIO_NOPULL;
 491              		.loc 1 231 26 is_stmt 0 view .LVU121
 492 0064 0024     		movs	r4, #0
 493 0066 0594     		str	r4, [sp, #20]
 232:Core/Src/stm32f1xx_hal_msp.c ****     HAL_GPIO_Init(GPIOA, &GPIO_InitStruct);
 494              		.loc 1 232 5 is_stmt 1 view .LVU122
 232:Core/Src/stm32f1xx_hal_msp.c ****     HAL_GPIO_Init(GPIOA, &GPIO_InitStruct);
 495              		.loc 1 232 26 is_stmt 0 view .LVU123
 496 0068 0694     		str	r4, [sp, #24]
 233:Core/Src/stm32f1xx_hal_msp.c **** 
 497              		.loc 1 233 5 is_stmt 1 view .LVU124
 498 006a 04A9     		add	r1, sp, #16
 499 006c 2846     		mov	r0, r5
 500 006e FFF7FEFF 		bl	HAL_GPIO_Init
 501              	.LVL24:
 236:Core/Src/stm32f1xx_hal_msp.c ****     HAL_NVIC_EnableIRQ(USART1_IRQn);
 502              		.loc 1 236 5 view .LVU125
 503 0072 2246     		mov	r2, r4
 504 0074 2146     		mov	r1, r4
 505 0076 2520     		movs	r0, #37
 506 0078 FFF7FEFF 		bl	HAL_NVIC_SetPriority
 507              	.LVL25:
 237:Core/Src/stm32f1xx_hal_msp.c ****   /* USER CODE BEGIN USART1_MspInit 1 */
 508              		.loc 1 237 5 view .LVU126
 509 007c 2520     		movs	r0, #37
 510 007e FFF7FEFF 		bl	HAL_NVIC_EnableIRQ
 511              	.LVL26:
 512 0082 CBE7     		b	.L31
 513              	.LVL27:
 514              	.L36:
 248:Core/Src/stm32f1xx_hal_msp.c **** 
 515              		.loc 1 248 5 view .LVU127
 516              	.LBB10:
 248:Core/Src/stm32f1xx_hal_msp.c **** 
 517              		.loc 1 248 5 view .LVU128
 248:Core/Src/stm32f1xx_hal_msp.c **** 
 518              		.loc 1 248 5 view .LVU129
 519 0084 194B     		ldr	r3, .L37+8
 520 0086 DA69     		ldr	r2, [r3, #28]
 521 0088 42F40032 		orr	r2, r2, #131072
 522 008c DA61     		str	r2, [r3, #28]
 248:Core/Src/stm32f1xx_hal_msp.c **** 
 523              		.loc 1 248 5 view .LVU130
 524 008e DA69     		ldr	r2, [r3, #28]
 525 0090 02F40032 		and	r2, r2, #131072
ARM GAS  C:\Users\igorn\AppData\Local\Temp\ccJnVUza.s 			page 16


 526 0094 0292     		str	r2, [sp, #8]
 248:Core/Src/stm32f1xx_hal_msp.c **** 
 527              		.loc 1 248 5 view .LVU131
 528 0096 029A     		ldr	r2, [sp, #8]
 529              	.LBE10:
 248:Core/Src/stm32f1xx_hal_msp.c **** 
 530              		.loc 1 248 5 view .LVU132
 250:Core/Src/stm32f1xx_hal_msp.c ****     /**USART2 GPIO Configuration
 531              		.loc 1 250 5 view .LVU133
 532              	.LBB11:
 250:Core/Src/stm32f1xx_hal_msp.c ****     /**USART2 GPIO Configuration
 533              		.loc 1 250 5 view .LVU134
 250:Core/Src/stm32f1xx_hal_msp.c ****     /**USART2 GPIO Configuration
 534              		.loc 1 250 5 view .LVU135
 535 0098 9A69     		ldr	r2, [r3, #24]
 536 009a 42F00402 		orr	r2, r2, #4
 537 009e 9A61     		str	r2, [r3, #24]
 250:Core/Src/stm32f1xx_hal_msp.c ****     /**USART2 GPIO Configuration
 538              		.loc 1 250 5 view .LVU136
 539 00a0 9B69     		ldr	r3, [r3, #24]
 540 00a2 03F00403 		and	r3, r3, #4
 541 00a6 0393     		str	r3, [sp, #12]
 250:Core/Src/stm32f1xx_hal_msp.c ****     /**USART2 GPIO Configuration
 542              		.loc 1 250 5 view .LVU137
 543 00a8 039B     		ldr	r3, [sp, #12]
 544              	.LBE11:
 250:Core/Src/stm32f1xx_hal_msp.c ****     /**USART2 GPIO Configuration
 545              		.loc 1 250 5 view .LVU138
 255:Core/Src/stm32f1xx_hal_msp.c ****     GPIO_InitStruct.Mode = GPIO_MODE_AF_PP;
 546              		.loc 1 255 5 view .LVU139
 255:Core/Src/stm32f1xx_hal_msp.c ****     GPIO_InitStruct.Mode = GPIO_MODE_AF_PP;
 547              		.loc 1 255 25 is_stmt 0 view .LVU140
 548 00aa 0423     		movs	r3, #4
 549 00ac 0493     		str	r3, [sp, #16]
 256:Core/Src/stm32f1xx_hal_msp.c ****     GPIO_InitStruct.Speed = GPIO_SPEED_FREQ_HIGH;
 550              		.loc 1 256 5 is_stmt 1 view .LVU141
 256:Core/Src/stm32f1xx_hal_msp.c ****     GPIO_InitStruct.Speed = GPIO_SPEED_FREQ_HIGH;
 551              		.loc 1 256 26 is_stmt 0 view .LVU142
 552 00ae 0223     		movs	r3, #2
 553 00b0 0593     		str	r3, [sp, #20]
 257:Core/Src/stm32f1xx_hal_msp.c ****     HAL_GPIO_Init(GPIOA, &GPIO_InitStruct);
 554              		.loc 1 257 5 is_stmt 1 view .LVU143
 257:Core/Src/stm32f1xx_hal_msp.c ****     HAL_GPIO_Init(GPIOA, &GPIO_InitStruct);
 555              		.loc 1 257 27 is_stmt 0 view .LVU144
 556 00b2 0323     		movs	r3, #3
 557 00b4 0793     		str	r3, [sp, #28]
 258:Core/Src/stm32f1xx_hal_msp.c **** 
 558              		.loc 1 258 5 is_stmt 1 view .LVU145
 559 00b6 0E4D     		ldr	r5, .L37+12
 560 00b8 04A9     		add	r1, sp, #16
 561 00ba 2846     		mov	r0, r5
 562              	.LVL28:
 258:Core/Src/stm32f1xx_hal_msp.c **** 
 563              		.loc 1 258 5 is_stmt 0 view .LVU146
 564 00bc FFF7FEFF 		bl	HAL_GPIO_Init
 565              	.LVL29:
 260:Core/Src/stm32f1xx_hal_msp.c ****     GPIO_InitStruct.Mode = GPIO_MODE_INPUT;
ARM GAS  C:\Users\igorn\AppData\Local\Temp\ccJnVUza.s 			page 17


 566              		.loc 1 260 5 is_stmt 1 view .LVU147
 260:Core/Src/stm32f1xx_hal_msp.c ****     GPIO_InitStruct.Mode = GPIO_MODE_INPUT;
 567              		.loc 1 260 25 is_stmt 0 view .LVU148
 568 00c0 0823     		movs	r3, #8
 569 00c2 0493     		str	r3, [sp, #16]
 261:Core/Src/stm32f1xx_hal_msp.c ****     GPIO_InitStruct.Pull = GPIO_NOPULL;
 570              		.loc 1 261 5 is_stmt 1 view .LVU149
 261:Core/Src/stm32f1xx_hal_msp.c ****     GPIO_InitStruct.Pull = GPIO_NOPULL;
 571              		.loc 1 261 26 is_stmt 0 view .LVU150
 572 00c4 0024     		movs	r4, #0
 573 00c6 0594     		str	r4, [sp, #20]
 262:Core/Src/stm32f1xx_hal_msp.c ****     HAL_GPIO_Init(GPIOA, &GPIO_InitStruct);
 574              		.loc 1 262 5 is_stmt 1 view .LVU151
 262:Core/Src/stm32f1xx_hal_msp.c ****     HAL_GPIO_Init(GPIOA, &GPIO_InitStruct);
 575              		.loc 1 262 26 is_stmt 0 view .LVU152
 576 00c8 0694     		str	r4, [sp, #24]
 263:Core/Src/stm32f1xx_hal_msp.c **** 
 577              		.loc 1 263 5 is_stmt 1 view .LVU153
 578 00ca 04A9     		add	r1, sp, #16
 579 00cc 2846     		mov	r0, r5
 580 00ce FFF7FEFF 		bl	HAL_GPIO_Init
 581              	.LVL30:
 266:Core/Src/stm32f1xx_hal_msp.c ****     HAL_NVIC_EnableIRQ(USART2_IRQn);
 582              		.loc 1 266 5 view .LVU154
 583 00d2 2246     		mov	r2, r4
 584 00d4 2146     		mov	r1, r4
 585 00d6 2620     		movs	r0, #38
 586 00d8 FFF7FEFF 		bl	HAL_NVIC_SetPriority
 587              	.LVL31:
 267:Core/Src/stm32f1xx_hal_msp.c ****   /* USER CODE BEGIN USART2_MspInit 1 */
 588              		.loc 1 267 5 view .LVU155
 589 00dc 2620     		movs	r0, #38
 590 00de FFF7FEFF 		bl	HAL_NVIC_EnableIRQ
 591              	.LVL32:
 592              		.loc 1 273 1 is_stmt 0 view .LVU156
 593 00e2 9BE7     		b	.L31
 594              	.L38:
 595              		.align	2
 596              	.L37:
 597 00e4 00380140 		.word	1073821696
 598 00e8 00440040 		.word	1073759232
 599 00ec 00100240 		.word	1073876992
 600 00f0 00080140 		.word	1073809408
 601              		.cfi_endproc
 602              	.LFE70:
 604              		.section	.text.HAL_UART_MspDeInit,"ax",%progbits
 605              		.align	1
 606              		.global	HAL_UART_MspDeInit
 607              		.syntax unified
 608              		.thumb
 609              		.thumb_func
 611              	HAL_UART_MspDeInit:
 612              	.LVL33:
 613              	.LFB71:
 274:Core/Src/stm32f1xx_hal_msp.c **** 
 275:Core/Src/stm32f1xx_hal_msp.c **** /**
 276:Core/Src/stm32f1xx_hal_msp.c **** * @brief UART MSP De-Initialization
ARM GAS  C:\Users\igorn\AppData\Local\Temp\ccJnVUza.s 			page 18


 277:Core/Src/stm32f1xx_hal_msp.c **** * This function freeze the hardware resources used in this example
 278:Core/Src/stm32f1xx_hal_msp.c **** * @param huart: UART handle pointer
 279:Core/Src/stm32f1xx_hal_msp.c **** * @retval None
 280:Core/Src/stm32f1xx_hal_msp.c **** */
 281:Core/Src/stm32f1xx_hal_msp.c **** void HAL_UART_MspDeInit(UART_HandleTypeDef* huart)
 282:Core/Src/stm32f1xx_hal_msp.c **** {
 614              		.loc 1 282 1 is_stmt 1 view -0
 615              		.cfi_startproc
 616              		@ args = 0, pretend = 0, frame = 0
 617              		@ frame_needed = 0, uses_anonymous_args = 0
 618              		.loc 1 282 1 is_stmt 0 view .LVU158
 619 0000 08B5     		push	{r3, lr}
 620              		.cfi_def_cfa_offset 8
 621              		.cfi_offset 3, -8
 622              		.cfi_offset 14, -4
 283:Core/Src/stm32f1xx_hal_msp.c ****   if(huart->Instance==USART1)
 623              		.loc 1 283 3 is_stmt 1 view .LVU159
 624              		.loc 1 283 11 is_stmt 0 view .LVU160
 625 0002 0368     		ldr	r3, [r0]
 626              		.loc 1 283 5 view .LVU161
 627 0004 114A     		ldr	r2, .L45
 628 0006 9342     		cmp	r3, r2
 629 0008 03D0     		beq	.L43
 284:Core/Src/stm32f1xx_hal_msp.c ****   {
 285:Core/Src/stm32f1xx_hal_msp.c ****   /* USER CODE BEGIN USART1_MspDeInit 0 */
 286:Core/Src/stm32f1xx_hal_msp.c **** 
 287:Core/Src/stm32f1xx_hal_msp.c ****   /* USER CODE END USART1_MspDeInit 0 */
 288:Core/Src/stm32f1xx_hal_msp.c ****     /* Peripheral clock disable */
 289:Core/Src/stm32f1xx_hal_msp.c ****     __HAL_RCC_USART1_CLK_DISABLE();
 290:Core/Src/stm32f1xx_hal_msp.c **** 
 291:Core/Src/stm32f1xx_hal_msp.c ****     /**USART1 GPIO Configuration
 292:Core/Src/stm32f1xx_hal_msp.c ****     PA9     ------> USART1_TX
 293:Core/Src/stm32f1xx_hal_msp.c ****     PA10     ------> USART1_RX
 294:Core/Src/stm32f1xx_hal_msp.c ****     */
 295:Core/Src/stm32f1xx_hal_msp.c ****     HAL_GPIO_DeInit(GPIOA, GPIO_PIN_9|GPIO_PIN_10);
 296:Core/Src/stm32f1xx_hal_msp.c **** 
 297:Core/Src/stm32f1xx_hal_msp.c ****     /* USART1 interrupt DeInit */
 298:Core/Src/stm32f1xx_hal_msp.c ****     HAL_NVIC_DisableIRQ(USART1_IRQn);
 299:Core/Src/stm32f1xx_hal_msp.c ****   /* USER CODE BEGIN USART1_MspDeInit 1 */
 300:Core/Src/stm32f1xx_hal_msp.c **** 
 301:Core/Src/stm32f1xx_hal_msp.c ****   /* USER CODE END USART1_MspDeInit 1 */
 302:Core/Src/stm32f1xx_hal_msp.c ****   }
 303:Core/Src/stm32f1xx_hal_msp.c ****   else if(huart->Instance==USART2)
 630              		.loc 1 303 8 is_stmt 1 view .LVU162
 631              		.loc 1 303 10 is_stmt 0 view .LVU163
 632 000a 114A     		ldr	r2, .L45+4
 633 000c 9342     		cmp	r3, r2
 634 000e 0FD0     		beq	.L44
 635              	.LVL34:
 636              	.L39:
 304:Core/Src/stm32f1xx_hal_msp.c ****   {
 305:Core/Src/stm32f1xx_hal_msp.c ****   /* USER CODE BEGIN USART2_MspDeInit 0 */
 306:Core/Src/stm32f1xx_hal_msp.c **** 
 307:Core/Src/stm32f1xx_hal_msp.c ****   /* USER CODE END USART2_MspDeInit 0 */
 308:Core/Src/stm32f1xx_hal_msp.c ****     /* Peripheral clock disable */
 309:Core/Src/stm32f1xx_hal_msp.c ****     __HAL_RCC_USART2_CLK_DISABLE();
 310:Core/Src/stm32f1xx_hal_msp.c **** 
ARM GAS  C:\Users\igorn\AppData\Local\Temp\ccJnVUza.s 			page 19


 311:Core/Src/stm32f1xx_hal_msp.c ****     /**USART2 GPIO Configuration
 312:Core/Src/stm32f1xx_hal_msp.c ****     PA2     ------> USART2_TX
 313:Core/Src/stm32f1xx_hal_msp.c ****     PA3     ------> USART2_RX
 314:Core/Src/stm32f1xx_hal_msp.c ****     */
 315:Core/Src/stm32f1xx_hal_msp.c ****     HAL_GPIO_DeInit(GPIOA, GPIO_PIN_2|GPIO_PIN_3);
 316:Core/Src/stm32f1xx_hal_msp.c **** 
 317:Core/Src/stm32f1xx_hal_msp.c ****     /* USART2 interrupt DeInit */
 318:Core/Src/stm32f1xx_hal_msp.c ****     HAL_NVIC_DisableIRQ(USART2_IRQn);
 319:Core/Src/stm32f1xx_hal_msp.c ****   /* USER CODE BEGIN USART2_MspDeInit 1 */
 320:Core/Src/stm32f1xx_hal_msp.c **** 
 321:Core/Src/stm32f1xx_hal_msp.c ****   /* USER CODE END USART2_MspDeInit 1 */
 322:Core/Src/stm32f1xx_hal_msp.c ****   }
 323:Core/Src/stm32f1xx_hal_msp.c **** 
 324:Core/Src/stm32f1xx_hal_msp.c **** }
 637              		.loc 1 324 1 view .LVU164
 638 0010 08BD     		pop	{r3, pc}
 639              	.LVL35:
 640              	.L43:
 289:Core/Src/stm32f1xx_hal_msp.c **** 
 641              		.loc 1 289 5 is_stmt 1 view .LVU165
 642 0012 02F55842 		add	r2, r2, #55296
 643 0016 9369     		ldr	r3, [r2, #24]
 644 0018 23F48043 		bic	r3, r3, #16384
 645 001c 9361     		str	r3, [r2, #24]
 295:Core/Src/stm32f1xx_hal_msp.c **** 
 646              		.loc 1 295 5 view .LVU166
 647 001e 4FF4C061 		mov	r1, #1536
 648 0022 0C48     		ldr	r0, .L45+8
 649              	.LVL36:
 295:Core/Src/stm32f1xx_hal_msp.c **** 
 650              		.loc 1 295 5 is_stmt 0 view .LVU167
 651 0024 FFF7FEFF 		bl	HAL_GPIO_DeInit
 652              	.LVL37:
 298:Core/Src/stm32f1xx_hal_msp.c ****   /* USER CODE BEGIN USART1_MspDeInit 1 */
 653              		.loc 1 298 5 is_stmt 1 view .LVU168
 654 0028 2520     		movs	r0, #37
 655 002a FFF7FEFF 		bl	HAL_NVIC_DisableIRQ
 656              	.LVL38:
 657 002e EFE7     		b	.L39
 658              	.LVL39:
 659              	.L44:
 309:Core/Src/stm32f1xx_hal_msp.c **** 
 660              		.loc 1 309 5 view .LVU169
 661 0030 02F5E632 		add	r2, r2, #117760
 662 0034 D369     		ldr	r3, [r2, #28]
 663 0036 23F40033 		bic	r3, r3, #131072
 664 003a D361     		str	r3, [r2, #28]
 315:Core/Src/stm32f1xx_hal_msp.c **** 
 665              		.loc 1 315 5 view .LVU170
 666 003c 0C21     		movs	r1, #12
 667 003e 0548     		ldr	r0, .L45+8
 668              	.LVL40:
 315:Core/Src/stm32f1xx_hal_msp.c **** 
 669              		.loc 1 315 5 is_stmt 0 view .LVU171
 670 0040 FFF7FEFF 		bl	HAL_GPIO_DeInit
 671              	.LVL41:
 318:Core/Src/stm32f1xx_hal_msp.c ****   /* USER CODE BEGIN USART2_MspDeInit 1 */
ARM GAS  C:\Users\igorn\AppData\Local\Temp\ccJnVUza.s 			page 20


 672              		.loc 1 318 5 is_stmt 1 view .LVU172
 673 0044 2620     		movs	r0, #38
 674 0046 FFF7FEFF 		bl	HAL_NVIC_DisableIRQ
 675              	.LVL42:
 676              		.loc 1 324 1 is_stmt 0 view .LVU173
 677 004a E1E7     		b	.L39
 678              	.L46:
 679              		.align	2
 680              	.L45:
 681 004c 00380140 		.word	1073821696
 682 0050 00440040 		.word	1073759232
 683 0054 00080140 		.word	1073809408
 684              		.cfi_endproc
 685              	.LFE71:
 687              		.text
 688              	.Letext0:
 689              		.file 2 "Drivers/CMSIS/Device/ST/STM32F1xx/Include/stm32f103xb.h"
 690              		.file 3 "c:\\users\\igorn\\appdata\\roaming\\code\\user\\globalstorage\\bmd.stm32-for-vscode\\@xpa
 691              		.file 4 "c:\\users\\igorn\\appdata\\roaming\\code\\user\\globalstorage\\bmd.stm32-for-vscode\\@xpa
 692              		.file 5 "Drivers/STM32F1xx_HAL_Driver/Inc/stm32f1xx_hal_def.h"
 693              		.file 6 "Drivers/STM32F1xx_HAL_Driver/Inc/stm32f1xx_hal_gpio.h"
 694              		.file 7 "Drivers/STM32F1xx_HAL_Driver/Inc/stm32f1xx_hal_dma.h"
 695              		.file 8 "Drivers/STM32F1xx_HAL_Driver/Inc/stm32f1xx_hal_spi.h"
 696              		.file 9 "Drivers/STM32F1xx_HAL_Driver/Inc/stm32f1xx_hal_tim.h"
 697              		.file 10 "Drivers/STM32F1xx_HAL_Driver/Inc/stm32f1xx_hal_uart.h"
 698              		.file 11 "Drivers/STM32F1xx_HAL_Driver/Inc/stm32f1xx_hal_cortex.h"
ARM GAS  C:\Users\igorn\AppData\Local\Temp\ccJnVUza.s 			page 21


DEFINED SYMBOLS
                            *ABS*:00000000 stm32f1xx_hal_msp.c
C:\Users\igorn\AppData\Local\Temp\ccJnVUza.s:19     .text.HAL_MspInit:00000000 $t
C:\Users\igorn\AppData\Local\Temp\ccJnVUza.s:25     .text.HAL_MspInit:00000000 HAL_MspInit
C:\Users\igorn\AppData\Local\Temp\ccJnVUza.s:89     .text.HAL_MspInit:0000003c $d
C:\Users\igorn\AppData\Local\Temp\ccJnVUza.s:95     .text.HAL_SPI_MspInit:00000000 $t
C:\Users\igorn\AppData\Local\Temp\ccJnVUza.s:101    .text.HAL_SPI_MspInit:00000000 HAL_SPI_MspInit
C:\Users\igorn\AppData\Local\Temp\ccJnVUza.s:223    .text.HAL_SPI_MspInit:00000080 $d
C:\Users\igorn\AppData\Local\Temp\ccJnVUza.s:229    .text.HAL_SPI_MspDeInit:00000000 $t
C:\Users\igorn\AppData\Local\Temp\ccJnVUza.s:235    .text.HAL_SPI_MspDeInit:00000000 HAL_SPI_MspDeInit
C:\Users\igorn\AppData\Local\Temp\ccJnVUza.s:281    .text.HAL_SPI_MspDeInit:00000028 $d
C:\Users\igorn\AppData\Local\Temp\ccJnVUza.s:288    .text.HAL_TIM_OC_MspInit:00000000 $t
C:\Users\igorn\AppData\Local\Temp\ccJnVUza.s:294    .text.HAL_TIM_OC_MspInit:00000000 HAL_TIM_OC_MspInit
C:\Users\igorn\AppData\Local\Temp\ccJnVUza.s:338    .text.HAL_TIM_OC_MspInit:00000028 $d
C:\Users\igorn\AppData\Local\Temp\ccJnVUza.s:343    .text.HAL_TIM_OC_MspDeInit:00000000 $t
C:\Users\igorn\AppData\Local\Temp\ccJnVUza.s:349    .text.HAL_TIM_OC_MspDeInit:00000000 HAL_TIM_OC_MspDeInit
C:\Users\igorn\AppData\Local\Temp\ccJnVUza.s:378    .text.HAL_TIM_OC_MspDeInit:00000018 $d
C:\Users\igorn\AppData\Local\Temp\ccJnVUza.s:384    .text.HAL_UART_MspInit:00000000 $t
C:\Users\igorn\AppData\Local\Temp\ccJnVUza.s:390    .text.HAL_UART_MspInit:00000000 HAL_UART_MspInit
C:\Users\igorn\AppData\Local\Temp\ccJnVUza.s:597    .text.HAL_UART_MspInit:000000e4 $d
C:\Users\igorn\AppData\Local\Temp\ccJnVUza.s:605    .text.HAL_UART_MspDeInit:00000000 $t
C:\Users\igorn\AppData\Local\Temp\ccJnVUza.s:611    .text.HAL_UART_MspDeInit:00000000 HAL_UART_MspDeInit
C:\Users\igorn\AppData\Local\Temp\ccJnVUza.s:681    .text.HAL_UART_MspDeInit:0000004c $d

UNDEFINED SYMBOLS
HAL_GPIO_Init
HAL_NVIC_SetPriority
HAL_NVIC_EnableIRQ
HAL_GPIO_DeInit
HAL_NVIC_DisableIRQ
