ARM GAS  C:\Users\igorn\AppData\Local\Temp\ccsuFRNT.s 			page 1


   1              		.cpu cortex-m3
   2              		.arch armv7-m
   3              		.fpu softvfp
   4              		.eabi_attribute 20, 1
   5              		.eabi_attribute 21, 1
   6              		.eabi_attribute 23, 3
   7              		.eabi_attribute 24, 1
   8              		.eabi_attribute 25, 1
   9              		.eabi_attribute 26, 1
  10              		.eabi_attribute 30, 1
  11              		.eabi_attribute 34, 1
  12              		.eabi_attribute 18, 4
  13              		.file	"WS2812B_Effects.c"
  14              		.text
  15              	.Ltext0:
  16              		.cfi_sections	.debug_frame
  17              		.file 1 "Core/Src/WS2812B_Effects.c"
  18              		.section	.text.visInit,"ax",%progbits
  19              		.align	1
  20              		.global	visInit
  21              		.syntax unified
  22              		.thumb
  23              		.thumb_func
  25              	visInit:
  26              	.LFB65:
   1:Core/Src/WS2812B_Effects.c **** /*
   2:Core/Src/WS2812B_Effects.c **** 
   3:Core/Src/WS2812B_Effects.c ****   WS2812B CPU and memory efficient library
   4:Core/Src/WS2812B_Effects.c **** 
   5:Core/Src/WS2812B_Effects.c ****   Date: 28.9.2016
   6:Core/Src/WS2812B_Effects.c **** 
   7:Core/Src/WS2812B_Effects.c ****   Author: Martin Hubacek
   8:Core/Src/WS2812B_Effects.c ****   	  	  http://www.martinhubacek.cz
   9:Core/Src/WS2812B_Effects.c ****   	  	  @hubmartin
  10:Core/Src/WS2812B_Effects.c **** 
  11:Core/Src/WS2812B_Effects.c ****   Licence: MIT License
  12:Core/Src/WS2812B_Effects.c **** 
  13:Core/Src/WS2812B_Effects.c **** */
  14:Core/Src/WS2812B_Effects.c **** 
  15:Core/Src/WS2812B_Effects.c **** #include <stdint.h>
  16:Core/Src/WS2812B_Effects.c **** 
  17:Core/Src/WS2812B_Effects.c **** #include "stm32f1xx_hal.h"
  18:Core/Src/WS2812B_Effects.c **** #include "WS2812B_Core.h"
  19:Core/Src/WS2812B_Effects.c **** #include <stdlib.h>
  20:Core/Src/WS2812B_Effects.c **** 
  21:Core/Src/WS2812B_Effects.c **** extern WS2812_Struct ws2812b;
  22:Core/Src/WS2812B_Effects.c **** // RGB Framebuffers
  23:Core/Src/WS2812B_Effects.c **** uint8_t frameBufferA[3*512];
  24:Core/Src/WS2812B_Effects.c **** uint8_t frameBufferB[3*512];
  25:Core/Src/WS2812B_Effects.c **** uint8_t frameBufferC[3*512];
  26:Core/Src/WS2812B_Effects.c **** uint8_t frameBufferD[3*512];
  27:Core/Src/WS2812B_Effects.c **** 
  28:Core/Src/WS2812B_Effects.c **** // Helper defines
  29:Core/Src/WS2812B_Effects.c **** #define newColor(r, g, b) (((uint32_t)(r) << 16) | ((uint32_t)(g) <<  8) | (b))
  30:Core/Src/WS2812B_Effects.c **** #define Red(c) ((uint8_t)((c >> 16) & 0xFF))
  31:Core/Src/WS2812B_Effects.c **** #define Green(c) ((uint8_t)((c >> 8) & 0xFF))
  32:Core/Src/WS2812B_Effects.c **** #define Blue(c) ((uint8_t)(c & 0xFF))
ARM GAS  C:\Users\igorn\AppData\Local\Temp\ccsuFRNT.s 			page 2


  33:Core/Src/WS2812B_Effects.c **** 
  34:Core/Src/WS2812B_Effects.c **** 
  35:Core/Src/WS2812B_Effects.c **** 
  36:Core/Src/WS2812B_Effects.c **** 
  37:Core/Src/WS2812B_Effects.c **** void visInit()
  38:Core/Src/WS2812B_Effects.c **** {
  27              		.loc 1 38 1 view -0
  28              		.cfi_startproc
  29              		@ args = 0, pretend = 0, frame = 0
  30              		@ frame_needed = 0, uses_anonymous_args = 0
  31 0000 08B5     		push	{r3, lr}
  32              		.cfi_def_cfa_offset 8
  33              		.cfi_offset 3, -8
  34              		.cfi_offset 14, -4
  39:Core/Src/WS2812B_Effects.c **** 		// Set output channel/pin, GPIO_PIN_0 = 0, for GPIO_PIN_5 = 5 - this has to correspond to WS2812B
  40:Core/Src/WS2812B_Effects.c **** 		ws2812b.item[0].channel = 4;
  35              		.loc 1 40 3 view .LVU1
  36              		.loc 1 40 27 is_stmt 0 view .LVU2
  37 0002 0E4B     		ldr	r3, .L3
  38 0004 0422     		movs	r2, #4
  39 0006 1A73     		strb	r2, [r3, #12]
  41:Core/Src/WS2812B_Effects.c **** 		ws2812b.item[0].frameBufferPointer = frameBufferA;
  40              		.loc 1 41 3 is_stmt 1 view .LVU3
  41              		.loc 1 41 38 is_stmt 0 view .LVU4
  42 0008 0D4A     		ldr	r2, .L3+4
  43 000a 1A60     		str	r2, [r3]
  42:Core/Src/WS2812B_Effects.c **** 	    ws2812b.item[0].frameBufferSize = sizeof(frameBufferA);
  44              		.loc 1 42 6 is_stmt 1 view .LVU5
  45              		.loc 1 42 38 is_stmt 0 view .LVU6
  46 000c 4FF4C062 		mov	r2, #1536
  47 0010 5A60     		str	r2, [r3, #4]
  43:Core/Src/WS2812B_Effects.c **** 		ws2812b.item[1].channel = 5;
  48              		.loc 1 43 3 is_stmt 1 view .LVU7
  49              		.loc 1 43 27 is_stmt 0 view .LVU8
  50 0012 0521     		movs	r1, #5
  51 0014 1977     		strb	r1, [r3, #28]
  44:Core/Src/WS2812B_Effects.c **** 		ws2812b.item[1].frameBufferPointer = frameBufferB;
  52              		.loc 1 44 3 is_stmt 1 view .LVU9
  53              		.loc 1 44 38 is_stmt 0 view .LVU10
  54 0016 0B49     		ldr	r1, .L3+8
  55 0018 1961     		str	r1, [r3, #16]
  45:Core/Src/WS2812B_Effects.c **** 	    ws2812b.item[1].frameBufferSize = sizeof(frameBufferB);
  56              		.loc 1 45 6 is_stmt 1 view .LVU11
  57              		.loc 1 45 38 is_stmt 0 view .LVU12
  58 001a 5A61     		str	r2, [r3, #20]
  46:Core/Src/WS2812B_Effects.c **** 		ws2812b.item[2].channel = 6;
  59              		.loc 1 46 3 is_stmt 1 view .LVU13
  60              		.loc 1 46 27 is_stmt 0 view .LVU14
  61 001c 0621     		movs	r1, #6
  62 001e 83F82C10 		strb	r1, [r3, #44]
  47:Core/Src/WS2812B_Effects.c **** 		ws2812b.item[2].frameBufferPointer = frameBufferC;
  63              		.loc 1 47 3 is_stmt 1 view .LVU15
  64              		.loc 1 47 38 is_stmt 0 view .LVU16
  65 0022 0949     		ldr	r1, .L3+12
  66 0024 1962     		str	r1, [r3, #32]
  48:Core/Src/WS2812B_Effects.c **** 	    ws2812b.item[2].frameBufferSize = sizeof(frameBufferC);
  67              		.loc 1 48 6 is_stmt 1 view .LVU17
ARM GAS  C:\Users\igorn\AppData\Local\Temp\ccsuFRNT.s 			page 3


  68              		.loc 1 48 38 is_stmt 0 view .LVU18
  69 0026 5A62     		str	r2, [r3, #36]
  49:Core/Src/WS2812B_Effects.c **** 		ws2812b.item[3].channel = 7;
  70              		.loc 1 49 3 is_stmt 1 view .LVU19
  71              		.loc 1 49 27 is_stmt 0 view .LVU20
  72 0028 0721     		movs	r1, #7
  73 002a 83F83C10 		strb	r1, [r3, #60]
  50:Core/Src/WS2812B_Effects.c **** 		ws2812b.item[3].frameBufferPointer = frameBufferD;
  74              		.loc 1 50 3 is_stmt 1 view .LVU21
  75              		.loc 1 50 38 is_stmt 0 view .LVU22
  76 002e 0749     		ldr	r1, .L3+16
  77 0030 1963     		str	r1, [r3, #48]
  51:Core/Src/WS2812B_Effects.c **** 	    ws2812b.item[3].frameBufferSize = sizeof(frameBufferD);
  78              		.loc 1 51 6 is_stmt 1 view .LVU23
  79              		.loc 1 51 38 is_stmt 0 view .LVU24
  80 0032 5A63     		str	r2, [r3, #52]
  52:Core/Src/WS2812B_Effects.c **** 		ws2812b_init();
  81              		.loc 1 52 3 is_stmt 1 view .LVU25
  82 0034 FFF7FEFF 		bl	ws2812b_init
  83              	.LVL0:
  53:Core/Src/WS2812B_Effects.c **** }
  84              		.loc 1 53 1 is_stmt 0 view .LVU26
  85 0038 08BD     		pop	{r3, pc}
  86              	.L4:
  87 003a 00BF     		.align	2
  88              	.L3:
  89 003c 00000000 		.word	ws2812b
  90 0040 00000000 		.word	frameBufferA
  91 0044 00000000 		.word	frameBufferB
  92 0048 00000000 		.word	frameBufferC
  93 004c 00000000 		.word	frameBufferD
  94              		.cfi_endproc
  95              	.LFE65:
  97              		.section	.text.visHandle,"ax",%progbits
  98              		.align	1
  99              		.global	visHandle
 100              		.syntax unified
 101              		.thumb
 102              		.thumb_func
 104              	visHandle:
 105              	.LFB66:
  54:Core/Src/WS2812B_Effects.c **** 
  55:Core/Src/WS2812B_Effects.c **** 
  56:Core/Src/WS2812B_Effects.c **** void visHandle()
  57:Core/Src/WS2812B_Effects.c **** {
 106              		.loc 1 57 1 is_stmt 1 view -0
 107              		.cfi_startproc
 108              		@ args = 0, pretend = 0, frame = 0
 109              		@ frame_needed = 0, uses_anonymous_args = 0
 110 0000 08B5     		push	{r3, lr}
 111              		.cfi_def_cfa_offset 8
 112              		.cfi_offset 3, -8
 113              		.cfi_offset 14, -4
  58:Core/Src/WS2812B_Effects.c **** 
  59:Core/Src/WS2812B_Effects.c **** 	if(ws2812b.transferComplete)
 114              		.loc 1 59 2 view .LVU28
 115              		.loc 1 59 12 is_stmt 0 view .LVU29
ARM GAS  C:\Users\igorn\AppData\Local\Temp\ccsuFRNT.s 			page 4


 116 0002 064B     		ldr	r3, .L9
 117 0004 93F84030 		ldrb	r3, [r3, #64]	@ zero_extendqisi2
 118              		.loc 1 59 4 view .LVU30
 119 0008 03B9     		cbnz	r3, .L8
 120              	.L5:
  60:Core/Src/WS2812B_Effects.c **** 	{
  61:Core/Src/WS2812B_Effects.c **** 		// Update your framebuffer here or swap buffers
  62:Core/Src/WS2812B_Effects.c **** 		//visHandle2();
  63:Core/Src/WS2812B_Effects.c **** 
  64:Core/Src/WS2812B_Effects.c **** 		// Signal that buffer is changed and transfer new data
  65:Core/Src/WS2812B_Effects.c **** 		ws2812b.startTransfer = 1;
  66:Core/Src/WS2812B_Effects.c **** 		ws2812b_handle();
  67:Core/Src/WS2812B_Effects.c **** 	}
  68:Core/Src/WS2812B_Effects.c **** }
 121              		.loc 1 68 1 view .LVU31
 122 000a 08BD     		pop	{r3, pc}
 123              	.L8:
  65:Core/Src/WS2812B_Effects.c **** 		ws2812b_handle();
 124              		.loc 1 65 3 is_stmt 1 view .LVU32
  65:Core/Src/WS2812B_Effects.c **** 		ws2812b_handle();
 125              		.loc 1 65 25 is_stmt 0 view .LVU33
 126 000c 034B     		ldr	r3, .L9
 127 000e 0122     		movs	r2, #1
 128 0010 83F84120 		strb	r2, [r3, #65]
  66:Core/Src/WS2812B_Effects.c **** 	}
 129              		.loc 1 66 3 is_stmt 1 view .LVU34
 130 0014 FFF7FEFF 		bl	ws2812b_handle
 131              	.LVL1:
 132              		.loc 1 68 1 is_stmt 0 view .LVU35
 133 0018 F7E7     		b	.L5
 134              	.L10:
 135 001a 00BF     		.align	2
 136              	.L9:
 137 001c 00000000 		.word	ws2812b
 138              		.cfi_endproc
 139              	.LFE66:
 141              		.global	frameBufferD
 142              		.section	.bss.frameBufferD,"aw",%nobits
 143              		.align	2
 146              	frameBufferD:
 147 0000 00000000 		.space	1536
 147      00000000 
 147      00000000 
 147      00000000 
 147      00000000 
 148              		.global	frameBufferC
 149              		.section	.bss.frameBufferC,"aw",%nobits
 150              		.align	2
 153              	frameBufferC:
 154 0000 00000000 		.space	1536
 154      00000000 
 154      00000000 
 154      00000000 
 154      00000000 
 155              		.global	frameBufferB
 156              		.section	.bss.frameBufferB,"aw",%nobits
 157              		.align	2
ARM GAS  C:\Users\igorn\AppData\Local\Temp\ccsuFRNT.s 			page 5


 160              	frameBufferB:
 161 0000 00000000 		.space	1536
 161      00000000 
 161      00000000 
 161      00000000 
 161      00000000 
 162              		.global	frameBufferA
 163              		.section	.bss.frameBufferA,"aw",%nobits
 164              		.align	2
 167              	frameBufferA:
 168 0000 00000000 		.space	1536
 168      00000000 
 168      00000000 
 168      00000000 
 168      00000000 
 169              		.text
 170              	.Letext0:
 171              		.file 2 "c:\\users\\igorn\\appdata\\roaming\\code\\user\\globalstorage\\bmd.stm32-for-vscode\\@xpa
 172              		.file 3 "c:\\users\\igorn\\appdata\\roaming\\code\\user\\globalstorage\\bmd.stm32-for-vscode\\@xpa
 173              		.file 4 "Core/Inc/WS2812B_Core.h"
ARM GAS  C:\Users\igorn\AppData\Local\Temp\ccsuFRNT.s 			page 6


DEFINED SYMBOLS
                            *ABS*:00000000 WS2812B_Effects.c
C:\Users\igorn\AppData\Local\Temp\ccsuFRNT.s:19     .text.visInit:00000000 $t
C:\Users\igorn\AppData\Local\Temp\ccsuFRNT.s:25     .text.visInit:00000000 visInit
C:\Users\igorn\AppData\Local\Temp\ccsuFRNT.s:89     .text.visInit:0000003c $d
C:\Users\igorn\AppData\Local\Temp\ccsuFRNT.s:167    .bss.frameBufferA:00000000 frameBufferA
C:\Users\igorn\AppData\Local\Temp\ccsuFRNT.s:160    .bss.frameBufferB:00000000 frameBufferB
C:\Users\igorn\AppData\Local\Temp\ccsuFRNT.s:153    .bss.frameBufferC:00000000 frameBufferC
C:\Users\igorn\AppData\Local\Temp\ccsuFRNT.s:146    .bss.frameBufferD:00000000 frameBufferD
C:\Users\igorn\AppData\Local\Temp\ccsuFRNT.s:98     .text.visHandle:00000000 $t
C:\Users\igorn\AppData\Local\Temp\ccsuFRNT.s:104    .text.visHandle:00000000 visHandle
C:\Users\igorn\AppData\Local\Temp\ccsuFRNT.s:137    .text.visHandle:0000001c $d
C:\Users\igorn\AppData\Local\Temp\ccsuFRNT.s:143    .bss.frameBufferD:00000000 $d
C:\Users\igorn\AppData\Local\Temp\ccsuFRNT.s:150    .bss.frameBufferC:00000000 $d
C:\Users\igorn\AppData\Local\Temp\ccsuFRNT.s:157    .bss.frameBufferB:00000000 $d
C:\Users\igorn\AppData\Local\Temp\ccsuFRNT.s:164    .bss.frameBufferA:00000000 $d

UNDEFINED SYMBOLS
ws2812b_init
ws2812b
ws2812b_handle
