Archive member included to satisfy reference by file (symbol)

c:/users/igorn/appdata/roaming/code/user/globalstorage/bmd.stm32-for-vscode/@xpack-dev-tools/arm-none-eabi-gcc/12.3.1-1.1.1/.content/bin/../lib/gcc/arm-none-eabi/12.3.1/../../../../arm-none-eabi/lib/thumb/v7-m/nofp\libc_nano.a(libc_a-atexit.o)
                              c:/users/igorn/appdata/roaming/code/user/globalstorage/bmd.stm32-for-vscode/@xpack-dev-tools/arm-none-eabi-gcc/12.3.1-1.1.1/.content/bin/../lib/gcc/arm-none-eabi/12.3.1/../../../../arm-none-eabi/lib/thumb/v7-m/nofp/crt0.o (atexit)
c:/users/igorn/appdata/roaming/code/user/globalstorage/bmd.stm32-for-vscode/@xpack-dev-tools/arm-none-eabi-gcc/12.3.1-1.1.1/.content/bin/../lib/gcc/arm-none-eabi/12.3.1/../../../../arm-none-eabi/lib/thumb/v7-m/nofp\libc_nano.a(libc_a-exit.o)
                              c:/users/igorn/appdata/roaming/code/user/globalstorage/bmd.stm32-for-vscode/@xpack-dev-tools/arm-none-eabi-gcc/12.3.1-1.1.1/.content/bin/../lib/gcc/arm-none-eabi/12.3.1/../../../../arm-none-eabi/lib/thumb/v7-m/nofp/crt0.o (exit)
c:/users/igorn/appdata/roaming/code/user/globalstorage/bmd.stm32-for-vscode/@xpack-dev-tools/arm-none-eabi-gcc/12.3.1-1.1.1/.content/bin/../lib/gcc/arm-none-eabi/12.3.1/../../../../arm-none-eabi/lib/thumb/v7-m/nofp\libc_nano.a(libc_a-rand.o)
                              build/debug/WS2812B_Effects.o (rand)
c:/users/igorn/appdata/roaming/code/user/globalstorage/bmd.stm32-for-vscode/@xpack-dev-tools/arm-none-eabi-gcc/12.3.1-1.1.1/.content/bin/../lib/gcc/arm-none-eabi/12.3.1/../../../../arm-none-eabi/lib/thumb/v7-m/nofp\libc_nano.a(libc_a-findfp.o)
                              c:/users/igorn/appdata/roaming/code/user/globalstorage/bmd.stm32-for-vscode/@xpack-dev-tools/arm-none-eabi-gcc/12.3.1-1.1.1/.content/bin/../lib/gcc/arm-none-eabi/12.3.1/../../../../arm-none-eabi/lib/thumb/v7-m/nofp\libc_nano.a(libc_a-exit.o) (__stdio_exit_handler)
c:/users/igorn/appdata/roaming/code/user/globalstorage/bmd.stm32-for-vscode/@xpack-dev-tools/arm-none-eabi-gcc/12.3.1-1.1.1/.content/bin/../lib/gcc/arm-none-eabi/12.3.1/../../../../arm-none-eabi/lib/thumb/v7-m/nofp\libc_nano.a(libc_a-fwalk.o)
                              c:/users/igorn/appdata/roaming/code/user/globalstorage/bmd.stm32-for-vscode/@xpack-dev-tools/arm-none-eabi-gcc/12.3.1-1.1.1/.content/bin/../lib/gcc/arm-none-eabi/12.3.1/../../../../arm-none-eabi/lib/thumb/v7-m/nofp\libc_nano.a(libc_a-findfp.o) (_fwalk_sglue)
c:/users/igorn/appdata/roaming/code/user/globalstorage/bmd.stm32-for-vscode/@xpack-dev-tools/arm-none-eabi-gcc/12.3.1-1.1.1/.content/bin/../lib/gcc/arm-none-eabi/12.3.1/../../../../arm-none-eabi/lib/thumb/v7-m/nofp\libc_nano.a(libc_a-stdio.o)
                              c:/users/igorn/appdata/roaming/code/user/globalstorage/bmd.stm32-for-vscode/@xpack-dev-tools/arm-none-eabi-gcc/12.3.1-1.1.1/.content/bin/../lib/gcc/arm-none-eabi/12.3.1/../../../../arm-none-eabi/lib/thumb/v7-m/nofp\libc_nano.a(libc_a-findfp.o) (__sread)
c:/users/igorn/appdata/roaming/code/user/globalstorage/bmd.stm32-for-vscode/@xpack-dev-tools/arm-none-eabi-gcc/12.3.1-1.1.1/.content/bin/../lib/gcc/arm-none-eabi/12.3.1/../../../../arm-none-eabi/lib/thumb/v7-m/nofp\libc_nano.a(libc_a-memset.o)
                              c:/users/igorn/appdata/roaming/code/user/globalstorage/bmd.stm32-for-vscode/@xpack-dev-tools/arm-none-eabi-gcc/12.3.1-1.1.1/.content/bin/../lib/gcc/arm-none-eabi/12.3.1/../../../../arm-none-eabi/lib/thumb/v7-m/nofp/crt0.o (memset)
c:/users/igorn/appdata/roaming/code/user/globalstorage/bmd.stm32-for-vscode/@xpack-dev-tools/arm-none-eabi-gcc/12.3.1-1.1.1/.content/bin/../lib/gcc/arm-none-eabi/12.3.1/../../../../arm-none-eabi/lib/thumb/v7-m/nofp\libc_nano.a(libc_a-closer.o)
                              c:/users/igorn/appdata/roaming/code/user/globalstorage/bmd.stm32-for-vscode/@xpack-dev-tools/arm-none-eabi-gcc/12.3.1-1.1.1/.content/bin/../lib/gcc/arm-none-eabi/12.3.1/../../../../arm-none-eabi/lib/thumb/v7-m/nofp\libc_nano.a(libc_a-stdio.o) (_close_r)
c:/users/igorn/appdata/roaming/code/user/globalstorage/bmd.stm32-for-vscode/@xpack-dev-tools/arm-none-eabi-gcc/12.3.1-1.1.1/.content/bin/../lib/gcc/arm-none-eabi/12.3.1/../../../../arm-none-eabi/lib/thumb/v7-m/nofp\libc_nano.a(libc_a-reent.o)
                              c:/users/igorn/appdata/roaming/code/user/globalstorage/bmd.stm32-for-vscode/@xpack-dev-tools/arm-none-eabi-gcc/12.3.1-1.1.1/.content/bin/../lib/gcc/arm-none-eabi/12.3.1/../../../../arm-none-eabi/lib/thumb/v7-m/nofp\libc_nano.a(libc_a-closer.o) (errno)
c:/users/igorn/appdata/roaming/code/user/globalstorage/bmd.stm32-for-vscode/@xpack-dev-tools/arm-none-eabi-gcc/12.3.1-1.1.1/.content/bin/../lib/gcc/arm-none-eabi/12.3.1/../../../../arm-none-eabi/lib/thumb/v7-m/nofp\libc_nano.a(libc_a-impure.o)
[...]
Memory Configuration

Name             Origin             Length             Attributes
RAM              0x20000000         0x00005000         xrw
FLASH            0x08000000         0x00010000         xr
*default*        0x00000000         0xffffffff

Linker script and memory map

LOAD c:/users/igorn/appdata/roaming/code/user/globalstorage/bmd.stm32-for-vscode/@xpack-dev-tools/arm-none-eabi-gcc/12.3.1-1.1.1/.content/bin/../lib/gcc/arm-none-eabi/12.3.1/thumb/v7-m/nofp/crti.o
LOAD c:/users/igorn/appdata/roaming/code/user/globalstorage/bmd.stm32-for-vscode/@xpack-dev-tools/arm-none-eabi-gcc/12.3.1-1.1.1/.content/bin/../lib/gcc/arm-none-eabi/12.3.1/thumb/v7-m/nofp/crtbegin.o
LOAD c:/users/igorn/appdata/roaming/code/user/globalstorage/bmd.stm32-for-vscode/@xpack-dev-tools/arm-none-eabi-gcc/12.3.1-1.1.1/.content/bin/../lib/gcc/arm-none-eabi/12.3.1/../../../../arm-none-eabi/lib/thumb/v7-m/nofp/crt0.o
LOAD build/debug/NOS_BaseColors.o
LOAD build/debug/NOS_Math.o
LOAD build/debug/NOS_Strip_UART.o
LOAD build/debug/NOS_Time.o
LOAD build/debug/NOS_UART.o
LOAD build/debug/NOS_WS2812B_Strip.o
LOAD build/debug/WS2812B_Effects.o
LOAD build/debug/WS2812b_Core.o
LOAD build/debug/main.o
LOAD build/debug/stm32f1xx_hal.o
LOAD build/debug/stm32f1xx_hal_cortex.o
LOAD build/debug/stm32f1xx_hal_dma.o
LOAD build/debug/stm32f1xx_hal_exti.o
LOAD build/debug/stm32f1xx_hal_flash.o
LOAD build/debug/stm32f1xx_hal_flash_ex.o
LOAD build/debug/stm32f1xx_hal_gpio.o
LOAD build/debug/stm32f1xx_hal_gpio_ex.o
LOAD build/debug/stm32f1xx_hal_msp.o
LOAD build/debug/stm32f1xx_hal_pwr.o
LOAD build/debug/stm32f1xx_hal_rcc.o
LOAD build/debug/stm32f1xx_hal_rcc_ex.o
LOAD build/debug/stm32f1xx_hal_tim.o
LOAD build/debug/stm32f1xx_hal_tim_ex.o
LOAD build/debug/stm32f1xx_hal_uart.o
LOAD build/debug/stm32f1xx_it.o
LOAD build/debug/system_stm32f1xx.o
LOAD build/debug/startup_stm32f103xb.o
LOAD c:/users/igorn/appdata/roaming/code/user/globalstorage/bmd.stm32-for-vscode/@xpack-dev-tools/arm-none-eabi-gcc/12.3.1-1.1.1/.content/bin/../lib/gcc/arm-none-eabi/12.3.1/../../../../arm-none-eabi/lib/thumb/v7-m/nofp\libc_nano.a
LOAD c:/users/igorn/appdata/roaming/code/user/globalstorage/bmd.stm32-for-vscode/@xpack-dev-tools/arm-none-eabi-gcc/12.3.1-1.1.1/.content/bin/../lib/gcc/arm-none-eabi/12.3.1/../../../../arm-none-eabi/lib/thumb/v7-m/nofp\libm.a
LOAD c:/users/igorn/appdata/roaming/code/user/globalstorage/bmd.stm32-for-vscode/@xpack-dev-tools/arm-none-eabi-gcc/12.3.1-1.1.1/.content/bin/../lib/gcc/arm-none-eabi/12.3.1/../../../../arm-none-eabi/lib/thumb/v7-m/nofp\libnosys.a
START GROUP
LOAD c:/users/igorn/appdata/roaming/code/user/globalstorage/bmd.stm32-for-vscode/@xpack-dev-tools/arm-none-eabi-gcc/12.3.1-1.1.1/.content/bin/../lib/gcc/arm-none-eabi/12.3.1/thumb/v7-m/nofp\libgcc.a
LOAD c:/users/igorn/appdata/roaming/code/user/globalstorage/bmd.stm32-for-vscode/@xpack-dev-tools/arm-none-eabi-gcc/12.3.1-1.1.1/.content/bin/../lib/gcc/arm-none-eabi/12.3.1/../../../../arm-none-eabi/lib/thumb/v7-m/nofp\libc_nano.a
END GROUP
START GROUP
LOAD c:/users/igorn/appdata/roaming/code/user/globalstorage/bmd.stm32-for-vscode/@xpack-dev-tools/arm-none-eabi-gcc/12.3.1-1.1.1/.content/bin/../lib/gcc/arm-none-eabi/12.3.1/thumb/v7-m/nofp\libgcc.a
LOAD c:/users/igorn/appdata/roaming/code/user/globalstorage/bmd.stm32-for-vscode/@xpack-dev-tools/arm-none-eabi-gcc/12.3.1-1.1.1/.content/bin/../lib/gcc/arm-none-eabi/12.3.1/../../../../arm-none-eabi/lib/thumb/v7-m/nofp\libc_nano.a
END GROUP
LOAD c:/users/igorn/appdata/roaming/code/user/globalstorage/bmd.stm32-for-vscode/@xpack-dev-tools/arm-none-eabi-gcc/12.3.1-1.1.1/.content/bin/../lib/gcc/arm-none-eabi/12.3.1/thumb/v7-m/nofp/crtend.o
LOAD c:/users/igorn/appdata/roaming/code/user/globalstorage/bmd.stm32-for-vscode/@xpack-dev-tools/arm-none-eabi-gcc/12.3.1-1.1.1/.content/bin/../lib/gcc/arm-none-eabi/12.3.1/thumb/v7-m/nofp/crtn.o
                0x20005000                        _estack = (ORIGIN (RAM) + LENGTH (RAM))
                0x00000200                        _Min_Heap_Size = 0x200
                0x00000400                        _Min_Stack_Size = 0x400

.isr_vector     0x08000000      0x10c
                0x08000000                        . = ALIGN (0x4)
 *(.isr_vector)
 .isr_vector    0x08000000      0x10c build/debug/startup_stm32f103xb.o
                0x08000000                g_pfnVectors
                0x0800010c                        . = ALIGN (0x4)

.text           0x0800010c     0x3530
                0x0800010c                        . = ALIGN (0x4)
 *(.text)
 .text          0x0800010c      0x21c c:/users/igorn/appdata/roaming/code/user/globalstorage/bmd.stm32-for-vscode/@xpack-dev-tools/arm-none-eabi-gcc/12.3.1-1.1.1/.content/bin/../lib/gcc/arm-none-eabi/12.3.1/thumb/v7-m/nofp\libgcc.a(_arm_addsubsf3.o)
                0x0800010c                __aeabi_frsub
                0x08000114                __subsf3
                0x08000114                __aeabi_fsub
                0x08000118                __aeabi_fadd
                0x08000118                __addsf3
                0x08000278                __aeabi_ui2f
                0x08000278                __floatunsisf
                0x08000280                __aeabi_i2f
                0x08000280                __floatsisf
                0x0800029c                __aeabi_ul2f
                0x0800029c                __floatundisf
                0x080002ac                __aeabi_l2f
                0x080002ac                __floatdisf
 .text          0x08000328      0x2a0 c:/users/igorn/appdata/roaming/code/user/globalstorage/bmd.stm32-for-vscode/@xpack-dev-tools/arm-none-eabi-gcc/12.3.1-1.1.1/.content/bin/../lib/gcc/arm-none-eabi/12.3.1/thumb/v7-m/nofp\libgcc.a(_arm_muldivsf3.o)
                0x08000328                __mulsf3
                0x08000328                __aeabi_fmul
                0x08000490                __aeabi_fdiv
                0x08000490                __divsf3
 .text          0x080005c8       0x40 c:/users/igorn/appdata/roaming/code/user/globalstorage/bmd.stm32-for-vscode/@xpack-dev-tools/arm-none-eabi-gcc/12.3.1-1.1.1/.content/bin/../lib/gcc/arm-none-eabi/12.3.1/thumb/v7-m/nofp\libgcc.a(_arm_fixunssfsi.o)
                0x080005c8                __fixunssfsi
                0x080005c8                __aeabi_f2uiz
 *(.text*)
 .text.__do_global_dtors_aux
                0x08000608       0x24 c:/users/igorn/appdata/roaming/code/user/globalstorage/bmd.stm32-for-vscode/@xpack-dev-tools/arm-none-eabi-gcc/12.3.1-1.1.1/.content/bin/../lib/gcc/arm-none-eabi/12.3.1/thumb/v7-m/nofp/crtbegin.o
 .text.frame_dummy
                0x0800062c       0x1c c:/users/igorn/appdata/roaming/code/user/globalstorage/bmd.stm32-for-vscode/@xpack-dev-tools/arm-none-eabi-gcc/12.3.1-1.1.1/.content/bin/../lib/gcc/arm-none-eabi/12.3.1/thumb/v7-m/nofp/crtbegin.o
 .text.NOS_PixelColor_SetColor
                0x08000648        0x8 build/debug/NOS_BaseColors.o
                0x08000648                NOS_PixelColor_SetColor
 .text.NOS_GetBaseColor
                0x08000650       0xf8 build/debug/NOS_BaseColors.o
                0x08000650                NOS_GetBaseColor
 .text.NOS_Math_GetSinValue
                0x08000748        0x4 build/debug/NOS_Math.o
                0x08000748                NOS_Math_GetSinValue
 .text.NOS_Math_SinValue_Handler
                0x0800074c       0x3c build/debug/NOS_Math.o
                0x0800074c                NOS_Math_SinValue_Handler
 .text.NOS_Math_SinValue_Init
                0x08000788       0x12 build/debug/NOS_Math.o
                0x08000788                NOS_Math_SinValue_Init
 .text.NOS_Strip_UART_ParseCommand
                0x0800079a      0x13c build/debug/NOS_Strip_UART.o
                0x0800079a                NOS_Strip_UART_ParseCommand
 .text.NOS_TimeEvent_Init
                0x080008d6        0xe build/debug/NOS_Time.o
                0x080008d6                NOS_TimeEvent_Init
 .text.NOS_TimeEvent_TickHandler
                0x080008e4       0x16 build/debug/NOS_Time.o
                0x080008e4                NOS_TimeEvent_TickHandler
 .text.NOS_TimeEvent_Check
                0x080008fa        0xe build/debug/NOS_Time.o
                0x080008fa                NOS_TimeEvent_Check
 .text.NOS_TimeEvent_FinishEvent
                0x08000908        0x8 build/debug/NOS_Time.o
                0x08000908                NOS_TimeEvent_FinishEvent
 .text.NOS_UART_ReceiveReset
                0x08000910       0x16 build/debug/NOS_UART.o
                0x08000910                NOS_UART_ReceiveReset
 .text.NOS_UART_ReceiveAbort
                0x08000926       0x3c build/debug/NOS_UART.o
                0x08000926                NOS_UART_ReceiveAbort
 .text.GetCRC16
                0x08000962       0x3a build/debug/NOS_UART.o
                0x08000962                GetCRC16
 .text.NOS_UART_ReceiveHandler
                0x0800099c       0x42 build/debug/NOS_UART.o
                0x0800099c                NOS_UART_ReceiveHandler
 .text.NOS_UART_ParsePacket
                0x080009de       0x82 build/debug/NOS_UART.o
                0x080009de                NOS_UART_ParsePacket
 .text.NOS_UART_PacketApprovedNotice
                0x08000a60       0x6a build/debug/NOS_UART.o
                0x08000a60                NOS_UART_PacketApprovedNotice
 .text.NOS_UART_CheckReceive
                0x08000aca        0x8 build/debug/NOS_UART.o
                0x08000aca                NOS_UART_CheckReceive
 .text.NOS_UART_EndReceive
                0x08000ad2        0xa build/debug/NOS_UART.o
                0x08000ad2                NOS_UART_EndReceive
 .text.NOS_WS2812B_Strip_FullInit
                0x08000adc       0x12 build/debug/NOS_WS2812B_Strip.o
                0x08000adc                NOS_WS2812B_Strip_FullInit
 .text.NOS_WS2812B_Strip_CoreSetPixel
                0x08000aee       0x28 build/debug/NOS_WS2812B_Strip.o
                0x08000aee                NOS_WS2812B_Strip_CoreSetPixel
 .text.NOS_WS2812B_Strip_SetPixel
                0x08000b16       0x28 build/debug/NOS_WS2812B_Strip.o
                0x08000b16                NOS_WS2812B_Strip_SetPixel
 *fill*         0x08000b3e        0x2 
 .text.NOS_WS2812B_Strip_Update
                0x08000b40       0x80 build/debug/NOS_WS2812B_Strip.o
                0x08000b40                NOS_WS2812B_Strip_Update
 .text.NOS_WS2812B_Strip_ColorFill
                0x08000bc0       0x2e build/debug/NOS_WS2812B_Strip.o
                0x08000bc0                NOS_WS2812B_Strip_ColorFill
 .text.NOS_WS2812B_Strip_SetBright
                0x08000bee        0x4 build/debug/NOS_WS2812B_Strip.o
                0x08000bee                NOS_WS2812B_Strip_SetBright
 .text.NOS_WS2812B_Strip_Effect_Breathe_Init
                0x08000bf2       0x30 build/debug/NOS_WS2812B_Strip.o
                0x08000bf2                NOS_WS2812B_Strip_Effect_Breathe_Init
 .text.NOS_WS2812B_Strip_Effect_Breathe_Handler
                0x08000c22       0x3a build/debug/NOS_WS2812B_Strip.o
                0x08000c22                NOS_WS2812B_Strip_Effect_Breathe_Handler
 .text.NOS_WS2812B_Strip_Effect_Rainbow_Init
                0x08000c5c       0x30 build/debug/NOS_WS2812B_Strip.o
                0x08000c5c                NOS_WS2812B_Strip_Effect_Rainbow_Init
 .text.NOS_WS2812B_Strip_Effects_AddEffect
                0x08000c8c       0x72 build/debug/NOS_WS2812B_Strip.o
                0x08000c8c                NOS_WS2812B_Strip_Effects_AddEffect
 .text.NOS_WS2812B_Strip_Effects_UpdateEffect
                0x08000cfe       0x6c build/debug/NOS_WS2812B_Strip.o
                0x08000cfe                NOS_WS2812B_Strip_Effects_UpdateEffect
 *fill*         0x08000d6a        0x2 
 .text.NOS_WS2812B_Strip_Effect_Rainbow_Handler
                0x08000d6c      0x210 build/debug/NOS_WS2812B_Strip.o
                0x08000d6c                NOS_WS2812B_Strip_Effect_Rainbow_Handler
 .text.NOS_WS2812B_Strip_Effects_Handler
                0x08000f7c       0x3e build/debug/NOS_WS2812B_Strip.o
                0x08000f7c                NOS_WS2812B_Strip_Effects_Handler
 *fill*         0x08000fba        0x2 
 .text.visInit  0x08000fbc       0x40 build/debug/WS2812B_Effects.o
                0x08000fbc                visInit
 .text.visHandle
                0x08000ffc       0x20 build/debug/WS2812B_Effects.o
                0x08000ffc                visHandle
 .text.ws2812b_set_pixel
                0x0800101c       0xc4 build/debug/WS2812b_Core.o
 .text.loadNextFramebufferData
                0x080010e0       0x34 build/debug/WS2812b_Core.o
 .text.DMA_TransferCompleteHandler
                0x08001114       0xb0 build/debug/WS2812b_Core.o
                0x08001114                DMA_TransferCompleteHandler
 .text.WS2812_sendbuf
                0x080011c4       0xc4 build/debug/WS2812b_Core.o
 .text.DMA_TransferHalfHandler
                0x08001288       0x50 build/debug/WS2812b_Core.o
                0x08001288                DMA_TransferHalfHandler
 .text.ws2812b_gpio_init
                0x080012d8       0x5c build/debug/WS2812b_Core.o
 .text.DMA_init
                0x08001334      0x110 build/debug/WS2812b_Core.o
 .text.TIM2_init
                0x08001444       0xd8 build/debug/WS2812b_Core.o
 .text.DMA1_Channel2_IRQHandler
                0x0800151c       0x10 build/debug/WS2812b_Core.o
                0x0800151c                DMA1_Channel2_IRQHandler
 .text.DMA1_Channel5_IRQHandler
                0x0800152c       0x10 build/debug/WS2812b_Core.o
                0x0800152c                DMA1_Channel5_IRQHandler
 .text.DMA1_Channel7_IRQHandler
                0x0800153c       0x10 build/debug/WS2812b_Core.o
                0x0800153c                DMA1_Channel7_IRQHandler
 .text.TIM2_IRQHandler
                0x0800154c       0x10 build/debug/WS2812b_Core.o
                0x0800154c                TIM2_IRQHandler
 .text.HAL_TIM_PeriodElapsedCallback
                0x0800155c       0x5c build/debug/WS2812b_Core.o
                0x0800155c                HAL_TIM_PeriodElapsedCallback
 .text.ws2812b_init
                0x080015b8       0x1c build/debug/WS2812b_Core.o
                0x080015b8                ws2812b_init
 .text.ws2812b_handle
                0x080015d4       0x20 build/debug/WS2812b_Core.o
                0x080015d4                ws2812b_handle
 .text.MX_GPIO_Init
                0x080015f4       0x68 build/debug/main.o
 .text.HAL_UART_RxCpltCallback
                0x0800165c       0x1c build/debug/main.o
                0x0800165c                HAL_UART_RxCpltCallback
 .text.SysTick_Handler
                0x08001678       0x14 build/debug/main.o
                0x08001678                SysTick_Handler
 .text.Error_Handler
                0x0800168c        0x4 build/debug/main.o
                0x0800168c                Error_Handler
 .text.MX_USART2_UART_Init
                0x08001690       0x34 build/debug/main.o
 .text.SystemClock_Config
                0x080016c4       0x60 build/debug/main.o
                0x080016c4                SystemClock_Config
 .text.main     0x08001724      0x32c build/debug/main.o
                0x08001724                main
 .text.HAL_InitTick
                0x08001a50       0x4c build/debug/stm32f1xx_hal.o
                0x08001a50                HAL_InitTick
 .text.HAL_Init
                0x08001a9c       0x24 build/debug/stm32f1xx_hal.o
                0x08001a9c                HAL_Init
 .text.HAL_IncTick
                0x08001ac0       0x18 build/debug/stm32f1xx_hal.o
                0x08001ac0                HAL_IncTick
 .text.HAL_GetTick
                0x08001ad8        0xc build/debug/stm32f1xx_hal.o
                0x08001ad8                HAL_GetTick
 .text.__NVIC_SetPriority
                0x08001ae4       0x28 build/debug/stm32f1xx_hal_cortex.o
 .text.NVIC_EncodePriority
                0x08001b0c       0x3e build/debug/stm32f1xx_hal_cortex.o
 *fill*         0x08001b4a        0x2 
 .text.HAL_NVIC_SetPriorityGrouping
                0x08001b4c       0x24 build/debug/stm32f1xx_hal_cortex.o
                0x08001b4c                HAL_NVIC_SetPriorityGrouping
 .text.HAL_NVIC_SetPriority
                0x08001b70       0x20 build/debug/stm32f1xx_hal_cortex.o
                0x08001b70                HAL_NVIC_SetPriority
 .text.HAL_NVIC_EnableIRQ
                0x08001b90       0x1c build/debug/stm32f1xx_hal_cortex.o
                0x08001b90                HAL_NVIC_EnableIRQ
 .text.HAL_SYSTICK_Config
                0x08001bac       0x28 build/debug/stm32f1xx_hal_cortex.o
                0x08001bac                HAL_SYSTICK_Config
 .text.DMA_SetConfig
                0x08001bd4       0x2c build/debug/stm32f1xx_hal_dma.o
 .text.HAL_DMA_Init
                0x08001c00       0x6c build/debug/stm32f1xx_hal_dma.o
                0x08001c00                HAL_DMA_Init
 .text.HAL_DMA_Start
                0x08001c6c       0x52 build/debug/stm32f1xx_hal_dma.o
                0x08001c6c                HAL_DMA_Start
 .text.HAL_DMA_Start_IT
                0x08001cbe       0x76 build/debug/stm32f1xx_hal_dma.o
                0x08001cbe                HAL_DMA_Start_IT
 .text.HAL_DMA_Abort
                0x08001d34       0x46 build/debug/stm32f1xx_hal_dma.o
                0x08001d34                HAL_DMA_Abort
 *fill*         0x08001d7a        0x2 
 .text.HAL_DMA_Abort_IT
                0x08001d7c       0x98 build/debug/stm32f1xx_hal_dma.o
                0x08001d7c                HAL_DMA_Abort_IT
 .text.HAL_DMA_IRQHandler
                0x08001e14      0x144 build/debug/stm32f1xx_hal_dma.o
                0x08001e14                HAL_DMA_IRQHandler
 .text.HAL_GPIO_Init
                0x08001f58      0x21c build/debug/stm32f1xx_hal_gpio.o
                0x08001f58                HAL_GPIO_Init
 .text.HAL_GPIO_WritePin
                0x08002174        0xc build/debug/stm32f1xx_hal_gpio.o
                0x08002174                HAL_GPIO_WritePin
 .text.HAL_GPIO_TogglePin
                0x08002180       0x12 build/debug/stm32f1xx_hal_gpio.o
                0x08002180                HAL_GPIO_TogglePin
 *fill*         0x08002192        0x2 
 .text.HAL_MspInit
                0x08002194       0x30 build/debug/stm32f1xx_hal_msp.o
                0x08002194                HAL_MspInit
 .text.HAL_UART_MspInit
                0x080021c4       0x88 build/debug/stm32f1xx_hal_msp.o
                0x080021c4                HAL_UART_MspInit
 .text.RCC_Delay
                0x0800224c       0x2c build/debug/stm32f1xx_hal_rcc.o
 .text.HAL_RCC_OscConfig
                0x08002278      0x410 build/debug/stm32f1xx_hal_rcc.o
                0x08002278                HAL_RCC_OscConfig
 .text.HAL_RCC_GetSysClockFreq
                0x08002688       0x54 build/debug/stm32f1xx_hal_rcc.o
                0x08002688                HAL_RCC_GetSysClockFreq
 .text.HAL_RCC_ClockConfig
                0x080026dc      0x16c build/debug/stm32f1xx_hal_rcc.o
                0x080026dc                HAL_RCC_ClockConfig
 .text.HAL_RCC_GetHCLKFreq
                0x08002848        0xc build/debug/stm32f1xx_hal_rcc.o
                0x08002848                HAL_RCC_GetHCLKFreq
 .text.HAL_RCC_GetPCLK1Freq
                0x08002854       0x20 build/debug/stm32f1xx_hal_rcc.o
                0x08002854                HAL_RCC_GetPCLK1Freq
 .text.HAL_RCC_GetPCLK2Freq
                0x08002874       0x20 build/debug/stm32f1xx_hal_rcc.o
                0x08002874                HAL_RCC_GetPCLK2Freq
 .text.TIM_OC1_SetConfig
                0x08002894       0x54 build/debug/stm32f1xx_hal_tim.o
 .text.TIM_OC3_SetConfig
                0x080028e8       0x5c build/debug/stm32f1xx_hal_tim.o
 .text.TIM_OC4_SetConfig
                0x08002944       0x48 build/debug/stm32f1xx_hal_tim.o
 .text.HAL_TIM_Base_Start
                0x0800298c       0x5c build/debug/stm32f1xx_hal_tim.o
                0x0800298c                HAL_TIM_Base_Start
 .text.HAL_TIM_PWM_MspInit
                0x080029e8        0x2 build/debug/stm32f1xx_hal_tim.o
                0x080029e8                HAL_TIM_PWM_MspInit
 .text.HAL_TIM_OC_DelayElapsedCallback
                0x080029ea        0x2 build/debug/stm32f1xx_hal_tim.o
                0x080029ea                HAL_TIM_OC_DelayElapsedCallback
 .text.HAL_TIM_IC_CaptureCallback
                0x080029ec        0x2 build/debug/stm32f1xx_hal_tim.o
                0x080029ec                HAL_TIM_IC_CaptureCallback
 .text.HAL_TIM_PWM_PulseFinishedCallback
                0x080029ee        0x2 build/debug/stm32f1xx_hal_tim.o
                0x080029ee                HAL_TIM_PWM_PulseFinishedCallback
 .text.HAL_TIM_TriggerCallback
                0x080029f0        0x2 build/debug/stm32f1xx_hal_tim.o
                0x080029f0                HAL_TIM_TriggerCallback
 .text.HAL_TIM_IRQHandler
                0x080029f2      0x15e build/debug/stm32f1xx_hal_tim.o
                0x080029f2                HAL_TIM_IRQHandler
 .text.TIM_Base_SetConfig
                0x08002b50       0x84 build/debug/stm32f1xx_hal_tim.o
                0x08002b50                TIM_Base_SetConfig
 .text.HAL_TIM_PWM_Init
                0x08002bd4       0x58 build/debug/stm32f1xx_hal_tim.o
                0x08002bd4                HAL_TIM_PWM_Init
 .text.TIM_OC2_SetConfig
                0x08002c2c       0x5c build/debug/stm32f1xx_hal_tim.o
                0x08002c2c                TIM_OC2_SetConfig
 .text.HAL_TIM_PWM_ConfigChannel
                0x08002c88       0xdc build/debug/stm32f1xx_hal_tim.o
                0x08002c88                HAL_TIM_PWM_ConfigChannel
 .text.TIM_CCxChannelCmd
                0x08002d64       0x1e build/debug/stm32f1xx_hal_tim.o
                0x08002d64                TIM_CCxChannelCmd
 *fill*         0x08002d82        0x2 
 .text.HAL_TIM_PWM_Start
                0x08002d84       0xdc build/debug/stm32f1xx_hal_tim.o
                0x08002d84                HAL_TIM_PWM_Start
 .text.HAL_TIMEx_CommutCallback
                0x08002e60        0x2 build/debug/stm32f1xx_hal_tim_ex.o
                0x08002e60                HAL_TIMEx_CommutCallback
 .text.HAL_TIMEx_BreakCallback
                0x08002e62        0x2 build/debug/stm32f1xx_hal_tim_ex.o
                0x08002e62                HAL_TIMEx_BreakCallback
 .text.UART_EndRxTransfer
                0x08002e64       0x5c build/debug/stm32f1xx_hal_uart.o
 .text.UART_Transmit_IT
                0x08002ec0       0x60 build/debug/stm32f1xx_hal_uart.o
 .text.UART_SetConfig
                0x08002f20       0x94 build/debug/stm32f1xx_hal_uart.o
 .text.UART_WaitOnFlagUntilTimeout
                0x08002fb4       0x86 build/debug/stm32f1xx_hal_uart.o
 .text.HAL_UART_Init
                0x0800303a       0x60 build/debug/stm32f1xx_hal_uart.o
                0x0800303a                HAL_UART_Init
 .text.HAL_UART_Transmit
                0x0800309a       0xcc build/debug/stm32f1xx_hal_uart.o
                0x0800309a                HAL_UART_Transmit
 .text.HAL_UART_TxCpltCallback
                0x08003166        0x2 build/debug/stm32f1xx_hal_uart.o
                0x08003166                HAL_UART_TxCpltCallback
 .text.UART_EndTransmit_IT
                0x08003168       0x1a build/debug/stm32f1xx_hal_uart.o
 .text.HAL_UART_ErrorCallback
                0x08003182        0x2 build/debug/stm32f1xx_hal_uart.o
                0x08003182                HAL_UART_ErrorCallback
 .text.UART_DMAAbortOnError
                0x08003184       0x10 build/debug/stm32f1xx_hal_uart.o
 .text.HAL_UARTEx_RxEventCallback
                0x08003194        0x2 build/debug/stm32f1xx_hal_uart.o
                0x08003194                HAL_UARTEx_RxEventCallback
 .text.UART_Receive_IT
                0x08003196       0xe6 build/debug/stm32f1xx_hal_uart.o
 .text.HAL_UART_IRQHandler
                0x0800327c      0x284 build/debug/stm32f1xx_hal_uart.o
                0x0800327c                HAL_UART_IRQHandler
 .text.UART_Start_Receive_IT
                0x08003500       0x36 build/debug/stm32f1xx_hal_uart.o
                0x08003500                UART_Start_Receive_IT
 .text.HAL_UART_Receive_IT
                0x08003536       0x26 build/debug/stm32f1xx_hal_uart.o
                0x08003536                HAL_UART_Receive_IT
 .text.NMI_Handler
                0x0800355c        0x2 build/debug/stm32f1xx_it.o
                0x0800355c                NMI_Handler
 .text.HardFault_Handler
                0x0800355e        0x2 build/debug/stm32f1xx_it.o
                0x0800355e                HardFault_Handler
 .text.MemManage_Handler
                0x08003560        0x2 build/debug/stm32f1xx_it.o
                0x08003560                MemManage_Handler
 .text.BusFault_Handler
                0x08003562        0x2 build/debug/stm32f1xx_it.o
                0x08003562                BusFault_Handler
 .text.UsageFault_Handler
                0x08003564        0x2 build/debug/stm32f1xx_it.o
                0x08003564                UsageFault_Handler
 .text.SVC_Handler
                0x08003566        0x2 build/debug/stm32f1xx_it.o
                0x08003566                SVC_Handler
 .text.DebugMon_Handler
                0x08003568        0x2 build/debug/stm32f1xx_it.o
                0x08003568                DebugMon_Handler
 .text.PendSV_Handler
                0x0800356a        0x2 build/debug/stm32f1xx_it.o
                0x0800356a                PendSV_Handler
 .text.USART2_IRQHandler
                0x0800356c       0x10 build/debug/stm32f1xx_it.o
                0x0800356c                USART2_IRQHandler
 .text.SystemInit
                0x0800357c        0x2 build/debug/system_stm32f1xx.o
                0x0800357c                SystemInit
 *fill*         0x0800357e        0x2 
 .text.Reset_Handler
                0x08003580       0x48 build/debug/startup_stm32f103xb.o
                0x08003580                Reset_Handler
 .text.Default_Handler
                0x080035c8        0x2 build/debug/startup_stm32f103xb.o
                0x080035c8                RTC_Alarm_IRQHandler
                0x080035c8                EXTI2_IRQHandler
                0x080035c8                TIM1_CC_IRQHandler
                0x080035c8                PVD_IRQHandler
                0x080035c8                EXTI3_IRQHandler
                0x080035c8                EXTI0_IRQHandler
                0x080035c8                I2C2_EV_IRQHandler
                0x080035c8                ADC1_2_IRQHandler
                0x080035c8                SPI1_IRQHandler
                0x080035c8                TAMPER_IRQHandler
                0x080035c8                DMA1_Channel4_IRQHandler
                0x080035c8                USART3_IRQHandler
                0x080035c8                RTC_IRQHandler
                0x080035c8                CAN1_RX1_IRQHandler
                0x080035c8                TIM4_IRQHandler
                0x080035c8                I2C1_EV_IRQHandler
                0x080035c8                DMA1_Channel6_IRQHandler
                0x080035c8                TIM3_IRQHandler
                0x080035c8                RCC_IRQHandler
                0x080035c8                TIM1_TRG_COM_IRQHandler
                0x080035c8                DMA1_Channel1_IRQHandler
                0x080035c8                Default_Handler
                0x080035c8                EXTI15_10_IRQHandler
                0x080035c8                EXTI9_5_IRQHandler
                0x080035c8                SPI2_IRQHandler
                0x080035c8                EXTI4_IRQHandler
                0x080035c8                USB_LP_CAN1_RX0_IRQHandler
                0x080035c8                USB_HP_CAN1_TX_IRQHandler
                0x080035c8                DMA1_Channel3_IRQHandler
                0x080035c8                TIM1_UP_IRQHandler
                0x080035c8                WWDG_IRQHandler
                0x080035c8                TIM1_BRK_IRQHandler
                0x080035c8                EXTI1_IRQHandler
                0x080035c8                I2C2_ER_IRQHandler
                0x080035c8                CAN1_SCE_IRQHandler
                0x080035c8                FLASH_IRQHandler
                0x080035c8                USART1_IRQHandler
                0x080035c8                I2C1_ER_IRQHandler
                0x080035c8                USBWakeUp_IRQHandler
 .text.memset   0x080035ca       0x10 c:/users/igorn/appdata/roaming/code/user/globalstorage/bmd.stm32-for-vscode/@xpack-dev-tools/arm-none-eabi-gcc/12.3.1-1.1.1/.content/bin/../lib/gcc/arm-none-eabi/12.3.1/../../../../arm-none-eabi/lib/thumb/v7-m/nofp\libc_nano.a(libc_a-memset.o)
                0x080035ca                memset
 *fill*         0x080035da        0x2 
 .text.__libc_init_array
                0x080035dc       0x48 c:/users/igorn/appdata/roaming/code/user/globalstorage/bmd.stm32-for-vscode/@xpack-dev-tools/arm-none-eabi-gcc/12.3.1-1.1.1/.content/bin/../lib/gcc/arm-none-eabi/12.3.1/../../../../arm-none-eabi/lib/thumb/v7-m/nofp\libc_nano.a(libc_a-init.o)
                0x080035dc                __libc_init_array
 *(.glue_7)
 .glue_7        0x08003624        0x0 linker stubs
 *(.glue_7t)
 .glue_7t       0x08003624        0x0 linker stubs
 *(.eh_frame)
 .eh_frame      0x08003624        0x0 c:/users/igorn/appdata/roaming/code/user/globalstorage/bmd.stm32-for-vscode/@xpack-dev-tools/arm-none-eabi-gcc/12.3.1-1.1.1/.content/bin/../lib/gcc/arm-none-eabi/12.3.1/thumb/v7-m/nofp/crtbegin.o
 *(.init)
 .init          0x08003624        0x4 c:/users/igorn/appdata/roaming/code/user/globalstorage/bmd.stm32-for-vscode/@xpack-dev-tools/arm-none-eabi-gcc/12.3.1-1.1.1/.content/bin/../lib/gcc/arm-none-eabi/12.3.1/thumb/v7-m/nofp/crti.o
                0x08003624                _init
 .init          0x08003628        0x8 c:/users/igorn/appdata/roaming/code/user/globalstorage/bmd.stm32-for-vscode/@xpack-dev-tools/arm-none-eabi-gcc/12.3.1-1.1.1/.content/bin/../lib/gcc/arm-none-eabi/12.3.1/thumb/v7-m/nofp/crtn.o
 *(.fini)
 .fini          0x08003630        0x4 c:/users/igorn/appdata/roaming/code/user/globalstorage/bmd.stm32-for-vscode/@xpack-dev-tools/arm-none-eabi-gcc/12.3.1-1.1.1/.content/bin/../lib/gcc/arm-none-eabi/12.3.1/thumb/v7-m/nofp/crti.o
                0x08003630                _fini
 .fini          0x08003634        0x8 c:/users/igorn/appdata/roaming/code/user/globalstorage/bmd.stm32-for-vscode/@xpack-dev-tools/arm-none-eabi-gcc/12.3.1-1.1.1/.content/bin/../lib/gcc/arm-none-eabi/12.3.1/thumb/v7-m/nofp/crtn.o
                0x0800363c                        . = ALIGN (0x4)
                0x0800363c                        _etext = .

.vfp11_veneer   0x0800363c        0x0
 .vfp11_veneer  0x0800363c        0x0 linker stubs

.v4_bx          0x0800363c        0x0
 .v4_bx         0x0800363c        0x0 linker stubs

.iplt           0x0800363c        0x0
 .iplt          0x0800363c        0x0 c:/users/igorn/appdata/roaming/code/user/globalstorage/bmd.stm32-for-vscode/@xpack-dev-tools/arm-none-eabi-gcc/12.3.1-1.1.1/.content/bin/../lib/gcc/arm-none-eabi/12.3.1/thumb/v7-m/nofp/crtbegin.o

.rodata         0x0800363c      0x134
                0x0800363c                        . = ALIGN (0x4)
 *(.rodata)
 *(.rodata*)
 .rodata.gammaTable
                0x0800363c      0x100 build/debug/WS2812b_Core.o
                0x0800363c                gammaTable
 .rodata.main.str1.4
                0x0800373c        0x6 build/debug/main.o
 *fill*         0x08003742        0x2 
 .rodata.aPredivFactorTable.0
                0x08003744        0x2 build/debug/stm32f1xx_hal_rcc.o
 *fill*         0x08003746        0x2 
 .rodata.aPLLMULFactorTable.1
                0x08003748       0x10 build/debug/stm32f1xx_hal_rcc.o
 .rodata.APBPrescTable
                0x08003758        0x8 build/debug/system_stm32f1xx.o
                0x08003758                APBPrescTable
 .rodata.AHBPrescTable
                0x08003760       0x10 build/debug/system_stm32f1xx.o
                0x08003760                AHBPrescTable
                0x08003770                        . = ALIGN (0x4)

.rel.dyn        0x08003770        0x0
 .rel.iplt      0x08003770        0x0 c:/users/igorn/appdata/roaming/code/user/globalstorage/bmd.stm32-for-vscode/@xpack-dev-tools/arm-none-eabi-gcc/12.3.1-1.1.1/.content/bin/../lib/gcc/arm-none-eabi/12.3.1/thumb/v7-m/nofp/crtbegin.o

.ARM.extab
 *(.ARM.extab* .gnu.linkonce.armextab.*)

.ARM            0x08003770        0x0
                0x08003770                        __exidx_start = .
 *(.ARM.exidx*)
                0x08003770                        __exidx_end = .

.preinit_array  0x08003770        0x0
                0x08003770                        PROVIDE (__preinit_array_start = .)
 *(.preinit_array*)
                0x08003770                        PROVIDE (__preinit_array_end = .)

.init_array     0x08003770        0x4
                0x08003770                        PROVIDE (__init_array_start = .)
 *(SORT_BY_NAME(.init_array.*))
 *(.init_array*)
 .init_array    0x08003770        0x4 c:/users/igorn/appdata/roaming/code/user/globalstorage/bmd.stm32-for-vscode/@xpack-dev-tools/arm-none-eabi-gcc/12.3.1-1.1.1/.content/bin/../lib/gcc/arm-none-eabi/12.3.1/thumb/v7-m/nofp/crtbegin.o
                0x08003774                        PROVIDE (__init_array_end = .)

.fini_array     0x08003774        0x4
                0x08003774                        PROVIDE (__fini_array_start = .)
 *(SORT_BY_NAME(.fini_array.*))
 *(.fini_array*)
 .fini_array    0x08003774        0x4 c:/users/igorn/appdata/roaming/code/user/globalstorage/bmd.stm32-for-vscode/@xpack-dev-tools/arm-none-eabi-gcc/12.3.1-1.1.1/.content/bin/../lib/gcc/arm-none-eabi/12.3.1/thumb/v7-m/nofp/crtbegin.o
                0x08003778                        PROVIDE (__fini_array_end = .)
                0x08003778                        _sidata = LOADADDR (.data)

.data           0x20000000       0x14 load address 0x08003778
                0x20000000                        . = ALIGN (0x4)
                0x20000000                        _sdata = .
 *(.data)
 *(.data*)
 .data.WS2812_IO_Low
                0x20000000        0x4 build/debug/WS2812b_Core.o
                0x20000000                WS2812_IO_Low
 .data.WS2812_IO_High
                0x20000004        0x4 build/debug/WS2812b_Core.o
                0x20000004                WS2812_IO_High
 .data.uwTickFreq
                0x20000008        0x1 build/debug/stm32f1xx_hal.o
                0x20000008                uwTickFreq
 *fill*         0x20000009        0x3 
 .data.uwTickPrio
                0x2000000c        0x4 build/debug/stm32f1xx_hal.o
                0x2000000c                uwTickPrio
 .data.SystemCoreClock
                0x20000010        0x4 build/debug/system_stm32f1xx.o
                0x20000010                SystemCoreClock
                0x20000014                        . = ALIGN (0x4)
                0x20000014                        _edata = .

.igot.plt       0x20000014        0x0 load address 0x0800378c
 .igot.plt      0x20000014        0x0 c:/users/igorn/appdata/roaming/code/user/globalstorage/bmd.stm32-for-vscode/@xpack-dev-tools/arm-none-eabi-gcc/12.3.1-1.1.1/.content/bin/../lib/gcc/arm-none-eabi/12.3.1/thumb/v7-m/nofp/crtbegin.o
                0x20000014                        . = ALIGN (0x4)

.bss            0x20000014     0x24a4 load address 0x0800378c
                0x20000014                        _sbss = .
                0x20000014                        __bss_start__ = _sbss
 *(.bss)
 *(.bss*)
 .bss.completed.1
                0x20000014        0x1 c:/users/igorn/appdata/roaming/code/user/globalstorage/bmd.stm32-for-vscode/@xpack-dev-tools/arm-none-eabi-gcc/12.3.1-1.1.1/.content/bin/../lib/gcc/arm-none-eabi/12.3.1/thumb/v7-m/nofp/crtbegin.o
 *fill*         0x20000015        0x3 
 .bss.object.0  0x20000018       0x18 c:/users/igorn/appdata/roaming/code/user/globalstorage/bmd.stm32-for-vscode/@xpack-dev-tools/arm-none-eabi-gcc/12.3.1-1.1.1/.content/bin/../lib/gcc/arm-none-eabi/12.3.1/thumb/v7-m/nofp/crtbegin.o
 .bss.frameBuffer3
                0x20000030      0x300 build/debug/WS2812B_Effects.o
                0x20000030                frameBuffer3
 .bss.frameBuffer2
                0x20000330      0x300 build/debug/WS2812B_Effects.o
                0x20000330                frameBuffer2
 .bss.frameBuffer1
                0x20000630      0x300 build/debug/WS2812B_Effects.o
                0x20000630                frameBuffer1
 .bss.dmaCC2    0x20000930       0x44 build/debug/WS2812b_Core.o
                0x20000930                dmaCC2
 .bss.dmaCC1    0x20000974       0x44 build/debug/WS2812b_Core.o
                0x20000974                dmaCC1
 .bss.dmaUpdate
                0x200009b8       0x44 build/debug/WS2812b_Core.o
                0x200009b8                dmaUpdate
 .bss.tim_period
                0x200009fc        0x4 build/debug/WS2812b_Core.o
                0x200009fc                tim_period
 .bss.tim2OC2   0x20000a00       0x1c build/debug/WS2812b_Core.o
                0x20000a00                tim2OC2
 .bss.tim2OC1   0x20000a1c       0x1c build/debug/WS2812b_Core.o
                0x20000a1c                tim2OC1
 .bss.Tim2Handle
                0x20000a38       0x48 build/debug/WS2812b_Core.o
                0x20000a38                Tim2Handle
 .bss.ws2812bDmaBitBuffer
                0x20000a80       0x60 build/debug/WS2812b_Core.o
                0x20000a80                ws2812bDmaBitBuffer
 .bss.ws2812b   0x20000ae0       0x3c build/debug/WS2812b_Core.o
                0x20000ae0                ws2812b
 .bss.tick      0x20000b1c        0x1 build/debug/main.o
                0x20000b1c                tick
 .bss.receive   0x20000b1d        0x1 build/debug/main.o
                0x20000b1d                receive
 *fill*         0x20000b1e        0x2 
 .bss.lastMessage
                0x20000b20       0x24 build/debug/main.o
                0x20000b20                lastMessage
 .bss.breatheA  0x20000b44       0x20 build/debug/main.o
                0x20000b44                breatheA
 .bss.bright    0x20000b64       0x14 build/debug/main.o
                0x20000b64                bright
 .bss.UART2     0x20000b78     0x1054 build/debug/main.o
                0x20000b78                UART2
 .bss.pixelsC   0x20001bcc      0x180 build/debug/main.o
                0x20001bcc                pixelsC
 .bss.pixelsB   0x20001d4c      0x180 build/debug/main.o
                0x20001d4c                pixelsB
 .bss.pixelsA   0x20001ecc      0x180 build/debug/main.o
                0x20001ecc                pixelsA
 .bss.stripC    0x2000204c      0x154 build/debug/main.o
                0x2000204c                stripC
 .bss.stripB    0x200021a0      0x154 build/debug/main.o
                0x200021a0                stripB
 .bss.stripA    0x200022f4      0x154 build/debug/main.o
                0x200022f4                stripA
 .bss.uartTestEvent
                0x20002448        0xc build/debug/main.o
                0x20002448                uartTestEvent
 .bss.screenUpdateEvent
                0x20002454        0xc build/debug/main.o
                0x20002454                screenUpdateEvent
 .bss.tetrisUpdateEvent
                0x20002460        0xc build/debug/main.o
                0x20002460                tetrisUpdateEvent
 .bss.huart2    0x2000246c       0x48 build/debug/main.o
                0x2000246c                huart2
 .bss.uwTick    0x200024b4        0x4 build/debug/stm32f1xx_hal.o
                0x200024b4                uwTick
 *(COMMON)
                0x200024b8                        . = ALIGN (0x4)
                0x200024b8                        _ebss = .
                0x200024b8                        __bss_end__ = _ebss

._user_heap_stack
                0x200024b8      0x600 load address 0x0800378c
                0x200024b8                        . = ALIGN (0x8)
                0x200024b8                        PROVIDE (end = .)
                [!provide]                        PROVIDE (_end = .)
                0x200026b8                        . = (. + _Min_Heap_Size)
 *fill*         0x200024b8      0x200 
                0x20002ab8                        . = (. + _Min_Stack_Size)
 *fill*         0x200026b8      0x400 
                0x20002ab8                        . = ALIGN (0x8)

/DISCARD/
 libc.a(*)
 libm.a(*)
 libgcc.a(*)

.ARM.attributes
                0x00000000       0x29
 *(.ARM.attributes)
 .ARM.attributes
                0x00000000       0x1d c:/users/igorn/appdata/roaming/code/user/globalstorage/bmd.stm32-for-vscode/@xpack-dev-tools/arm-none-eabi-gcc/12.3.1-1.1.1/.content/bin/../lib/gcc/arm-none-eabi/12.3.1/thumb/v7-m/nofp/crti.o
 .ARM.attributes
                0x0000001d       0x2d c:/users/igorn/appdata/roaming/code/user/globalstorage/bmd.stm32-for-vscode/@xpack-dev-tools/arm-none-eabi-gcc/12.3.1-1.1.1/.content/bin/../lib/gcc/arm-none-eabi/12.3.1/thumb/v7-m/nofp/crtbegin.o
 .ARM.attributes
                0x0000004a       0x2d build/debug/NOS_BaseColors.o
 .ARM.attributes
                0x00000077       0x2d build/debug/NOS_Math.o
 .ARM.attributes
                0x000000a4       0x2d build/debug/NOS_Strip_UART.o
 .ARM.attributes
                0x000000d1       0x2d build/debug/NOS_Time.o
 .ARM.attributes
                0x000000fe       0x2d build/debug/NOS_UART.o
 .ARM.attributes
                0x0000012b       0x2d build/debug/NOS_WS2812B_Strip.o
 .ARM.attributes
                0x00000158       0x2d build/debug/WS2812B_Effects.o
 .ARM.attributes
                0x00000185       0x2d build/debug/WS2812b_Core.o
 .ARM.attributes
                0x000001b2       0x2d build/debug/main.o
 .ARM.attributes
                0x000001df       0x2d build/debug/stm32f1xx_hal.o
 .ARM.attributes
                0x0000020c       0x2d build/debug/stm32f1xx_hal_cortex.o
 .ARM.attributes
                0x00000239       0x2d build/debug/stm32f1xx_hal_dma.o
 .ARM.attributes
                0x00000266       0x2d build/debug/stm32f1xx_hal_gpio.o
 .ARM.attributes
                0x00000293       0x2d build/debug/stm32f1xx_hal_msp.o
 .ARM.attributes
                0x000002c0       0x2d build/debug/stm32f1xx_hal_rcc.o
 .ARM.attributes
                0x000002ed       0x2d build/debug/stm32f1xx_hal_tim.o
 .ARM.attributes
                0x0000031a       0x2d build/debug/stm32f1xx_hal_tim_ex.o
 .ARM.attributes
                0x00000347       0x2d build/debug/stm32f1xx_hal_uart.o
 .ARM.attributes
                0x00000374       0x2d build/debug/stm32f1xx_it.o
 .ARM.attributes
                0x000003a1       0x2d build/debug/system_stm32f1xx.o
 .ARM.attributes
                0x000003ce       0x21 build/debug/startup_stm32f103xb.o
 .ARM.attributes
                0x000003ef       0x2d c:/users/igorn/appdata/roaming/code/user/globalstorage/bmd.stm32-for-vscode/@xpack-dev-tools/arm-none-eabi-gcc/12.3.1-1.1.1/.content/bin/../lib/gcc/arm-none-eabi/12.3.1/../../../../arm-none-eabi/lib/thumb/v7-m/nofp\libc_nano.a(libc_a-memset.o)
 .ARM.attributes
                0x0000041c       0x2d c:/users/igorn/appdata/roaming/code/user/globalstorage/bmd.stm32-for-vscode/@xpack-dev-tools/arm-none-eabi-gcc/12.3.1-1.1.1/.content/bin/../lib/gcc/arm-none-eabi/12.3.1/../../../../arm-none-eabi/lib/thumb/v7-m/nofp\libc_nano.a(libc_a-init.o)
 .ARM.attributes
                0x00000449       0x1d c:/users/igorn/appdata/roaming/code/user/globalstorage/bmd.stm32-for-vscode/@xpack-dev-tools/arm-none-eabi-gcc/12.3.1-1.1.1/.content/bin/../lib/gcc/arm-none-eabi/12.3.1/thumb/v7-m/nofp\libgcc.a(_arm_addsubsf3.o)
 .ARM.attributes
                0x00000466       0x1d c:/users/igorn/appdata/roaming/code/user/globalstorage/bmd.stm32-for-vscode/@xpack-dev-tools/arm-none-eabi-gcc/12.3.1-1.1.1/.content/bin/../lib/gcc/arm-none-eabi/12.3.1/thumb/v7-m/nofp\libgcc.a(_arm_muldivsf3.o)
 .ARM.attributes
                0x00000483       0x1d c:/users/igorn/appdata/roaming/code/user/globalstorage/bmd.stm32-for-vscode/@xpack-dev-tools/arm-none-eabi-gcc/12.3.1-1.1.1/.content/bin/../lib/gcc/arm-none-eabi/12.3.1/thumb/v7-m/nofp\libgcc.a(_arm_fixunssfsi.o)
 .ARM.attributes
                0x000004a0       0x1d c:/users/igorn/appdata/roaming/code/user/globalstorage/bmd.stm32-for-vscode/@xpack-dev-tools/arm-none-eabi-gcc/12.3.1-1.1.1/.content/bin/../lib/gcc/arm-none-eabi/12.3.1/thumb/v7-m/nofp/crtn.o
OUTPUT(build/debug/WS2812B_F103C8.elf elf32-littlearm)
LOAD linker stubs
LOAD c:/users/igorn/appdata/roaming/code/user/globalstorage/bmd.stm32-for-vscode/@xpack-dev-tools/arm-none-eabi-gcc/12.3.1-1.1.1/.content/bin/../lib/gcc/arm-none-eabi/12.3.1/../../../../arm-none-eabi/lib/thumb/v7-m/nofp\libc.a
LOAD c:/users/igorn/appdata/roaming/code/user/globalstorage/bmd.stm32-for-vscode/@xpack-dev-tools/arm-none-eabi-gcc/12.3.1-1.1.1/.content/bin/../lib/gcc/arm-none-eabi/12.3.1/../../../../arm-none-eabi/lib/thumb/v7-m/nofp\libm.a
LOAD c:/users/igorn/appdata/roaming/code/user/globalstorage/bmd.stm32-for-vscode/@xpack-dev-tools/arm-none-eabi-gcc/12.3.1-1.1.1/.content/bin/../lib/gcc/arm-none-eabi/12.3.1/thumb/v7-m/nofp\libgcc.a

.comment        0x00000000       0x39
 .comment       0x00000000       0x39 c:/users/igorn/appdata/roaming/code/user/globalstorage/bmd.stm32-for-vscode/@xpack-dev-tools/arm-none-eabi-gcc/12.3.1-1.1.1/.content/bin/../lib/gcc/arm-none-eabi/12.3.1/thumb/v7-m/nofp/crtbegin.o
                                 0x3a (size before relaxing)
 .comment       0x00000039       0x3a build/debug/NOS_BaseColors.o
 .comment       0x00000039       0x3a build/debug/NOS_Math.o
 .comment       0x00000039       0x3a build/debug/NOS_Strip_UART.o
 .comment       0x00000039       0x3a build/debug/NOS_Time.o
 .comment       0x00000039       0x3a build/debug/NOS_UART.o
 .comment       0x00000039       0x3a build/debug/NOS_WS2812B_Strip.o
 .comment       0x00000039       0x3a build/debug/WS2812B_Effects.o
 .comment       0x00000039       0x3a build/debug/WS2812b_Core.o
 .comment       0x00000039       0x3a build/debug/main.o
 .comment       0x00000039       0x3a build/debug/stm32f1xx_hal.o
 .comment       0x00000039       0x3a build/debug/stm32f1xx_hal_cortex.o
 .comment       0x00000039       0x3a build/debug/stm32f1xx_hal_dma.o
 .comment       0x00000039       0x3a build/debug/stm32f1xx_hal_gpio.o
 .comment       0x00000039       0x3a build/debug/stm32f1xx_hal_msp.o
 .comment       0x00000039       0x3a build/debug/stm32f1xx_hal_rcc.o
 .comment       0x00000039       0x3a build/debug/stm32f1xx_hal_tim.o
 .comment       0x00000039       0x3a build/debug/stm32f1xx_hal_tim_ex.o
 .comment       0x00000039       0x3a build/debug/stm32f1xx_hal_uart.o
 .comment       0x00000039       0x3a build/debug/stm32f1xx_it.o
 .comment       0x00000039       0x3a build/debug/system_stm32f1xx.o
 .comment       0x00000039       0x3a c:/users/igorn/appdata/roaming/code/user/globalstorage/bmd.stm32-for-vscode/@xpack-dev-tools/arm-none-eabi-gcc/12.3.1-1.1.1/.content/bin/../lib/gcc/arm-none-eabi/12.3.1/../../../../arm-none-eabi/lib/thumb/v7-m/nofp\libc_nano.a(libc_a-memset.o)
 .comment       0x00000039       0x3a c:/users/igorn/appdata/roaming/code/user/globalstorage/bmd.stm32-for-vscode/@xpack-dev-tools/arm-none-eabi-gcc/12.3.1-1.1.1/.content/bin/../lib/gcc/arm-none-eabi/12.3.1/../../../../arm-none-eabi/lib/thumb/v7-m/nofp\libc_nano.a(libc_a-init.o)

.debug_info     0x00000000    0x1319e
 .debug_info    0x00000000      0x36e build/debug/NOS_BaseColors.o
 .debug_info    0x0000036e      0x20e build/debug/NOS_Math.o
 .debug_info    0x0000057c      0x52a build/debug/NOS_Strip_UART.o
 .debug_info    0x00000aa6      0x2df build/debug/NOS_Time.o
 .debug_info    0x00000d85      0xb7f build/debug/NOS_UART.o
 .debug_info    0x00001904      0xd32 build/debug/NOS_WS2812B_Strip.o
 .debug_info    0x00002636      0x358 build/debug/WS2812B_Effects.o
 .debug_info    0x0000298e     0x12bf build/debug/WS2812b_Core.o
 .debug_info    0x00003c4d     0x1d16 build/debug/main.o
 .debug_info    0x00005963      0x7a2 build/debug/stm32f1xx_hal.o
 .debug_info    0x00006105      0xcad build/debug/stm32f1xx_hal_cortex.o
 .debug_info    0x00006db2      0x7da build/debug/stm32f1xx_hal_dma.o
 .debug_info    0x0000758c      0x604 build/debug/stm32f1xx_hal_gpio.o
 .debug_info    0x00007b90      0xd37 build/debug/stm32f1xx_hal_msp.o
 .debug_info    0x000088c7      0x9c7 build/debug/stm32f1xx_hal_rcc.o
 .debug_info    0x0000928e     0x3b9c build/debug/stm32f1xx_hal_tim.o
 .debug_info    0x0000ce2a     0x1a88 build/debug/stm32f1xx_hal_tim_ex.o
 .debug_info    0x0000e8b2     0x3f54 build/debug/stm32f1xx_hal_uart.o
 .debug_info    0x00012806      0x5de build/debug/stm32f1xx_it.o
 .debug_info    0x00012de4      0x22d build/debug/system_stm32f1xx.o
 .debug_info    0x00013011       0x30 build/debug/startup_stm32f103xb.o
 .debug_info    0x00013041       0xca c:/users/igorn/appdata/roaming/code/user/globalstorage/bmd.stm32-for-vscode/@xpack-dev-tools/arm-none-eabi-gcc/12.3.1-1.1.1/.content/bin/../lib/gcc/arm-none-eabi/12.3.1/thumb/v7-m/nofp\libgcc.a(_arm_addsubsf3.o)
 .debug_info    0x0001310b       0x57 c:/users/igorn/appdata/roaming/code/user/globalstorage/bmd.stm32-for-vscode/@xpack-dev-tools/arm-none-eabi-gcc/12.3.1-1.1.1/.content/bin/../lib/gcc/arm-none-eabi/12.3.1/thumb/v7-m/nofp\libgcc.a(_arm_muldivsf3.o)
 .debug_info    0x00013162       0x3c c:/users/igorn/appdata/roaming/code/user/globalstorage/bmd.stm32-for-vscode/@xpack-dev-tools/arm-none-eabi-gcc/12.3.1-1.1.1/.content/bin/../lib/gcc/arm-none-eabi/12.3.1/thumb/v7-m/nofp\libgcc.a(_arm_fixunssfsi.o)

.debug_abbrev   0x00000000     0x2c11
 .debug_abbrev  0x00000000      0x129 build/debug/NOS_BaseColors.o
 .debug_abbrev  0x00000129       0xf9 build/debug/NOS_Math.o
 .debug_abbrev  0x00000222      0x1a2 build/debug/NOS_Strip_UART.o
 .debug_abbrev  0x000003c4      0x126 build/debug/NOS_Time.o
 .debug_abbrev  0x000004ea      0x2d3 build/debug/NOS_UART.o
 .debug_abbrev  0x000007bd      0x219 build/debug/NOS_WS2812B_Strip.o
 .debug_abbrev  0x000009d6      0x1a0 build/debug/WS2812B_Effects.o
 .debug_abbrev  0x00000b76      0x35e build/debug/WS2812b_Core.o
 .debug_abbrev  0x00000ed4      0x378 build/debug/main.o
 .debug_abbrev  0x0000124c      0x22d build/debug/stm32f1xx_hal.o
 .debug_abbrev  0x00001479      0x36d build/debug/stm32f1xx_hal_cortex.o
 .debug_abbrev  0x000017e6      0x244 build/debug/stm32f1xx_hal_dma.o
 .debug_abbrev  0x00001a2a      0x1f7 build/debug/stm32f1xx_hal_gpio.o
 .debug_abbrev  0x00001c21      0x20d build/debug/stm32f1xx_hal_msp.o
 .debug_abbrev  0x00001e2e      0x2a0 build/debug/stm32f1xx_hal_rcc.o
 .debug_abbrev  0x000020ce      0x270 build/debug/stm32f1xx_hal_tim.o
 .debug_abbrev  0x0000233e      0x26e build/debug/stm32f1xx_hal_tim_ex.o
 .debug_abbrev  0x000025ac      0x31c build/debug/stm32f1xx_hal_uart.o
 .debug_abbrev  0x000028c8      0x16a build/debug/stm32f1xx_it.o
 .debug_abbrev  0x00002a32      0x143 build/debug/system_stm32f1xx.o
 .debug_abbrev  0x00002b75       0x24 build/debug/startup_stm32f103xb.o
 .debug_abbrev  0x00002b99       0x28 c:/users/igorn/appdata/roaming/code/user/globalstorage/bmd.stm32-for-vscode/@xpack-dev-tools/arm-none-eabi-gcc/12.3.1-1.1.1/.content/bin/../lib/gcc/arm-none-eabi/12.3.1/thumb/v7-m/nofp\libgcc.a(_arm_addsubsf3.o)
 .debug_abbrev  0x00002bc1       0x28 c:/users/igorn/appdata/roaming/code/user/globalstorage/bmd.stm32-for-vscode/@xpack-dev-tools/arm-none-eabi-gcc/12.3.1-1.1.1/.content/bin/../lib/gcc/arm-none-eabi/12.3.1/thumb/v7-m/nofp\libgcc.a(_arm_muldivsf3.o)
 .debug_abbrev  0x00002be9       0x28 c:/users/igorn/appdata/roaming/code/user/globalstorage/bmd.stm32-for-vscode/@xpack-dev-tools/arm-none-eabi-gcc/12.3.1-1.1.1/.content/bin/../lib/gcc/arm-none-eabi/12.3.1/thumb/v7-m/nofp\libgcc.a(_arm_fixunssfsi.o)

.debug_loclists
                0x00000000     0x9127
 .debug_loclists
                0x00000000      0x101 build/debug/NOS_BaseColors.o
 .debug_loclists
                0x00000101       0x91 build/debug/NOS_Math.o
 .debug_loclists
                0x00000192      0x218 build/debug/NOS_Strip_UART.o
 .debug_loclists
                0x000003aa       0x49 build/debug/NOS_Time.o
 .debug_loclists
                0x000003f3      0x221 build/debug/NOS_UART.o
 .debug_loclists
                0x00000614      0x54d build/debug/NOS_WS2812B_Strip.o
 .debug_loclists
                0x00000b61      0x186 build/debug/WS2812B_Effects.o
 .debug_loclists
                0x00000ce7      0x2fe build/debug/WS2812b_Core.o
 .debug_loclists
                0x00000fe5       0x2a build/debug/main.o
 .debug_loclists
                0x0000100f       0xc9 build/debug/stm32f1xx_hal.o
 .debug_loclists
                0x000010d8      0x422 build/debug/stm32f1xx_hal_cortex.o
 .debug_loclists
                0x000014fa      0x4c7 build/debug/stm32f1xx_hal_dma.o
 .debug_loclists
                0x000019c1      0x2e8 build/debug/stm32f1xx_hal_gpio.o
 .debug_loclists
                0x00001ca9       0x5d build/debug/stm32f1xx_hal_msp.o
 .debug_loclists
                0x00001d06      0x3f8 build/debug/stm32f1xx_hal_rcc.o
 .debug_loclists
                0x000020fe     0x334a build/debug/stm32f1xx_hal_tim.o
 .debug_loclists
                0x00005448     0x124c build/debug/stm32f1xx_hal_tim_ex.o
 .debug_loclists
                0x00006694     0x29ee build/debug/stm32f1xx_hal_uart.o
 .debug_loclists
                0x00009082       0xa5 build/debug/system_stm32f1xx.o

.debug_aranges  0x00000000      0xea8
 .debug_aranges
                0x00000000       0x28 build/debug/NOS_BaseColors.o
 .debug_aranges
                0x00000028       0x40 build/debug/NOS_Math.o
 .debug_aranges
                0x00000068       0x20 build/debug/NOS_Strip_UART.o
 .debug_aranges
                0x00000088       0x58 build/debug/NOS_Time.o
 .debug_aranges
                0x000000e0       0x70 build/debug/NOS_UART.o
 .debug_aranges
                0x00000150       0xa0 build/debug/NOS_WS2812B_Strip.o
 .debug_aranges
                0x000001f0       0x40 build/debug/WS2812B_Effects.o
 .debug_aranges
                0x00000230       0x90 build/debug/WS2812b_Core.o
 .debug_aranges
                0x000002c0       0x50 build/debug/main.o
 .debug_aranges
                0x00000310       0xe0 build/debug/stm32f1xx_hal.o
 .debug_aranges
                0x000003f0       0xc0 build/debug/stm32f1xx_hal_cortex.o
 .debug_aranges
                0x000004b0       0x80 build/debug/stm32f1xx_hal_dma.o
 .debug_aranges
                0x00000530       0x58 build/debug/stm32f1xx_hal_gpio.o
 .debug_aranges
                0x00000588       0x40 build/debug/stm32f1xx_hal_msp.o
 .debug_aranges
                0x000005c8       0x90 build/debug/stm32f1xx_hal_rcc.o
 .debug_aranges
                0x00000658      0x3d0 build/debug/stm32f1xx_hal_tim.o
 .debug_aranges
                0x00000a28      0x168 build/debug/stm32f1xx_hal_tim_ex.o
 .debug_aranges
                0x00000b90      0x208 build/debug/stm32f1xx_hal_uart.o
 .debug_aranges
                0x00000d98       0x60 build/debug/stm32f1xx_it.o
 .debug_aranges
                0x00000df8       0x28 build/debug/system_stm32f1xx.o
 .debug_aranges
                0x00000e20       0x28 build/debug/startup_stm32f103xb.o
 .debug_aranges
                0x00000e48       0x20 c:/users/igorn/appdata/roaming/code/user/globalstorage/bmd.stm32-for-vscode/@xpack-dev-tools/arm-none-eabi-gcc/12.3.1-1.1.1/.content/bin/../lib/gcc/arm-none-eabi/12.3.1/thumb/v7-m/nofp\libgcc.a(_arm_addsubsf3.o)
 .debug_aranges
                0x00000e68       0x20 c:/users/igorn/appdata/roaming/code/user/globalstorage/bmd.stm32-for-vscode/@xpack-dev-tools/arm-none-eabi-gcc/12.3.1-1.1.1/.content/bin/../lib/gcc/arm-none-eabi/12.3.1/thumb/v7-m/nofp\libgcc.a(_arm_muldivsf3.o)
 .debug_aranges
                0x00000e88       0x20 c:/users/igorn/appdata/roaming/code/user/globalstorage/bmd.stm32-for-vscode/@xpack-dev-tools/arm-none-eabi-gcc/12.3.1-1.1.1/.content/bin/../lib/gcc/arm-none-eabi/12.3.1/thumb/v7-m/nofp\libgcc.a(_arm_fixunssfsi.o)

.debug_rnglists
                0x00000000      0xb11
 .debug_rnglists
                0x00000000       0x1a build/debug/NOS_BaseColors.o
 .debug_rnglists
                0x0000001a       0x2b build/debug/NOS_Math.o
 .debug_rnglists
                0x00000045       0x26 build/debug/NOS_Strip_UART.o
 .debug_rnglists
                0x0000006b       0x3d build/debug/NOS_Time.o
 .debug_rnglists
                0x000000a8       0x74 build/debug/NOS_UART.o
 .debug_rnglists
                0x0000011c       0x75 build/debug/NOS_WS2812B_Strip.o
 .debug_rnglists
                0x00000191       0x2c build/debug/WS2812B_Effects.o
 .debug_rnglists
                0x000001bd       0x78 build/debug/WS2812b_Core.o
 .debug_rnglists
                0x00000235       0x38 build/debug/main.o
 .debug_rnglists
                0x0000026d       0xa3 build/debug/stm32f1xx_hal.o
 .debug_rnglists
                0x00000310       0x8b build/debug/stm32f1xx_hal_cortex.o
 .debug_rnglists
                0x0000039b       0x5e build/debug/stm32f1xx_hal_dma.o
 .debug_rnglists
                0x000003f9       0x3f build/debug/stm32f1xx_hal_gpio.o
 .debug_rnglists
                0x00000438       0x2c build/debug/stm32f1xx_hal_msp.o
 .debug_rnglists
                0x00000464       0x7d build/debug/stm32f1xx_hal_rcc.o
 .debug_rnglists
                0x000004e1      0x2ff build/debug/stm32f1xx_hal_tim.o
 .debug_rnglists
                0x000007e0      0x11a build/debug/stm32f1xx_hal_tim_ex.o
 .debug_rnglists
                0x000008fa      0x1a1 build/debug/stm32f1xx_hal_uart.o
 .debug_rnglists
                0x00000a9b       0x43 build/debug/stm32f1xx_it.o
 .debug_rnglists
                0x00000ade       0x1a build/debug/system_stm32f1xx.o
 .debug_rnglists
                0x00000af8       0x19 build/debug/startup_stm32f103xb.o

.debug_line     0x00000000    0x10f60
 .debug_line    0x00000000      0x290 build/debug/NOS_BaseColors.o
 .debug_line    0x00000290      0x19d build/debug/NOS_Math.o
 .debug_line    0x0000042d      0x389 build/debug/NOS_Strip_UART.o
 .debug_line    0x000007b6      0x394 build/debug/NOS_Time.o
 .debug_line    0x00000b4a      0x704 build/debug/NOS_UART.o
 .debug_line    0x0000124e      0x819 build/debug/NOS_WS2812B_Strip.o
 .debug_line    0x00001a67      0x4df build/debug/WS2812B_Effects.o
 .debug_line    0x00001f46      0x92b build/debug/WS2812b_Core.o
 .debug_line    0x00002871      0x60d build/debug/main.o
 .debug_line    0x00002e7e      0x5b6 build/debug/stm32f1xx_hal.o
 .debug_line    0x00003434      0x759 build/debug/stm32f1xx_hal_cortex.o
 .debug_line    0x00003b8d      0xae2 build/debug/stm32f1xx_hal_dma.o
 .debug_line    0x0000466f      0x633 build/debug/stm32f1xx_hal_gpio.o
 .debug_line    0x00004ca2      0x3b1 build/debug/stm32f1xx_hal_msp.o
 .debug_line    0x00005053      0xc9e build/debug/stm32f1xx_hal_rcc.o
 .debug_line    0x00005cf1     0x4982 build/debug/stm32f1xx_hal_tim.o
 .debug_line    0x0000a673     0x1cb7 build/debug/stm32f1xx_hal_tim_ex.o
 .debug_line    0x0000c32a     0x4328 build/debug/stm32f1xx_hal_uart.o
 .debug_line    0x00010652      0x348 build/debug/stm32f1xx_it.o
 .debug_line    0x0001099a      0x2ce build/debug/system_stm32f1xx.o
 .debug_line    0x00010c68       0x74 build/debug/startup_stm32f103xb.o
 .debug_line    0x00010cdc      0x103 c:/users/igorn/appdata/roaming/code/user/globalstorage/bmd.stm32-for-vscode/@xpack-dev-tools/arm-none-eabi-gcc/12.3.1-1.1.1/.content/bin/../lib/gcc/arm-none-eabi/12.3.1/thumb/v7-m/nofp\libgcc.a(_arm_addsubsf3.o)
 .debug_line    0x00010ddf      0x123 c:/users/igorn/appdata/roaming/code/user/globalstorage/bmd.stm32-for-vscode/@xpack-dev-tools/arm-none-eabi-gcc/12.3.1-1.1.1/.content/bin/../lib/gcc/arm-none-eabi/12.3.1/thumb/v7-m/nofp\libgcc.a(_arm_muldivsf3.o)
 .debug_line    0x00010f02       0x5e c:/users/igorn/appdata/roaming/code/user/globalstorage/bmd.stm32-for-vscode/@xpack-dev-tools/arm-none-eabi-gcc/12.3.1-1.1.1/.content/bin/../lib/gcc/arm-none-eabi/12.3.1/thumb/v7-m/nofp\libgcc.a(_arm_fixunssfsi.o)

.debug_str      0x00000000     0x452b
 .debug_str     0x00000000      0x1df build/debug/NOS_BaseColors.o
                                0x22c (size before relaxing)
 .debug_str     0x000001df       0xc7 build/debug/NOS_Math.o
                                0x21a (size before relaxing)
 .debug_str     0x000002a6      0x1f1 build/debug/NOS_Strip_UART.o
                                0x3cb (size before relaxing)
 .debug_str     0x00000497      0x164 build/debug/NOS_Time.o
                                0x2e2 (size before relaxing)
 .debug_str     0x000005fb      0x61c build/debug/NOS_UART.o
                                0x867 (size before relaxing)
 .debug_str     0x00000c17      0x26e build/debug/NOS_WS2812B_Strip.o
                                0x648 (size before relaxing)
 .debug_str     0x00000e85      0x15c build/debug/WS2812B_Effects.o
                                0x2d9 (size before relaxing)
 .debug_str     0x00000fe1      0x939 build/debug/WS2812b_Core.o
                                0xdbc (size before relaxing)
 .debug_str     0x0000191a      0x376 build/debug/main.o
                               0x123d (size before relaxing)
 .debug_str     0x00001c90      0x305 build/debug/stm32f1xx_hal.o
                                0x7f8 (size before relaxing)
 .debug_str     0x00001f95      0x3a9 build/debug/stm32f1xx_hal_cortex.o
                                0x89d (size before relaxing)
 .debug_str     0x0000233e      0x1fd build/debug/stm32f1xx_hal_dma.o
                                0x5c7 (size before relaxing)
 .debug_str     0x0000253b      0x125 build/debug/stm32f1xx_hal_gpio.o
                                0x3ca (size before relaxing)
 .debug_str     0x00002660       0x71 build/debug/stm32f1xx_hal_msp.o
                                0xc68 (size before relaxing)
 .debug_str     0x000026d1      0x20d build/debug/stm32f1xx_hal_rcc.o
                                0x5f5 (size before relaxing)
 .debug_str     0x000028de      0xe3f build/debug/stm32f1xx_hal_tim.o
                               0x164f (size before relaxing)
 .debug_str     0x0000371d      0x55b build/debug/stm32f1xx_hal_tim_ex.o
                                0xe5b (size before relaxing)
 .debug_str     0x00003c78      0x5cf build/debug/stm32f1xx_hal_uart.o
                                0xcbe (size before relaxing)
 .debug_str     0x00004247       0xaa build/debug/stm32f1xx_it.o
                                0x60b (size before relaxing)
 .debug_str     0x000042f1       0x4f build/debug/system_stm32f1xx.o
                                0x21e (size before relaxing)
 .debug_str     0x00004340       0x32 build/debug/startup_stm32f103xb.o
                                 0x51 (size before relaxing)
 .debug_str     0x00004372      0x19a c:/users/igorn/appdata/roaming/code/user/globalstorage/bmd.stm32-for-vscode/@xpack-dev-tools/arm-none-eabi-gcc/12.3.1-1.1.1/.content/bin/../lib/gcc/arm-none-eabi/12.3.1/thumb/v7-m/nofp\libgcc.a(_arm_addsubsf3.o)
                                0x1c1 (size before relaxing)
 .debug_str     0x0000450c       0x12 c:/users/igorn/appdata/roaming/code/user/globalstorage/bmd.stm32-for-vscode/@xpack-dev-tools/arm-none-eabi-gcc/12.3.1-1.1.1/.content/bin/../lib/gcc/arm-none-eabi/12.3.1/thumb/v7-m/nofp\libgcc.a(_arm_muldivsf3.o)
                                0x14d (size before relaxing)
 .debug_str     0x0000451e        0xd c:/users/igorn/appdata/roaming/code/user/globalstorage/bmd.stm32-for-vscode/@xpack-dev-tools/arm-none-eabi-gcc/12.3.1-1.1.1/.content/bin/../lib/gcc/arm-none-eabi/12.3.1/thumb/v7-m/nofp\libgcc.a(_arm_fixunssfsi.o)
                                0x13c (size before relaxing)

.debug_frame    0x00000000     0x25dc
 .debug_frame   0x00000000       0x40 build/debug/NOS_BaseColors.o
 .debug_frame   0x00000040       0x60 build/debug/NOS_Math.o
 .debug_frame   0x000000a0       0x40 build/debug/NOS_Strip_UART.o
 .debug_frame   0x000000e0       0x90 build/debug/NOS_Time.o
 .debug_frame   0x00000170       0xf8 build/debug/NOS_UART.o
 .debug_frame   0x00000268      0x22c build/debug/NOS_WS2812B_Strip.o
 .debug_frame   0x00000494       0x90 build/debug/WS2812B_Effects.o
 .debug_frame   0x00000524      0x1cc build/debug/WS2812b_Core.o
 .debug_frame   0x000006f0       0xcc build/debug/main.o
 .debug_frame   0x000007bc      0x1cc build/debug/stm32f1xx_hal.o
 .debug_frame   0x00000988      0x19c build/debug/stm32f1xx_hal_cortex.o
 .debug_frame   0x00000b24      0x144 build/debug/stm32f1xx_hal_dma.o
 .debug_frame   0x00000c68       0xe4 build/debug/stm32f1xx_hal_gpio.o
 .debug_frame   0x00000d4c       0x8c build/debug/stm32f1xx_hal_msp.o
 .debug_frame   0x00000dd8      0x184 build/debug/stm32f1xx_hal_rcc.o
 .debug_frame   0x00000f5c      0xb18 build/debug/stm32f1xx_hal_tim.o
 .debug_frame   0x00001a74      0x40c build/debug/stm32f1xx_hal_tim_ex.o
 .debug_frame   0x00001e80      0x5dc build/debug/stm32f1xx_hal_uart.o
 .debug_frame   0x0000245c       0xa8 build/debug/stm32f1xx_it.o
 .debug_frame   0x00002504       0x30 build/debug/system_stm32f1xx.o
 .debug_frame   0x00002534       0x4c c:/users/igorn/appdata/roaming/code/user/globalstorage/bmd.stm32-for-vscode/@xpack-dev-tools/arm-none-eabi-gcc/12.3.1-1.1.1/.content/bin/../lib/gcc/arm-none-eabi/12.3.1/thumb/v7-m/nofp\libgcc.a(_arm_addsubsf3.o)
 .debug_frame   0x00002580       0x38 c:/users/igorn/appdata/roaming/code/user/globalstorage/bmd.stm32-for-vscode/@xpack-dev-tools/arm-none-eabi-gcc/12.3.1-1.1.1/.content/bin/../lib/gcc/arm-none-eabi/12.3.1/thumb/v7-m/nofp\libgcc.a(_arm_muldivsf3.o)
 .debug_frame   0x000025b8       0x24 c:/users/igorn/appdata/roaming/code/user/globalstorage/bmd.stm32-for-vscode/@xpack-dev-tools/arm-none-eabi-gcc/12.3.1-1.1.1/.content/bin/../lib/gcc/arm-none-eabi/12.3.1/thumb/v7-m/nofp\libgcc.a(_arm_fixunssfsi.o)

.debug_line_str
                0x00000000      0x148
 .debug_line_str
                0x00000000       0x35 build/debug/startup_stm32f103xb.o
 .debug_line_str
                0x00000035      0x113 c:/users/igorn/appdata/roaming/code/user/globalstorage/bmd.stm32-for-vscode/@xpack-dev-tools/arm-none-eabi-gcc/12.3.1-1.1.1/.content/bin/../lib/gcc/arm-none-eabi/12.3.1/thumb/v7-m/nofp\libgcc.a(_arm_addsubsf3.o)
 .debug_line_str
                0x00000148      0x113 c:/users/igorn/appdata/roaming/code/user/globalstorage/bmd.stm32-for-vscode/@xpack-dev-tools/arm-none-eabi-gcc/12.3.1-1.1.1/.content/bin/../lib/gcc/arm-none-eabi/12.3.1/thumb/v7-m/nofp\libgcc.a(_arm_muldivsf3.o)
 .debug_line_str
                0x00000148      0x113 c:/users/igorn/appdata/roaming/code/user/globalstorage/bmd.stm32-for-vscode/@xpack-dev-tools/arm-none-eabi-gcc/12.3.1-1.1.1/.content/bin/../lib/gcc/arm-none-eabi/12.3.1/thumb/v7-m/nofp\libgcc.a(_arm_fixunssfsi.o)

Cross Reference Table

Symbol                                            File
ADC1_2_IRQHandler                                 build/debug/startup_stm32f103xb.o
AHBPrescTable                                     build/debug/system_stm32f1xx.o
                                                  build/debug/stm32f1xx_hal_rcc.o
APBPrescTable                                     build/debug/system_stm32f1xx.o
                                                  build/debug/stm32f1xx_hal_rcc.o
BusFault_Handler                                  build/debug/stm32f1xx_it.o
CAN1_RX1_IRQHandler                               build/debug/startup_stm32f103xb.o
CAN1_SCE_IRQHandler                               build/debug/startup_stm32f103xb.o
DMA1_Channel1_IRQHandler                          build/debug/startup_stm32f103xb.o
DMA1_Channel2_IRQHandler                          build/debug/WS2812b_Core.o
DMA1_Channel3_IRQHandler                          build/debug/startup_stm32f103xb.o
DMA1_Channel4_IRQHandler                          build/debug/startup_stm32f103xb.o
DMA1_Channel5_IRQHandler                          build/debug/WS2812b_Core.o
DMA1_Channel6_IRQHandler                          build/debug/startup_stm32f103xb.o
DMA1_Channel7_IRQHandler                          build/debug/WS2812b_Core.o
DMA_TransferCompleteHandler                       build/debug/WS2812b_Core.o
DMA_TransferHalfHandler                           build/debug/WS2812b_Core.o
DebugMon_Handler                                  build/debug/stm32f1xx_it.o
Default_Handler                                   build/debug/startup_stm32f103xb.o
EXTI0_IRQHandler                                  build/debug/startup_stm32f103xb.o
EXTI15_10_IRQHandler                              build/debug/startup_stm32f103xb.o
EXTI1_IRQHandler                                  build/debug/startup_stm32f103xb.o
EXTI2_IRQHandler                                  build/debug/startup_stm32f103xb.o
EXTI3_IRQHandler                                  build/debug/startup_stm32f103xb.o
EXTI4_IRQHandler                                  build/debug/startup_stm32f103xb.o
EXTI9_5_IRQHandler                                build/debug/startup_stm32f103xb.o
Error_Handler                                     build/debug/main.o
FLASH_IRQHandler                                  build/debug/startup_stm32f103xb.o
FLASH_PageErase                                   build/debug/stm32f1xx_hal_flash_ex.o
                                                  build/debug/stm32f1xx_hal_flash.o
FLASH_WaitForLastOperation                        build/debug/stm32f1xx_hal_flash.o
                                                  build/debug/stm32f1xx_hal_flash_ex.o
GetCRC16                                          build/debug/NOS_UART.o
HAL_DBGMCU_DisableDBGSleepMode                    build/debug/stm32f1xx_hal.o
HAL_DBGMCU_DisableDBGStandbyMode                  build/debug/stm32f1xx_hal.o
HAL_DBGMCU_DisableDBGStopMode                     build/debug/stm32f1xx_hal.o
HAL_DBGMCU_EnableDBGSleepMode                     build/debug/stm32f1xx_hal.o
HAL_DBGMCU_EnableDBGStandbyMode                   build/debug/stm32f1xx_hal.o
HAL_DBGMCU_EnableDBGStopMode                      build/debug/stm32f1xx_hal.o
HAL_DMA_Abort                                     build/debug/stm32f1xx_hal_dma.o
                                                  build/debug/stm32f1xx_hal_uart.o
HAL_DMA_Abort_IT                                  build/debug/stm32f1xx_hal_dma.o
                                                  build/debug/stm32f1xx_hal_uart.o
                                                  build/debug/stm32f1xx_hal_tim_ex.o
                                                  build/debug/stm32f1xx_hal_tim.o
HAL_DMA_DeInit                                    build/debug/stm32f1xx_hal_dma.o
HAL_DMA_GetError                                  build/debug/stm32f1xx_hal_dma.o
                                                  build/debug/stm32f1xx_hal_uart.o
HAL_DMA_GetState                                  build/debug/stm32f1xx_hal_dma.o
HAL_DMA_IRQHandler                                build/debug/stm32f1xx_hal_dma.o
                                                  build/debug/WS2812b_Core.o
HAL_DMA_Init                                      build/debug/stm32f1xx_hal_dma.o
                                                  build/debug/WS2812b_Core.o
HAL_DMA_PollForTransfer                           build/debug/stm32f1xx_hal_dma.o
HAL_DMA_RegisterCallback                          build/debug/stm32f1xx_hal_dma.o
HAL_DMA_Start                                     build/debug/stm32f1xx_hal_dma.o
                                                  build/debug/WS2812b_Core.o
HAL_DMA_Start_IT                                  build/debug/stm32f1xx_hal_dma.o
                                                  build/debug/stm32f1xx_hal_uart.o
                                                  build/debug/stm32f1xx_hal_tim_ex.o
                                                  build/debug/stm32f1xx_hal_tim.o
                                                  build/debug/WS2812b_Core.o
HAL_DMA_UnRegisterCallback                        build/debug/stm32f1xx_hal_dma.o
HAL_DeInit                                        build/debug/stm32f1xx_hal.o
HAL_Delay                                         build/debug/stm32f1xx_hal.o
HAL_EXTI_ClearConfigLine                          build/debug/stm32f1xx_hal_exti.o
HAL_EXTI_ClearPending                             build/debug/stm32f1xx_hal_exti.o
HAL_EXTI_GenerateSWI                              build/debug/stm32f1xx_hal_exti.o
HAL_EXTI_GetConfigLine                            build/debug/stm32f1xx_hal_exti.o
HAL_EXTI_GetHandle                                build/debug/stm32f1xx_hal_exti.o
HAL_EXTI_GetPending                               build/debug/stm32f1xx_hal_exti.o
HAL_EXTI_IRQHandler                               build/debug/stm32f1xx_hal_exti.o
HAL_EXTI_RegisterCallback                         build/debug/stm32f1xx_hal_exti.o
HAL_EXTI_SetConfigLine                            build/debug/stm32f1xx_hal_exti.o
HAL_FLASHEx_Erase                                 build/debug/stm32f1xx_hal_flash_ex.o
HAL_FLASHEx_Erase_IT                              build/debug/stm32f1xx_hal_flash_ex.o
HAL_FLASHEx_OBErase                               build/debug/stm32f1xx_hal_flash_ex.o
HAL_FLASHEx_OBGetConfig                           build/debug/stm32f1xx_hal_flash_ex.o
HAL_FLASHEx_OBGetUserData                         build/debug/stm32f1xx_hal_flash_ex.o
HAL_FLASHEx_OBProgram                             build/debug/stm32f1xx_hal_flash_ex.o
HAL_FLASH_EndOfOperationCallback                  build/debug/stm32f1xx_hal_flash.o
HAL_FLASH_GetError                                build/debug/stm32f1xx_hal_flash.o
HAL_FLASH_IRQHandler                              build/debug/stm32f1xx_hal_flash.o
HAL_FLASH_Lock                                    build/debug/stm32f1xx_hal_flash.o
HAL_FLASH_OB_Launch                               build/debug/stm32f1xx_hal_flash.o
HAL_FLASH_OB_Lock                                 build/debug/stm32f1xx_hal_flash.o
HAL_FLASH_OB_Unlock                               build/debug/stm32f1xx_hal_flash.o
HAL_FLASH_OperationErrorCallback                  build/debug/stm32f1xx_hal_flash.o
HAL_FLASH_Program                                 build/debug/stm32f1xx_hal_flash.o
HAL_FLASH_Program_IT                              build/debug/stm32f1xx_hal_flash.o
HAL_FLASH_Unlock                                  build/debug/stm32f1xx_hal_flash.o
HAL_GPIOEx_ConfigEventout                         build/debug/stm32f1xx_hal_gpio_ex.o
HAL_GPIOEx_DisableEventout                        build/debug/stm32f1xx_hal_gpio_ex.o
HAL_GPIOEx_EnableEventout                         build/debug/stm32f1xx_hal_gpio_ex.o
HAL_GPIO_DeInit                                   build/debug/stm32f1xx_hal_gpio.o
                                                  build/debug/stm32f1xx_hal_msp.o
HAL_GPIO_EXTI_Callback                            build/debug/stm32f1xx_hal_gpio.o
HAL_GPIO_EXTI_IRQHandler                          build/debug/stm32f1xx_hal_gpio.o
HAL_GPIO_Init                                     build/debug/stm32f1xx_hal_gpio.o
                                                  build/debug/stm32f1xx_hal_rcc.o
                                                  build/debug/stm32f1xx_hal_msp.o
                                                  build/debug/main.o
                                                  build/debug/WS2812b_Core.o
HAL_GPIO_LockPin                                  build/debug/stm32f1xx_hal_gpio.o
HAL_GPIO_ReadPin                                  build/debug/stm32f1xx_hal_gpio.o
HAL_GPIO_TogglePin                                build/debug/stm32f1xx_hal_gpio.o
                                                  build/debug/main.o
HAL_GPIO_WritePin                                 build/debug/stm32f1xx_hal_gpio.o
                                                  build/debug/main.o
HAL_GetDEVID                                      build/debug/stm32f1xx_hal.o
HAL_GetHalVersion                                 build/debug/stm32f1xx_hal.o
HAL_GetREVID                                      build/debug/stm32f1xx_hal.o
HAL_GetTick                                       build/debug/stm32f1xx_hal.o
                                                  build/debug/stm32f1xx_hal_uart.o
                                                  build/debug/stm32f1xx_hal_rcc_ex.o
                                                  build/debug/stm32f1xx_hal_rcc.o
                                                  build/debug/stm32f1xx_hal_flash.o
                                                  build/debug/stm32f1xx_hal_dma.o
HAL_GetTickFreq                                   build/debug/stm32f1xx_hal.o
HAL_GetTickPrio                                   build/debug/stm32f1xx_hal.o
HAL_GetUIDw0                                      build/debug/stm32f1xx_hal.o
HAL_GetUIDw1                                      build/debug/stm32f1xx_hal.o
HAL_GetUIDw2                                      build/debug/stm32f1xx_hal.o
HAL_HalfDuplex_EnableReceiver                     build/debug/stm32f1xx_hal_uart.o
HAL_HalfDuplex_EnableTransmitter                  build/debug/stm32f1xx_hal_uart.o
HAL_HalfDuplex_Init                               build/debug/stm32f1xx_hal_uart.o
HAL_IncTick                                       build/debug/stm32f1xx_hal.o
                                                  build/debug/main.o
HAL_Init                                          build/debug/stm32f1xx_hal.o
                                                  build/debug/main.o
HAL_InitTick                                      build/debug/stm32f1xx_hal.o
                                                  build/debug/stm32f1xx_hal_rcc.o
HAL_LIN_Init                                      build/debug/stm32f1xx_hal_uart.o
HAL_LIN_SendBreak                                 build/debug/stm32f1xx_hal_uart.o
HAL_MspDeInit                                     build/debug/stm32f1xx_hal.o
HAL_MspInit                                       build/debug/stm32f1xx_hal_msp.o
                                                  build/debug/stm32f1xx_hal.o
HAL_MultiProcessor_EnterMuteMode                  build/debug/stm32f1xx_hal_uart.o
HAL_MultiProcessor_ExitMuteMode                   build/debug/stm32f1xx_hal_uart.o
HAL_MultiProcessor_Init                           build/debug/stm32f1xx_hal_uart.o
HAL_NVIC_ClearPendingIRQ                          build/debug/stm32f1xx_hal_cortex.o
HAL_NVIC_DisableIRQ                               build/debug/stm32f1xx_hal_cortex.o
                                                  build/debug/stm32f1xx_hal_msp.o
HAL_NVIC_EnableIRQ                                build/debug/stm32f1xx_hal_cortex.o
                                                  build/debug/stm32f1xx_hal_msp.o
                                                  build/debug/WS2812b_Core.o
HAL_NVIC_GetActive                                build/debug/stm32f1xx_hal_cortex.o
HAL_NVIC_GetPendingIRQ                            build/debug/stm32f1xx_hal_cortex.o
HAL_NVIC_GetPriority                              build/debug/stm32f1xx_hal_cortex.o
HAL_NVIC_GetPriorityGrouping                      build/debug/stm32f1xx_hal_cortex.o
HAL_NVIC_SetPendingIRQ                            build/debug/stm32f1xx_hal_cortex.o
HAL_NVIC_SetPriority                              build/debug/stm32f1xx_hal_cortex.o
                                                  build/debug/stm32f1xx_hal_msp.o
                                                  build/debug/stm32f1xx_hal.o
                                                  build/debug/WS2812b_Core.o
HAL_NVIC_SetPriorityGrouping                      build/debug/stm32f1xx_hal_cortex.o
                                                  build/debug/stm32f1xx_hal.o
HAL_NVIC_SystemReset                              build/debug/stm32f1xx_hal_cortex.o
                                                  build/debug/stm32f1xx_hal_flash.o
HAL_PWR_ConfigPVD                                 build/debug/stm32f1xx_hal_pwr.o
HAL_PWR_DeInit                                    build/debug/stm32f1xx_hal_pwr.o
HAL_PWR_DisableBkUpAccess                         build/debug/stm32f1xx_hal_pwr.o
HAL_PWR_DisablePVD                                build/debug/stm32f1xx_hal_pwr.o
HAL_PWR_DisableSEVOnPend                          build/debug/stm32f1xx_hal_pwr.o
HAL_PWR_DisableSleepOnExit                        build/debug/stm32f1xx_hal_pwr.o
HAL_PWR_DisableWakeUpPin                          build/debug/stm32f1xx_hal_pwr.o
HAL_PWR_EnableBkUpAccess                          build/debug/stm32f1xx_hal_pwr.o
HAL_PWR_EnablePVD                                 build/debug/stm32f1xx_hal_pwr.o
HAL_PWR_EnableSEVOnPend                           build/debug/stm32f1xx_hal_pwr.o
HAL_PWR_EnableSleepOnExit                         build/debug/stm32f1xx_hal_pwr.o
HAL_PWR_EnableWakeUpPin                           build/debug/stm32f1xx_hal_pwr.o
HAL_PWR_EnterSLEEPMode                            build/debug/stm32f1xx_hal_pwr.o
HAL_PWR_EnterSTANDBYMode                          build/debug/stm32f1xx_hal_pwr.o
HAL_PWR_EnterSTOPMode                             build/debug/stm32f1xx_hal_pwr.o
HAL_PWR_PVDCallback                               build/debug/stm32f1xx_hal_pwr.o
HAL_PWR_PVD_IRQHandler                            build/debug/stm32f1xx_hal_pwr.o
HAL_RCCEx_GetPeriphCLKConfig                      build/debug/stm32f1xx_hal_rcc_ex.o
HAL_RCCEx_GetPeriphCLKFreq                        build/debug/stm32f1xx_hal_rcc_ex.o
HAL_RCCEx_PeriphCLKConfig                         build/debug/stm32f1xx_hal_rcc_ex.o
HAL_RCC_CSSCallback                               build/debug/stm32f1xx_hal_rcc.o
HAL_RCC_ClockConfig                               build/debug/stm32f1xx_hal_rcc.o
                                                  build/debug/main.o
HAL_RCC_DeInit                                    build/debug/stm32f1xx_hal_rcc.o
HAL_RCC_DisableCSS                                build/debug/stm32f1xx_hal_rcc.o
HAL_RCC_EnableCSS                                 build/debug/stm32f1xx_hal_rcc.o
HAL_RCC_GetClockConfig                            build/debug/stm32f1xx_hal_rcc.o
HAL_RCC_GetHCLKFreq                               build/debug/stm32f1xx_hal_rcc.o
HAL_RCC_GetOscConfig                              build/debug/stm32f1xx_hal_rcc.o
HAL_RCC_GetPCLK1Freq                              build/debug/stm32f1xx_hal_rcc.o
                                                  build/debug/stm32f1xx_hal_uart.o
HAL_RCC_GetPCLK2Freq                              build/debug/stm32f1xx_hal_rcc.o
                                                  build/debug/stm32f1xx_hal_uart.o
                                                  build/debug/stm32f1xx_hal_rcc_ex.o
HAL_RCC_GetSysClockFreq                           build/debug/stm32f1xx_hal_rcc.o
HAL_RCC_MCOConfig                                 build/debug/stm32f1xx_hal_rcc.o
HAL_RCC_NMI_IRQHandler                            build/debug/stm32f1xx_hal_rcc.o
HAL_RCC_OscConfig                                 build/debug/stm32f1xx_hal_rcc.o
                                                  build/debug/main.o
HAL_ResumeTick                                    build/debug/stm32f1xx_hal.o
HAL_SYSTICK_CLKSourceConfig                       build/debug/stm32f1xx_hal_cortex.o
HAL_SYSTICK_Callback                              build/debug/stm32f1xx_hal_cortex.o
HAL_SYSTICK_Config                                build/debug/stm32f1xx_hal_cortex.o
                                                  build/debug/stm32f1xx_hal.o
HAL_SYSTICK_IRQHandler                            build/debug/stm32f1xx_hal_cortex.o
HAL_SetTickFreq                                   build/debug/stm32f1xx_hal.o
HAL_SuspendTick                                   build/debug/stm32f1xx_hal.o
HAL_TIMEx_BreakCallback                           build/debug/stm32f1xx_hal_tim_ex.o
                                                  build/debug/stm32f1xx_hal_tim.o
HAL_TIMEx_CommutCallback                          build/debug/stm32f1xx_hal_tim_ex.o
                                                  build/debug/stm32f1xx_hal_tim.o
HAL_TIMEx_CommutHalfCpltCallback                  build/debug/stm32f1xx_hal_tim_ex.o
HAL_TIMEx_ConfigBreakDeadTime                     build/debug/stm32f1xx_hal_tim_ex.o
HAL_TIMEx_ConfigCommutEvent                       build/debug/stm32f1xx_hal_tim_ex.o
HAL_TIMEx_ConfigCommutEvent_DMA                   build/debug/stm32f1xx_hal_tim_ex.o
HAL_TIMEx_ConfigCommutEvent_IT                    build/debug/stm32f1xx_hal_tim_ex.o
HAL_TIMEx_GetChannelNState                        build/debug/stm32f1xx_hal_tim_ex.o
HAL_TIMEx_HallSensor_DeInit                       build/debug/stm32f1xx_hal_tim_ex.o
HAL_TIMEx_HallSensor_GetState                     build/debug/stm32f1xx_hal_tim_ex.o
HAL_TIMEx_HallSensor_Init                         build/debug/stm32f1xx_hal_tim_ex.o
HAL_TIMEx_HallSensor_MspDeInit                    build/debug/stm32f1xx_hal_tim_ex.o
HAL_TIMEx_HallSensor_MspInit                      build/debug/stm32f1xx_hal_tim_ex.o
HAL_TIMEx_HallSensor_Start                        build/debug/stm32f1xx_hal_tim_ex.o
HAL_TIMEx_HallSensor_Start_DMA                    build/debug/stm32f1xx_hal_tim_ex.o
HAL_TIMEx_HallSensor_Start_IT                     build/debug/stm32f1xx_hal_tim_ex.o
HAL_TIMEx_HallSensor_Stop                         build/debug/stm32f1xx_hal_tim_ex.o
HAL_TIMEx_HallSensor_Stop_DMA                     build/debug/stm32f1xx_hal_tim_ex.o
HAL_TIMEx_HallSensor_Stop_IT                      build/debug/stm32f1xx_hal_tim_ex.o
HAL_TIMEx_MasterConfigSynchronization             build/debug/stm32f1xx_hal_tim_ex.o
HAL_TIMEx_OCN_Start                               build/debug/stm32f1xx_hal_tim_ex.o
HAL_TIMEx_OCN_Start_DMA                           build/debug/stm32f1xx_hal_tim_ex.o
HAL_TIMEx_OCN_Start_IT                            build/debug/stm32f1xx_hal_tim_ex.o
HAL_TIMEx_OCN_Stop                                build/debug/stm32f1xx_hal_tim_ex.o
HAL_TIMEx_OCN_Stop_DMA                            build/debug/stm32f1xx_hal_tim_ex.o
HAL_TIMEx_OCN_Stop_IT                             build/debug/stm32f1xx_hal_tim_ex.o
HAL_TIMEx_OnePulseN_Start                         build/debug/stm32f1xx_hal_tim_ex.o
HAL_TIMEx_OnePulseN_Start_IT                      build/debug/stm32f1xx_hal_tim_ex.o
HAL_TIMEx_OnePulseN_Stop                          build/debug/stm32f1xx_hal_tim_ex.o
HAL_TIMEx_OnePulseN_Stop_IT                       build/debug/stm32f1xx_hal_tim_ex.o
HAL_TIMEx_PWMN_Start                              build/debug/stm32f1xx_hal_tim_ex.o
HAL_TIMEx_PWMN_Start_DMA                          build/debug/stm32f1xx_hal_tim_ex.o
HAL_TIMEx_PWMN_Start_IT                           build/debug/stm32f1xx_hal_tim_ex.o
HAL_TIMEx_PWMN_Stop                               build/debug/stm32f1xx_hal_tim_ex.o
HAL_TIMEx_PWMN_Stop_DMA                           build/debug/stm32f1xx_hal_tim_ex.o
HAL_TIMEx_PWMN_Stop_IT                            build/debug/stm32f1xx_hal_tim_ex.o
HAL_TIMEx_RemapConfig                             build/debug/stm32f1xx_hal_tim_ex.o
HAL_TIM_Base_DeInit                               build/debug/stm32f1xx_hal_tim.o
HAL_TIM_Base_GetState                             build/debug/stm32f1xx_hal_tim.o
HAL_TIM_Base_Init                                 build/debug/stm32f1xx_hal_tim.o
HAL_TIM_Base_MspDeInit                            build/debug/stm32f1xx_hal_tim.o
HAL_TIM_Base_MspInit                              build/debug/stm32f1xx_hal_tim.o
HAL_TIM_Base_Start                                build/debug/stm32f1xx_hal_tim.o
                                                  build/debug/WS2812b_Core.o
HAL_TIM_Base_Start_DMA                            build/debug/stm32f1xx_hal_tim.o
HAL_TIM_Base_Start_IT                             build/debug/stm32f1xx_hal_tim.o
HAL_TIM_Base_Stop                                 build/debug/stm32f1xx_hal_tim.o
HAL_TIM_Base_Stop_DMA                             build/debug/stm32f1xx_hal_tim.o
HAL_TIM_Base_Stop_IT                              build/debug/stm32f1xx_hal_tim.o
HAL_TIM_ConfigClockSource                         build/debug/stm32f1xx_hal_tim.o
HAL_TIM_ConfigOCrefClear                          build/debug/stm32f1xx_hal_tim.o
HAL_TIM_ConfigTI1Input                            build/debug/stm32f1xx_hal_tim.o
HAL_TIM_DMABurstState                             build/debug/stm32f1xx_hal_tim.o
HAL_TIM_DMABurst_MultiReadStart                   build/debug/stm32f1xx_hal_tim.o
HAL_TIM_DMABurst_MultiWriteStart                  build/debug/stm32f1xx_hal_tim.o
HAL_TIM_DMABurst_ReadStart                        build/debug/stm32f1xx_hal_tim.o
HAL_TIM_DMABurst_ReadStop                         build/debug/stm32f1xx_hal_tim.o
HAL_TIM_DMABurst_WriteStart                       build/debug/stm32f1xx_hal_tim.o
HAL_TIM_DMABurst_WriteStop                        build/debug/stm32f1xx_hal_tim.o
HAL_TIM_Encoder_DeInit                            build/debug/stm32f1xx_hal_tim.o
HAL_TIM_Encoder_GetState                          build/debug/stm32f1xx_hal_tim.o
HAL_TIM_Encoder_Init                              build/debug/stm32f1xx_hal_tim.o
HAL_TIM_Encoder_MspDeInit                         build/debug/stm32f1xx_hal_tim.o
HAL_TIM_Encoder_MspInit                           build/debug/stm32f1xx_hal_tim.o
HAL_TIM_Encoder_Start                             build/debug/stm32f1xx_hal_tim.o
HAL_TIM_Encoder_Start_DMA                         build/debug/stm32f1xx_hal_tim.o
HAL_TIM_Encoder_Start_IT                          build/debug/stm32f1xx_hal_tim.o
HAL_TIM_Encoder_Stop                              build/debug/stm32f1xx_hal_tim.o
HAL_TIM_Encoder_Stop_DMA                          build/debug/stm32f1xx_hal_tim.o
HAL_TIM_Encoder_Stop_IT                           build/debug/stm32f1xx_hal_tim.o
HAL_TIM_ErrorCallback                             build/debug/stm32f1xx_hal_tim.o
                                                  build/debug/stm32f1xx_hal_tim_ex.o
HAL_TIM_GenerateEvent                             build/debug/stm32f1xx_hal_tim.o
HAL_TIM_GetActiveChannel                          build/debug/stm32f1xx_hal_tim.o
HAL_TIM_GetChannelState                           build/debug/stm32f1xx_hal_tim.o
HAL_TIM_IC_CaptureCallback                        build/debug/stm32f1xx_hal_tim.o
HAL_TIM_IC_CaptureHalfCpltCallback                build/debug/stm32f1xx_hal_tim.o
HAL_TIM_IC_ConfigChannel                          build/debug/stm32f1xx_hal_tim.o
HAL_TIM_IC_DeInit                                 build/debug/stm32f1xx_hal_tim.o
HAL_TIM_IC_GetState                               build/debug/stm32f1xx_hal_tim.o
HAL_TIM_IC_Init                                   build/debug/stm32f1xx_hal_tim.o
HAL_TIM_IC_MspDeInit                              build/debug/stm32f1xx_hal_tim.o
HAL_TIM_IC_MspInit                                build/debug/stm32f1xx_hal_tim.o
HAL_TIM_IC_Start                                  build/debug/stm32f1xx_hal_tim.o
HAL_TIM_IC_Start_DMA                              build/debug/stm32f1xx_hal_tim.o
HAL_TIM_IC_Start_IT                               build/debug/stm32f1xx_hal_tim.o
HAL_TIM_IC_Stop                                   build/debug/stm32f1xx_hal_tim.o
HAL_TIM_IC_Stop_DMA                               build/debug/stm32f1xx_hal_tim.o
HAL_TIM_IC_Stop_IT                                build/debug/stm32f1xx_hal_tim.o
HAL_TIM_IRQHandler                                build/debug/stm32f1xx_hal_tim.o
                                                  build/debug/WS2812b_Core.o
HAL_TIM_OC_ConfigChannel                          build/debug/stm32f1xx_hal_tim.o
HAL_TIM_OC_DeInit                                 build/debug/stm32f1xx_hal_tim.o
HAL_TIM_OC_DelayElapsedCallback                   build/debug/stm32f1xx_hal_tim.o
HAL_TIM_OC_GetState                               build/debug/stm32f1xx_hal_tim.o
HAL_TIM_OC_Init                                   build/debug/stm32f1xx_hal_tim.o
HAL_TIM_OC_MspDeInit                              build/debug/stm32f1xx_hal_msp.o
HAL_TIM_OC_MspInit                                build/debug/stm32f1xx_hal_msp.o
HAL_TIM_OC_Start                                  build/debug/stm32f1xx_hal_tim.o
HAL_TIM_OC_Start_DMA                              build/debug/stm32f1xx_hal_tim.o
HAL_TIM_OC_Start_IT                               build/debug/stm32f1xx_hal_tim.o
HAL_TIM_OC_Stop                                   build/debug/stm32f1xx_hal_tim.o
HAL_TIM_OC_Stop_DMA                               build/debug/stm32f1xx_hal_tim.o
HAL_TIM_OC_Stop_IT                                build/debug/stm32f1xx_hal_tim.o
HAL_TIM_OnePulse_ConfigChannel                    build/debug/stm32f1xx_hal_tim.o
HAL_TIM_OnePulse_DeInit                           build/debug/stm32f1xx_hal_tim.o
HAL_TIM_OnePulse_GetState                         build/debug/stm32f1xx_hal_tim.o
HAL_TIM_OnePulse_Init                             build/debug/stm32f1xx_hal_tim.o
HAL_TIM_OnePulse_MspDeInit                        build/debug/stm32f1xx_hal_tim.o
HAL_TIM_OnePulse_MspInit                          build/debug/stm32f1xx_hal_tim.o
HAL_TIM_OnePulse_Start                            build/debug/stm32f1xx_hal_tim.o
HAL_TIM_OnePulse_Start_IT                         build/debug/stm32f1xx_hal_tim.o
HAL_TIM_OnePulse_Stop                             build/debug/stm32f1xx_hal_tim.o
HAL_TIM_OnePulse_Stop_IT                          build/debug/stm32f1xx_hal_tim.o
HAL_TIM_PWM_ConfigChannel                         build/debug/stm32f1xx_hal_tim.o
                                                  build/debug/WS2812b_Core.o
HAL_TIM_PWM_DeInit                                build/debug/stm32f1xx_hal_tim.o
HAL_TIM_PWM_GetState                              build/debug/stm32f1xx_hal_tim.o
HAL_TIM_PWM_Init                                  build/debug/stm32f1xx_hal_tim.o
                                                  build/debug/WS2812b_Core.o
HAL_TIM_PWM_MspDeInit                             build/debug/stm32f1xx_hal_tim.o
HAL_TIM_PWM_MspInit                               build/debug/stm32f1xx_hal_tim.o
HAL_TIM_PWM_PulseFinishedCallback                 build/debug/stm32f1xx_hal_tim.o
                                                  build/debug/stm32f1xx_hal_tim_ex.o
HAL_TIM_PWM_PulseFinishedHalfCpltCallback         build/debug/stm32f1xx_hal_tim.o
HAL_TIM_PWM_Start                                 build/debug/stm32f1xx_hal_tim.o
                                                  build/debug/WS2812b_Core.o
HAL_TIM_PWM_Start_DMA                             build/debug/stm32f1xx_hal_tim.o
HAL_TIM_PWM_Start_IT                              build/debug/stm32f1xx_hal_tim.o
HAL_TIM_PWM_Stop                                  build/debug/stm32f1xx_hal_tim.o
HAL_TIM_PWM_Stop_DMA                              build/debug/stm32f1xx_hal_tim.o
HAL_TIM_PWM_Stop_IT                               build/debug/stm32f1xx_hal_tim.o
HAL_TIM_PeriodElapsedCallback                     build/debug/WS2812b_Core.o