Archive member included to satisfy reference by file (symbol)

c:/users/igorn/appdata/roaming/code/user/globalstorage/bmd.stm32-for-vscode/@xpack-dev-tools/arm-none-eabi-gcc/12.3.1-1.1.1/.content/bin/../lib/gcc/arm-none-eabi/12.3.1/../../../../arm-none-eabi/lib/thumb/v7-m/nofp\libc_nano.a(libc_a-atexit.o)
                              c:/users/igorn/appdata/roaming/code/user/globalstorage/bmd.stm32-for-vscode/@xpack-dev-tools/arm-none-eabi-gcc/12.3.1-1.1.1/.content/bin/../lib/gcc/arm-none-eabi/12.3.1/../../../../arm-none-eabi/lib/thumb/v7-m/nofp/crt0.o (atexit)
c:/users/igorn/appdata/roaming/code/user/globalstorage/bmd.stm32-for-vscode/@xpack-dev-tools/arm-none-eabi-gcc/12.3.1-1.1.1/.content/bin/../lib/gcc/arm-none-eabi/12.3.1/../../../../arm-none-eabi/lib/thumb/v7-m/nofp\libc_nano.a(libc_a-exit.o)
                              c:/users/igorn/appdata/roaming/code/user/globalstorage/bmd.stm32-for-vscode/@xpack-dev-tools/arm-none-eabi-gcc/12.3.1-1.1.1/.content/bin/../lib/gcc/arm-none-eabi/12.3.1/../../../../arm-none-eabi/lib/thumb/v7-m/nofp/crt0.o (exit)
c:/users/igorn/appdata/roaming/code/user/globalstorage/bmd.stm32-for-vscode/@xpack-dev-tools/arm-none-eabi-gcc/12.3.1-1.1.1/.content/bin/../lib/gcc/arm-none-eabi/12.3.1/../../../../arm-none-eabi/lib/thumb/v7-m/nofp\libc_nano.a(libc_a-rand.o)
                              build/debug/NOS_WS2812B_Strip_Effects.o (rand)
c:/users/igorn/appdata/roaming/code/user/globalstorage/bmd.stm32-for-vscode/@xpack-dev-tools/arm-none-eabi-gcc/12.3.1-1.1.1/.content/bin/../lib/gcc/arm-none-eabi/12.3.1/../../../../arm-none-eabi/lib/thumb/v7-m/nofp\libc_nano.a(libc_a-findfp.o)
                              c:/users/igorn/appdata/roaming/code/user/globalstorage/bmd.stm32-for-vscode/@xpack-dev-tools/arm-none-eabi-gcc/12.3.1-1.1.1/.content/bin/../lib/gcc/arm-none-eabi/12.3.1/../../../../arm-none-eabi/lib/thumb/v7-m/nofp\libc_nano.a(libc_a-exit.o) (__stdio_exit_handler)
c:/users/igorn/appdata/roaming/code/user/globalstorage/bmd.stm32-for-vscode/@xpack-dev-tools/arm-none-eabi-gcc/12.3.1-1.1.1/.content/bin/../lib/gcc/arm-none-eabi/12.3.1/../../../../arm-none-eabi/lib/thumb/v7-m/nofp\libc_nano.a(libc_a-fwalk.o)
                              c:/users/igorn/appdata/roaming/code/user/globalstorage/bmd.stm32-for-vscode/@xpack-dev-tools/arm-none-eabi-gcc/12.3.1-1.1.1/.content/bin/../lib/gcc/arm-none-eabi/12.3.1/../../../../arm-none-eabi/lib/thumb/v7-m/nofp\libc_nano.a(libc_a-findfp.o) (_fwalk_sglue)
c:/users/igorn/appdata/roaming/code/user/globalstorage/bmd.stm32-for-vscode/@xpack-dev-tools/arm-none-eabi-gcc/12.3.1-1.1.1/.content/bin/../lib/gcc/arm-none-eabi/12.3.1/../../../../arm-none-eabi/lib/thumb/v7-m/nofp\libc_nano.a(libc_a-stdio.o)
                              c:/users/igorn/appdata/roaming/code/user/globalstorage/bmd.stm32-for-vscode/@xpack-dev-tools/arm-none-eabi-gcc/12.3.1-1.1.1/.content/bin/../lib/gcc/arm-none-eabi/12.3.1/../../../../arm-none-eabi/lib/thumb/v7-m/nofp\libc_nano.a(libc_a-findfp.o) (__sread)
c:/users/igorn/appdata/roaming/code/user/globalstorage/bmd.stm32-for-vscode/@xpack-dev-tools/arm-none-eabi-gcc/12.3.1-1.1.1/.content/bin/../lib/gcc/arm-none-eabi/12.3.1/../../../../arm-none-eabi/lib/thumb/v7-m/nofp\libc_nano.a(libc_a-memset.o)
                              c:/users/igorn/appdata/roaming/code/user/globalstorage/bmd.stm32-for-vscode/@xpack-dev-tools/arm-none-eabi-gcc/12.3.1-1.1.1/.content/bin/../lib/gcc/arm-none-eabi/12.3.1/../../../../arm-none-eabi/lib/thumb/v7-m/nofp/crt0.o (memset)
c:/users/igorn/appdata/roaming/code/user/globalstorage/bmd.stm32-for-vscode/@xpack-dev-tools/arm-none-eabi-gcc/12.3.1-1.1.1/.content/bin/../lib/gcc/arm-none-eabi/12.3.1/../../../../arm-none-eabi/lib/thumb/v7-m/nofp\libc_nano.a(libc_a-closer.o)
                              c:/users/igorn/appdata/roaming/code/user/globalstorage/bmd.stm32-for-vscode/@xpack-dev-tools/arm-none-eabi-gcc/12.3.1-1.1.1/.content/bin/../lib/gcc/arm-none-eabi/12.3.1/../../../../arm-none-eabi/lib/thumb/v7-m/nofp\libc_nano.a(libc_a-stdio.o) (_close_r)
c:/users/igorn/appdata/roaming/code/user/globalstorage/bmd.stm32-for-vscode/@xpack-dev-tools/arm-none-eabi-gcc/12.3.1-1.1.1/.content/bin/../lib/gcc/arm-none-eabi/12.3.1/../../../../arm-none-eabi/lib/thumb/v7-m/nofp\libc_nano.a(libc_a-reent.o)
                              c:/users/igorn/appdata/roaming/code/user/globalstorage/bmd.stm32-for-vscode/@xpack-dev-tools/arm-none-eabi-gcc/12.3.1-1.1.1/.content/bin/../lib/gcc/arm-none-eabi/12.3.1/../../../../arm-none-eabi/lib/thumb/v7-m/nofp\libc_nano.a(libc_a-closer.o) (errno)
c:/users/igorn/appdata/roaming/code/user/globalstorage/bmd.stm32-for-vscode/@xpack-dev-tools/arm-none-eabi-gcc/12.3.1-1.1.1/.content/bin/../lib/gcc/arm-none-eabi/12.3.1/../../../../arm-none-eabi/lib/thumb/v7-m/nofp\libc_nano.a(libc_a-impure.o)
[...]
Memory Configuration

Name             Origin             Length             Attributes
RAM              0x20000000         0x00005000         xrw
FLASH            0x08000000         0x00010000         xr
*default*        0x00000000         0xffffffff

Linker script and memory map

LOAD c:/users/igorn/appdata/roaming/code/user/globalstorage/bmd.stm32-for-vscode/@xpack-dev-tools/arm-none-eabi-gcc/12.3.1-1.1.1/.content/bin/../lib/gcc/arm-none-eabi/12.3.1/thumb/v7-m/nofp/crti.o
LOAD c:/users/igorn/appdata/roaming/code/user/globalstorage/bmd.stm32-for-vscode/@xpack-dev-tools/arm-none-eabi-gcc/12.3.1-1.1.1/.content/bin/../lib/gcc/arm-none-eabi/12.3.1/thumb/v7-m/nofp/crtbegin.o
LOAD c:/users/igorn/appdata/roaming/code/user/globalstorage/bmd.stm32-for-vscode/@xpack-dev-tools/arm-none-eabi-gcc/12.3.1-1.1.1/.content/bin/../lib/gcc/arm-none-eabi/12.3.1/../../../../arm-none-eabi/lib/thumb/v7-m/nofp/crt0.o
LOAD build/debug/NOS_BaseColors.o
LOAD build/debug/NOS_Flash.o
LOAD build/debug/NOS_Math.o
LOAD build/debug/NOS_Strip_UART.o
LOAD build/debug/NOS_Time.o
LOAD build/debug/NOS_UART.o
LOAD build/debug/NOS_WS2812B_Strip.o
LOAD build/debug/NOS_WS2812B_Strip_Effects.o
LOAD build/debug/WS2812B_Effects.o
LOAD build/debug/WS2812b_Core.o
LOAD build/debug/main.o
LOAD build/debug/stm32f1xx_hal.o
LOAD build/debug/stm32f1xx_hal_cortex.o
LOAD build/debug/stm32f1xx_hal_dma.o
LOAD build/debug/stm32f1xx_hal_exti.o
LOAD build/debug/stm32f1xx_hal_flash.o
LOAD build/debug/stm32f1xx_hal_flash_ex.o
LOAD build/debug/stm32f1xx_hal_gpio.o
LOAD build/debug/stm32f1xx_hal_gpio_ex.o
LOAD build/debug/stm32f1xx_hal_msp.o
LOAD build/debug/stm32f1xx_hal_pwr.o
LOAD build/debug/stm32f1xx_hal_rcc.o
LOAD build/debug/stm32f1xx_hal_rcc_ex.o
LOAD build/debug/stm32f1xx_hal_tim.o
LOAD build/debug/stm32f1xx_hal_tim_ex.o
LOAD build/debug/stm32f1xx_hal_uart.o
LOAD build/debug/stm32f1xx_it.o
LOAD build/debug/system_stm32f1xx.o
LOAD build/debug/startup_stm32f103xb.o
LOAD c:/users/igorn/appdata/roaming/code/user/globalstorage/bmd.stm32-for-vscode/@xpack-dev-tools/arm-none-eabi-gcc/12.3.1-1.1.1/.content/bin/../lib/gcc/arm-none-eabi/12.3.1/../../../../arm-none-eabi/lib/thumb/v7-m/nofp\libc_nano.a
LOAD c:/users/igorn/appdata/roaming/code/user/globalstorage/bmd.stm32-for-vscode/@xpack-dev-tools/arm-none-eabi-gcc/12.3.1-1.1.1/.content/bin/../lib/gcc/arm-none-eabi/12.3.1/../../../../arm-none-eabi/lib/thumb/v7-m/nofp\libm.a
LOAD c:/users/igorn/appdata/roaming/code/user/globalstorage/bmd.stm32-for-vscode/@xpack-dev-tools/arm-none-eabi-gcc/12.3.1-1.1.1/.content/bin/../lib/gcc/arm-none-eabi/12.3.1/../../../../arm-none-eabi/lib/thumb/v7-m/nofp\libnosys.a
START GROUP
LOAD c:/users/igorn/appdata/roaming/code/user/globalstorage/bmd.stm32-for-vscode/@xpack-dev-tools/arm-none-eabi-gcc/12.3.1-1.1.1/.content/bin/../lib/gcc/arm-none-eabi/12.3.1/thumb/v7-m/nofp\libgcc.a
LOAD c:/users/igorn/appdata/roaming/code/user/globalstorage/bmd.stm32-for-vscode/@xpack-dev-tools/arm-none-eabi-gcc/12.3.1-1.1.1/.content/bin/../lib/gcc/arm-none-eabi/12.3.1/../../../../arm-none-eabi/lib/thumb/v7-m/nofp\libc_nano.a
END GROUP
START GROUP
LOAD c:/users/igorn/appdata/roaming/code/user/globalstorage/bmd.stm32-for-vscode/@xpack-dev-tools/arm-none-eabi-gcc/12.3.1-1.1.1/.content/bin/../lib/gcc/arm-none-eabi/12.3.1/thumb/v7-m/nofp\libgcc.a
LOAD c:/users/igorn/appdata/roaming/code/user/globalstorage/bmd.stm32-for-vscode/@xpack-dev-tools/arm-none-eabi-gcc/12.3.1-1.1.1/.content/bin/../lib/gcc/arm-none-eabi/12.3.1/../../../../arm-none-eabi/lib/thumb/v7-m/nofp\libc_nano.a
END GROUP
LOAD c:/users/igorn/appdata/roaming/code/user/globalstorage/bmd.stm32-for-vscode/@xpack-dev-tools/arm-none-eabi-gcc/12.3.1-1.1.1/.content/bin/../lib/gcc/arm-none-eabi/12.3.1/thumb/v7-m/nofp/crtend.o
LOAD c:/users/igorn/appdata/roaming/code/user/globalstorage/bmd.stm32-for-vscode/@xpack-dev-tools/arm-none-eabi-gcc/12.3.1-1.1.1/.content/bin/../lib/gcc/arm-none-eabi/12.3.1/thumb/v7-m/nofp/crtn.o
                0x20005000                        _estack = (ORIGIN (RAM) + LENGTH (RAM))
                0x00000200                        _Min_Heap_Size = 0x200
                0x00000400                        _Min_Stack_Size = 0x400

.isr_vector     0x08000000      0x10c
                0x08000000                        . = ALIGN (0x4)
 *(.isr_vector)
 .isr_vector    0x08000000      0x10c build/debug/startup_stm32f103xb.o
                0x08000000                g_pfnVectors
                0x0800010c                        . = ALIGN (0x4)

.text           0x0800010c     0x54f8
                0x0800010c                        . = ALIGN (0x4)
 *(.text)
 .text          0x0800010c      0x21c c:/users/igorn/appdata/roaming/code/user/globalstorage/bmd.stm32-for-vscode/@xpack-dev-tools/arm-none-eabi-gcc/12.3.1-1.1.1/.content/bin/../lib/gcc/arm-none-eabi/12.3.1/thumb/v7-m/nofp\libgcc.a(_arm_addsubsf3.o)
                0x0800010c                __aeabi_frsub
                0x08000114                __subsf3
                0x08000114                __aeabi_fsub
                0x08000118                __aeabi_fadd
                0x08000118                __addsf3
                0x08000278                __aeabi_ui2f
                0x08000278                __floatunsisf
                0x08000280                __aeabi_i2f
                0x08000280                __floatsisf
                0x0800029c                __aeabi_ul2f
                0x0800029c                __floatundisf
                0x080002ac                __aeabi_l2f
                0x080002ac                __floatdisf
 .text          0x08000328      0x2a0 c:/users/igorn/appdata/roaming/code/user/globalstorage/bmd.stm32-for-vscode/@xpack-dev-tools/arm-none-eabi-gcc/12.3.1-1.1.1/.content/bin/../lib/gcc/arm-none-eabi/12.3.1/thumb/v7-m/nofp\libgcc.a(_arm_muldivsf3.o)
                0x08000328                __mulsf3
                0x08000328                __aeabi_fmul
                0x08000490                __aeabi_fdiv
                0x08000490                __divsf3
 .text          0x080005c8       0x40 c:/users/igorn/appdata/roaming/code/user/globalstorage/bmd.stm32-for-vscode/@xpack-dev-tools/arm-none-eabi-gcc/12.3.1-1.1.1/.content/bin/../lib/gcc/arm-none-eabi/12.3.1/thumb/v7-m/nofp\libgcc.a(_arm_fixunssfsi.o)
                0x080005c8                __fixunssfsi
                0x080005c8                __aeabi_f2uiz
 *(.text*)
 .text.__do_global_dtors_aux
                0x08000608       0x24 c:/users/igorn/appdata/roaming/code/user/globalstorage/bmd.stm32-for-vscode/@xpack-dev-tools/arm-none-eabi-gcc/12.3.1-1.1.1/.content/bin/../lib/gcc/arm-none-eabi/12.3.1/thumb/v7-m/nofp/crtbegin.o
 .text.frame_dummy
                0x0800062c       0x1c c:/users/igorn/appdata/roaming/code/user/globalstorage/bmd.stm32-for-vscode/@xpack-dev-tools/arm-none-eabi-gcc/12.3.1-1.1.1/.content/bin/../lib/gcc/arm-none-eabi/12.3.1/thumb/v7-m/nofp/crtbegin.o
 .text.NOS_PixelColor_SetColor
                0x08000648        0x8 build/debug/NOS_BaseColors.o
                0x08000648                NOS_PixelColor_SetColor
 .text.NOS_GetBaseColor
                0x08000650       0xf8 build/debug/NOS_BaseColors.o
                0x08000650                NOS_GetBaseColor
 .text.NOS_FlashMemory_Struct_Validate
                0x08000748       0x22 build/debug/NOS_Flash.o
                0x08000748                NOS_FlashMemory_Struct_Validate
 .text.NOS_Flash_Chunk_Init
                0x0800076a        0xa build/debug/NOS_Flash.o
                0x0800076a                NOS_Flash_Chunk_Init
 .text.NOS_FlashMemory_Struct_Init
                0x08000774        0x8 build/debug/NOS_Flash.o
                0x08000774                NOS_FlashMemory_Struct_Init
 .text.NOS_Flash_Chunk_Copy
                0x0800077c        0xe build/debug/NOS_Flash.o
                0x0800077c                NOS_Flash_Chunk_Copy
 .text.NOS_FlashMemory_Struct_AddChunk
                0x0800078a       0x3a build/debug/NOS_Flash.o
                0x0800078a                NOS_FlashMemory_Struct_AddChunk
 .text.NOS_Flash_Memory_Struct_Save
                0x080007c4       0xc8 build/debug/NOS_Flash.o
                0x080007c4                NOS_Flash_Memory_Struct_Save
 .text.NOS_Flash_Memory_Struct_Load
                0x0800088c       0x3a build/debug/NOS_Flash.o
                0x0800088c                NOS_Flash_Memory_Struct_Load
 .text.NOS_Math_GetSinValue
                0x080008c6        0x4 build/debug/NOS_Math.o
                0x080008c6                NOS_Math_GetSinValue
 .text.NOS_Math_SinValue_Handler
                0x080008ca       0x3c build/debug/NOS_Math.o
                0x080008ca                NOS_Math_SinValue_Handler
 .text.NOS_Math_SinValue_Init
                0x08000906       0x12 build/debug/NOS_Math.o
                0x08000906                NOS_Math_SinValue_Init
 .text.NOS_Strip_UART_ParseCommand
                0x08000918      0x3f2 build/debug/NOS_Strip_UART.o
                0x08000918                NOS_Strip_UART_ParseCommand
 .text.NOS_TimeEvent_Init
                0x08000d0a        0xe build/debug/NOS_Time.o
                0x08000d0a                NOS_TimeEvent_Init
 .text.NOS_TimeEvent_TickHandler
                0x08000d18       0x16 build/debug/NOS_Time.o
                0x08000d18                NOS_TimeEvent_TickHandler
 .text.NOS_TimeEvent_Check
                0x08000d2e        0xe build/debug/NOS_Time.o
                0x08000d2e                NOS_TimeEvent_Check
 .text.NOS_TimeEvent_FinishEvent
                0x08000d3c        0x8 build/debug/NOS_Time.o
                0x08000d3c                NOS_TimeEvent_FinishEvent
 .text.NOS_UART_ReceiveReset
                0x08000d44       0x22 build/debug/NOS_UART.o
                0x08000d44                NOS_UART_ReceiveReset
 .text.NOS_UART_ReceiveAbort
                0x08000d66       0x50 build/debug/NOS_UART.o
                0x08000d66                NOS_UART_ReceiveAbort
 .text.NOS_UART_Timer_Handler
                0x08000db6       0x34 build/debug/NOS_UART.o
                0x08000db6                NOS_UART_Timer_Handler
 .text.GetCRC16
                0x08000dea       0x3a build/debug/NOS_UART.o
                0x08000dea                GetCRC16
 .text.NOS_UART_ReceiveHandler
                0x08000e24       0x40 build/debug/NOS_UART.o
                0x08000e24                NOS_UART_ReceiveHandler
 .text.NOS_UART_ParsePacket
                0x08000e64       0xc4 build/debug/NOS_UART.o
                0x08000e64                NOS_UART_ParsePacket
 .text.NOS_UART_PacketApprovedNotice
                0x08000f28       0xa6 build/debug/NOS_UART.o
                0x08000f28                NOS_UART_PacketApprovedNotice
 .text.NOS_UART_CheckReceive
                0x08000fce        0x6 build/debug/NOS_UART.o
                0x08000fce                NOS_UART_CheckReceive
 .text.NOS_UART_EndReceive
                0x08000fd4        0x8 build/debug/NOS_UART.o
                0x08000fd4                NOS_UART_EndReceive
 .text.NOS_WS2812B_Strip_FullInit
                0x08000fdc       0x12 build/debug/NOS_WS2812B_Strip.o
                0x08000fdc                NOS_WS2812B_Strip_FullInit
 .text.NOS_WS2812B_Strip_CoreSetPixel
                0x08000fee       0x28 build/debug/NOS_WS2812B_Strip.o
                0x08000fee                NOS_WS2812B_Strip_CoreSetPixel
 .text.NOS_WS2812B_Strip_SetPixel
                0x08001016       0x28 build/debug/NOS_WS2812B_Strip.o
                0x08001016                NOS_WS2812B_Strip_SetPixel
 .text.NOS_WS2812B_Strip_Clear
                0x0800103e       0x34 build/debug/NOS_WS2812B_Strip.o
                0x0800103e                NOS_WS2812B_Strip_Clear
 *fill*         0x08001072        0x2 
 .text.NOS_WS2812B_Strip_Update
                0x08001074       0x80 build/debug/NOS_WS2812B_Strip.o
                0x08001074                NOS_WS2812B_Strip_Update
 .text.NOS_WS2812B_Strip_ColorFill
                0x080010f4       0x2e build/debug/NOS_WS2812B_Strip.o
                0x080010f4                NOS_WS2812B_Strip_ColorFill
 .text.NOS_WS2812B_Strip_SetPixelByPixelColor
                0x08001122       0x1e build/debug/NOS_WS2812B_Strip.o
                0x08001122                NOS_WS2812B_Strip_SetPixelByPixelColor
 .text.NOS_WS2812B_Strip_SetBright
                0x08001140        0x4 build/debug/NOS_WS2812B_Strip.o
                0x08001140                NOS_WS2812B_Strip_SetBright
 .text.NOS_WS2812B_Strip_Effects_Check_Conflicts
                0x08001144       0x60 build/debug/NOS_WS2812B_Strip_Effects.o
                0x08001144                NOS_WS2812B_Strip_Effects_Check_Conflicts
 .text.NOS_WS2812B_Strip_Effect_Init
                0x080011a4       0x62 build/debug/NOS_WS2812B_Strip_Effects.o
                0x080011a4                NOS_WS2812B_Strip_Effect_Init
 .text.NOS_WS2812B_Strip_Effects_AddEffect
                0x08001206      0x1c2 build/debug/NOS_WS2812B_Strip_Effects.o
                0x08001206                NOS_WS2812B_Strip_Effects_AddEffect
 .text.NOS_WS2812B_Strip_Effects_UpdateEffect
                0x080013c8      0x198 build/debug/NOS_WS2812B_Strip_Effects.o
                0x080013c8                NOS_WS2812B_Strip_Effects_UpdateEffect
 .text.NOS_WS2812B_Strip_Effect_Copy
                0x08001560       0x46 build/debug/NOS_WS2812B_Strip_Effects.o
                0x08001560                NOS_WS2812B_Strip_Effect_Copy
 .text.NOS_WS2812B_Strip_Effect_Breathe_Handler
                0x080015a6       0x3c build/debug/NOS_WS2812B_Strip_Effects.o
                0x080015a6                NOS_WS2812B_Strip_Effect_Breathe_Handler
 *fill*         0x080015e2        0x2 
 .text.NOS_WS2812B_Strip_Effect_Rainbow_Handler
                0x080015e4      0x210 build/debug/NOS_WS2812B_Strip_Effects.o
                0x080015e4                NOS_WS2812B_Strip_Effect_Rainbow_Handler
 .text.NOS_WS2812B_Strip_Effect_Dots_Handler
                0x080017f4      0x158 build/debug/NOS_WS2812B_Strip_Effects.o
                0x080017f4                NOS_WS2812B_Strip_Effect_Dots_Handler
 .text.NOS_WS2812B_Strip_Effect_Walking_Pixels_Handler
                0x0800194c       0x6a build/debug/NOS_WS2812B_Strip_Effects.o
                0x0800194c                NOS_WS2812B_Strip_Effect_Walking_Pixels_Handler
 *fill*         0x080019b6        0x2 
 .text.NOS_WS2812B_Strip_Effects_Handler
                0x080019b8       0x80 build/debug/NOS_WS2812B_Strip_Effects.o
                0x080019b8                NOS_WS2812B_Strip_Effects_Handler
 .text.visInit  0x08001a38       0x50 build/debug/WS2812B_Effects.o
                0x08001a38                visInit
 .text.visHandle
                0x08001a88       0x20 build/debug/WS2812B_Effects.o
                0x08001a88                visHandle
 .text.ws2812b_set_pixel
                0x08001aa8       0xc4 build/debug/WS2812b_Core.o
 .text.loadNextFramebufferData
                0x08001b6c       0x34 build/debug/WS2812b_Core.o
 .text.DMA_TransferCompleteHandler
                0x08001ba0       0xa0 build/debug/WS2812b_Core.o
                0x08001ba0                DMA_TransferCompleteHandler
 .text.WS2812_sendbuf
                0x08001c40       0xc4 build/debug/WS2812b_Core.o
 .text.DMA_TransferHalfHandler
                0x08001d04       0x40 build/debug/WS2812b_Core.o
                0x08001d04                DMA_TransferHalfHandler
 .text.ws2812b_gpio_init
                0x08001d44       0x40 build/debug/WS2812b_Core.o
 .text.DMA_init
                0x08001d84      0x110 build/debug/WS2812b_Core.o
 .text.TIM2_init
                0x08001e94       0xd8 build/debug/WS2812b_Core.o
 .text.DMA1_Channel2_IRQHandler
                0x08001f6c       0x10 build/debug/WS2812b_Core.o
                0x08001f6c                DMA1_Channel2_IRQHandler
 .text.DMA1_Channel5_IRQHandler
                0x08001f7c       0x10 build/debug/WS2812b_Core.o
                0x08001f7c                DMA1_Channel5_IRQHandler
 .text.DMA1_Channel7_IRQHandler
                0x08001f8c       0x10 build/debug/WS2812b_Core.o
                0x08001f8c                DMA1_Channel7_IRQHandler
 .text.TIM2_IRQHandler
                0x08001f9c       0x10 build/debug/WS2812b_Core.o
                0x08001f9c                TIM2_IRQHandler
 .text.HAL_TIM_PeriodElapsedCallback
                0x08001fac       0x5c build/debug/WS2812b_Core.o
                0x08001fac                HAL_TIM_PeriodElapsedCallback
 .text.ws2812b_init
                0x08002008       0x1c build/debug/WS2812b_Core.o
                0x08002008                ws2812b_init
 .text.ws2812b_handle
                0x08002024       0x20 build/debug/WS2812b_Core.o
                0x08002024                ws2812b_handle
 .text.MX_GPIO_Init
                0x08002044       0x68 build/debug/main.o
 .text.HAL_UART_RxCpltCallback
                0x080020ac       0x1c build/debug/main.o
                0x080020ac                HAL_UART_RxCpltCallback
 .text.SysTick_Handler
                0x080020c8       0x14 build/debug/main.o
                0x080020c8                SysTick_Handler
 .text.Error_Handler
                0x080020dc        0x4 build/debug/main.o
                0x080020dc                Error_Handler
 .text.MX_USART2_UART_Init
                0x080020e0       0x34 build/debug/main.o
 .text.SystemClock_Config
                0x08002114       0x60 build/debug/main.o
                0x08002114                SystemClock_Config
 .text.main     0x08002174      0x57c build/debug/main.o
                0x08002174                main
 .text.HAL_InitTick
                0x080026f0       0x4c build/debug/stm32f1xx_hal.o
                0x080026f0                HAL_InitTick
 .text.HAL_Init
                0x0800273c       0x24 build/debug/stm32f1xx_hal.o
                0x0800273c                HAL_Init
 .text.HAL_IncTick
                0x08002760       0x18 build/debug/stm32f1xx_hal.o
                0x08002760                HAL_IncTick
 .text.HAL_GetTick
                0x08002778        0xc build/debug/stm32f1xx_hal.o
                0x08002778                HAL_GetTick
 .text.__NVIC_SetPriority
                0x08002784       0x28 build/debug/stm32f1xx_hal_cortex.o
 .text.NVIC_EncodePriority
                0x080027ac       0x3e build/debug/stm32f1xx_hal_cortex.o
 *fill*         0x080027ea        0x2 
 .text.HAL_NVIC_SetPriorityGrouping
                0x080027ec       0x24 build/debug/stm32f1xx_hal_cortex.o
                0x080027ec                HAL_NVIC_SetPriorityGrouping
 .text.HAL_NVIC_SetPriority
                0x08002810       0x20 build/debug/stm32f1xx_hal_cortex.o
                0x08002810                HAL_NVIC_SetPriority
 .text.HAL_NVIC_EnableIRQ
                0x08002830       0x1c build/debug/stm32f1xx_hal_cortex.o
                0x08002830                HAL_NVIC_EnableIRQ
 .text.HAL_SYSTICK_Config
                0x0800284c       0x28 build/debug/stm32f1xx_hal_cortex.o
                0x0800284c                HAL_SYSTICK_Config
 .text.DMA_SetConfig
                0x08002874       0x2c build/debug/stm32f1xx_hal_dma.o
 .text.HAL_DMA_Init
                0x080028a0       0x6c build/debug/stm32f1xx_hal_dma.o
                0x080028a0                HAL_DMA_Init
 .text.HAL_DMA_Start
                0x0800290c       0x52 build/debug/stm32f1xx_hal_dma.o
                0x0800290c                HAL_DMA_Start
 .text.HAL_DMA_Start_IT
                0x0800295e       0x76 build/debug/stm32f1xx_hal_dma.o
                0x0800295e                HAL_DMA_Start_IT
 .text.HAL_DMA_Abort
                0x080029d4       0x46 build/debug/stm32f1xx_hal_dma.o
                0x080029d4                HAL_DMA_Abort
 *fill*         0x08002a1a        0x2 
 .text.HAL_DMA_Abort_IT
                0x08002a1c       0x98 build/debug/stm32f1xx_hal_dma.o
                0x08002a1c                HAL_DMA_Abort_IT
 .text.HAL_DMA_IRQHandler
                0x08002ab4      0x144 build/debug/stm32f1xx_hal_dma.o
                0x08002ab4                HAL_DMA_IRQHandler
 .text.FLASH_Program_HalfWord
                0x08002bf8       0x1c build/debug/stm32f1xx_hal_flash.o
 .text.FLASH_SetErrorCode
                0x08002c14       0x70 build/debug/stm32f1xx_hal_flash.o
 .text.HAL_FLASH_Unlock
                0x08002c84       0x34 build/debug/stm32f1xx_hal_flash.o
                0x08002c84                HAL_FLASH_Unlock
 .text.HAL_FLASH_Lock
                0x08002cb8       0x14 build/debug/stm32f1xx_hal_flash.o
                0x08002cb8                HAL_FLASH_Lock
 .text.HAL_FLASH_OB_Unlock
                0x08002ccc       0x28 build/debug/stm32f1xx_hal_flash.o
                0x08002ccc                HAL_FLASH_OB_Unlock
 .text.HAL_FLASH_OB_Lock
                0x08002cf4       0x14 build/debug/stm32f1xx_hal_flash.o
                0x08002cf4                HAL_FLASH_OB_Lock
 .text.FLASH_WaitForLastOperation
                0x08002d08       0x68 build/debug/stm32f1xx_hal_flash.o
                0x08002d08                FLASH_WaitForLastOperation
 .text.HAL_FLASH_Program
                0x08002d70       0xa0 build/debug/stm32f1xx_hal_flash.o
                0x08002d70                HAL_FLASH_Program
 .text.FLASH_MassErase
                0x08002e10       0x24 build/debug/stm32f1xx_hal_flash_ex.o
 .text.FLASH_PageErase
                0x08002e34       0x24 build/debug/stm32f1xx_hal_flash_ex.o
                0x08002e34                FLASH_PageErase
 .text.HAL_FLASHEx_Erase
                0x08002e58       0xa4 build/debug/stm32f1xx_hal_flash_ex.o
                0x08002e58                HAL_FLASHEx_Erase
 .text.HAL_GPIO_Init
                0x08002efc      0x21c build/debug/stm32f1xx_hal_gpio.o
                0x08002efc                HAL_GPIO_Init
 .text.HAL_GPIO_WritePin
                0x08003118        0xc build/debug/stm32f1xx_hal_gpio.o
                0x08003118                HAL_GPIO_WritePin
 .text.HAL_GPIO_TogglePin
                0x08003124       0x12 build/debug/stm32f1xx_hal_gpio.o
                0x08003124                HAL_GPIO_TogglePin
 *fill*         0x08003136        0x2 
 .text.HAL_MspInit
                0x08003138       0x30 build/debug/stm32f1xx_hal_msp.o
                0x08003138                HAL_MspInit
 .text.HAL_UART_MspInit
                0x08003168       0x88 build/debug/stm32f1xx_hal_msp.o
                0x08003168                HAL_UART_MspInit
 .text.RCC_Delay
                0x080031f0       0x2c build/debug/stm32f1xx_hal_rcc.o
 .text.HAL_RCC_OscConfig
                0x0800321c      0x410 build/debug/stm32f1xx_hal_rcc.o
                0x0800321c                HAL_RCC_OscConfig
 .text.HAL_RCC_GetSysClockFreq
                0x0800362c       0x54 build/debug/stm32f1xx_hal_rcc.o
                0x0800362c                HAL_RCC_GetSysClockFreq
 .text.HAL_RCC_ClockConfig
                0x08003680      0x16c build/debug/stm32f1xx_hal_rcc.o
                0x08003680                HAL_RCC_ClockConfig
 .text.HAL_RCC_GetHCLKFreq
                0x080037ec        0xc build/debug/stm32f1xx_hal_rcc.o
                0x080037ec                HAL_RCC_GetHCLKFreq
 .text.HAL_RCC_GetPCLK1Freq
                0x080037f8       0x20 build/debug/stm32f1xx_hal_rcc.o
                0x080037f8                HAL_RCC_GetPCLK1Freq
 .text.HAL_RCC_GetPCLK2Freq
                0x08003818       0x20 build/debug/stm32f1xx_hal_rcc.o
                0x08003818                HAL_RCC_GetPCLK2Freq
 .text.TIM_OC1_SetConfig
                0x08003838       0x54 build/debug/stm32f1xx_hal_tim.o
 .text.TIM_OC3_SetConfig
                0x0800388c       0x5c build/debug/stm32f1xx_hal_tim.o
 .text.TIM_OC4_SetConfig
                0x080038e8       0x48 build/debug/stm32f1xx_hal_tim.o
 .text.HAL_TIM_Base_Start
                0x08003930       0x5c build/debug/stm32f1xx_hal_tim.o
                0x08003930                HAL_TIM_Base_Start
 .text.HAL_TIM_PWM_MspInit
                0x0800398c        0x2 build/debug/stm32f1xx_hal_tim.o
                0x0800398c                HAL_TIM_PWM_MspInit
 .text.HAL_TIM_OC_DelayElapsedCallback
                0x0800398e        0x2 build/debug/stm32f1xx_hal_tim.o
                0x0800398e                HAL_TIM_OC_DelayElapsedCallback
 .text.HAL_TIM_IC_CaptureCallback
                0x08003990        0x2 build/debug/stm32f1xx_hal_tim.o
                0x08003990                HAL_TIM_IC_CaptureCallback
 .text.HAL_TIM_PWM_PulseFinishedCallback
                0x08003992        0x2 build/debug/stm32f1xx_hal_tim.o
                0x08003992                HAL_TIM_PWM_PulseFinishedCallback
 .text.HAL_TIM_TriggerCallback
                0x08003994        0x2 build/debug/stm32f1xx_hal_tim.o
                0x08003994                HAL_TIM_TriggerCallback
 .text.HAL_TIM_IRQHandler
                0x08003996      0x15e build/debug/stm32f1xx_hal_tim.o
                0x08003996                HAL_TIM_IRQHandler
 .text.TIM_Base_SetConfig
                0x08003af4       0x84 build/debug/stm32f1xx_hal_tim.o
                0x08003af4                TIM_Base_SetConfig
 .text.HAL_TIM_PWM_Init
                0x08003b78       0x58 build/debug/stm32f1xx_hal_tim.o
                0x08003b78                HAL_TIM_PWM_Init
 .text.TIM_OC2_SetConfig
                0x08003bd0       0x5c build/debug/stm32f1xx_hal_tim.o
                0x08003bd0                TIM_OC2_SetConfig
 .text.HAL_TIM_PWM_ConfigChannel
                0x08003c2c       0xdc build/debug/stm32f1xx_hal_tim.o
                0x08003c2c                HAL_TIM_PWM_ConfigChannel
 .text.TIM_CCxChannelCmd
                0x08003d08       0x1e build/debug/stm32f1xx_hal_tim.o
                0x08003d08                TIM_CCxChannelCmd
 *fill*         0x08003d26        0x2 
 .text.HAL_TIM_PWM_Start
                0x08003d28       0xdc build/debug/stm32f1xx_hal_tim.o
                0x08003d28                HAL_TIM_PWM_Start
 .text.HAL_TIMEx_CommutCallback
                0x08003e04        0x2 build/debug/stm32f1xx_hal_tim_ex.o
                0x08003e04                HAL_TIMEx_CommutCallback
 .text.HAL_TIMEx_BreakCallback
                0x08003e06        0x2 build/debug/stm32f1xx_hal_tim_ex.o
                0x08003e06                HAL_TIMEx_BreakCallback
 .text.UART_EndRxTransfer
                0x08003e08       0x5c build/debug/stm32f1xx_hal_uart.o
 .text.UART_Transmit_IT
                0x08003e64       0x60 build/debug/stm32f1xx_hal_uart.o
 .text.UART_SetConfig
                0x08003ec4       0x94 build/debug/stm32f1xx_hal_uart.o
 .text.UART_WaitOnFlagUntilTimeout
                0x08003f58       0x86 build/debug/stm32f1xx_hal_uart.o
 .text.HAL_UART_Init
                0x08003fde       0x60 build/debug/stm32f1xx_hal_uart.o
                0x08003fde                HAL_UART_Init
 .text.HAL_UART_Transmit
                0x0800403e       0xcc build/debug/stm32f1xx_hal_uart.o
                0x0800403e                HAL_UART_Transmit
 .text.HAL_UART_TxCpltCallback
                0x0800410a        0x2 build/debug/stm32f1xx_hal_uart.o
                0x0800410a                HAL_UART_TxCpltCallback
 .text.UART_EndTransmit_IT
                0x0800410c       0x1a build/debug/stm32f1xx_hal_uart.o
 .text.HAL_UART_ErrorCallback
                0x08004126        0x2 build/debug/stm32f1xx_hal_uart.o
                0x08004126                HAL_UART_ErrorCallback
 .text.UART_DMAAbortOnError
                0x08004128       0x10 build/debug/stm32f1xx_hal_uart.o
 .text.HAL_UARTEx_RxEventCallback
                0x08004138        0x2 build/debug/stm32f1xx_hal_uart.o
                0x08004138                HAL_UARTEx_RxEventCallback
 .text.UART_Receive_IT
                0x0800413a       0xe6 build/debug/stm32f1xx_hal_uart.o
 .text.HAL_UART_IRQHandler
                0x08004220      0x284 build/debug/stm32f1xx_hal_uart.o
                0x08004220                HAL_UART_IRQHandler
 .text.UART_Start_Receive_IT
                0x080044a4       0x36 build/debug/stm32f1xx_hal_uart.o
                0x080044a4                UART_Start_Receive_IT
 .text.HAL_UART_Receive_IT
                0x080044da       0x26 build/debug/stm32f1xx_hal_uart.o
                0x080044da                HAL_UART_Receive_IT
 .text.NMI_Handler
                0x08004500        0x2 build/debug/stm32f1xx_it.o
                0x08004500                NMI_Handler
 .text.HardFault_Handler
                0x08004502        0x2 build/debug/stm32f1xx_it.o
                0x08004502                HardFault_Handler
 .text.MemManage_Handler
                0x08004504        0x2 build/debug/stm32f1xx_it.o
                0x08004504                MemManage_Handler
 .text.BusFault_Handler
                0x08004506        0x2 build/debug/stm32f1xx_it.o
                0x08004506                BusFault_Handler
 .text.UsageFault_Handler
                0x08004508        0x2 build/debug/stm32f1xx_it.o
                0x08004508                UsageFault_Handler
 .text.SVC_Handler
                0x0800450a        0x2 build/debug/stm32f1xx_it.o
                0x0800450a                SVC_Handler
 .text.DebugMon_Handler
                0x0800450c        0x2 build/debug/stm32f1xx_it.o
                0x0800450c                DebugMon_Handler
 .text.PendSV_Handler
                0x0800450e        0x2 build/debug/stm32f1xx_it.o
                0x0800450e                PendSV_Handler
 .text.USART2_IRQHandler
                0x08004510       0x10 build/debug/stm32f1xx_it.o
                0x08004510                USART2_IRQHandler
 .text.SystemInit
                0x08004520        0x2 build/debug/system_stm32f1xx.o
                0x08004520                SystemInit
 *fill*         0x08004522        0x2 
 .text.Reset_Handler
                0x08004524       0x48 build/debug/startup_stm32f103xb.o
                0x08004524                Reset_Handler
 .text.Default_Handler
                0x0800456c        0x2 build/debug/startup_stm32f103xb.o
                0x0800456c                RTC_Alarm_IRQHandler
                0x0800456c                EXTI2_IRQHandler
                0x0800456c                TIM1_CC_IRQHandler
                0x0800456c                PVD_IRQHandler
                0x0800456c                EXTI3_IRQHandler
                0x0800456c                EXTI0_IRQHandler
                0x0800456c                I2C2_EV_IRQHandler
                0x0800456c                ADC1_2_IRQHandler
                0x0800456c                SPI1_IRQHandler
                0x0800456c                TAMPER_IRQHandler
                0x0800456c                DMA1_Channel4_IRQHandler
                0x0800456c                USART3_IRQHandler
                0x0800456c                RTC_IRQHandler
                0x0800456c                CAN1_RX1_IRQHandler
                0x0800456c                TIM4_IRQHandler
                0x0800456c                I2C1_EV_IRQHandler
                0x0800456c                DMA1_Channel6_IRQHandler
                0x0800456c                TIM3_IRQHandler
                0x0800456c                RCC_IRQHandler
                0x0800456c                TIM1_TRG_COM_IRQHandler
                0x0800456c                DMA1_Channel1_IRQHandler
                0x0800456c                Default_Handler
                0x0800456c                EXTI15_10_IRQHandler
                0x0800456c                EXTI9_5_IRQHandler
                0x0800456c                SPI2_IRQHandler
                0x0800456c                EXTI4_IRQHandler
                0x0800456c                USB_LP_CAN1_RX0_IRQHandler
                0x0800456c                USB_HP_CAN1_TX_IRQHandler
                0x0800456c                DMA1_Channel3_IRQHandler
                0x0800456c                TIM1_UP_IRQHandler
                0x0800456c                WWDG_IRQHandler
                0x0800456c                TIM1_BRK_IRQHandler
                0x0800456c                EXTI1_IRQHandler
                0x0800456c                I2C2_ER_IRQHandler
                0x0800456c                CAN1_SCE_IRQHandler
                0x0800456c                FLASH_IRQHandler
                0x0800456c                USART1_IRQHandler
                0x0800456c                I2C1_ER_IRQHandler
                0x0800456c                USBWakeUp_IRQHandler
 *fill*         0x0800456e        0x2 
 .text.rand     0x08004570       0x7c c:/users/igorn/appdata/roaming/code/user/globalstorage/bmd.stm32-for-vscode/@xpack-dev-tools/arm-none-eabi-gcc/12.3.1-1.1.1/.content/bin/../lib/gcc/arm-none-eabi/12.3.1/../../../../arm-none-eabi/lib/thumb/v7-m/nofp\libc_nano.a(libc_a-rand.o)
                0x08004570                rand
 .text.std      0x080045ec       0x6c c:/users/igorn/appdata/roaming/code/user/globalstorage/bmd.stm32-for-vscode/@xpack-dev-tools/arm-none-eabi-gcc/12.3.1-1.1.1/.content/bin/../lib/gcc/arm-none-eabi/12.3.1/../../../../arm-none-eabi/lib/thumb/v7-m/nofp\libc_nano.a(libc_a-findfp.o)
 .text.stdio_exit_handler
                0x08004658       0x18 c:/users/igorn/appdata/roaming/code/user/globalstorage/bmd.stm32-for-vscode/@xpack-dev-tools/arm-none-eabi-gcc/12.3.1-1.1.1/.content/bin/../lib/gcc/arm-none-eabi/12.3.1/../../../../arm-none-eabi/lib/thumb/v7-m/nofp\libc_nano.a(libc_a-findfp.o)
 .text.cleanup_stdio
                0x08004670       0x40 c:/users/igorn/appdata/roaming/code/user/globalstorage/bmd.stm32-for-vscode/@xpack-dev-tools/arm-none-eabi-gcc/12.3.1-1.1.1/.content/bin/../lib/gcc/arm-none-eabi/12.3.1/../../../../arm-none-eabi/lib/thumb/v7-m/nofp\libc_nano.a(libc_a-findfp.o)
 .text.global_stdio_init.part.0
                0x080046b0       0x3c c:/users/igorn/appdata/roaming/code/user/globalstorage/bmd.stm32-for-vscode/@xpack-dev-tools/arm-none-eabi-gcc/12.3.1-1.1.1/.content/bin/../lib/gcc/arm-none-eabi/12.3.1/../../../../arm-none-eabi/lib/thumb/v7-m/nofp\libc_nano.a(libc_a-findfp.o)
 .text.__sfp_lock_acquire
                0x080046ec        0xc c:/users/igorn/appdata/roaming/code/user/globalstorage/bmd.stm32-for-vscode/@xpack-dev-tools/arm-none-eabi-gcc/12.3.1-1.1.1/.content/bin/../lib/gcc/arm-none-eabi/12.3.1/../../../../arm-none-eabi/lib/thumb/v7-m/nofp\libc_nano.a(libc_a-findfp.o)
                0x080046ec                __sfp_lock_acquire
 .text.__sfp_lock_release
                0x080046f8        0xc c:/users/igorn/appdata/roaming/code/user/globalstorage/bmd.stm32-for-vscode/@xpack-dev-tools/arm-none-eabi-gcc/12.3.1-1.1.1/.content/bin/../lib/gcc/arm-none-eabi/12.3.1/../../../../arm-none-eabi/lib/thumb/v7-m/nofp\libc_nano.a(libc_a-findfp.o)
                0x080046f8                __sfp_lock_release
 .text.__sinit  0x08004704       0x30 c:/users/igorn/appdata/roaming/code/user/globalstorage/bmd.stm32-for-vscode/@xpack-dev-tools/arm-none-eabi-gcc/12.3.1-1.1.1/.content/bin/../lib/gcc/arm-none-eabi/12.3.1/../../../../arm-none-eabi/lib/thumb/v7-m/nofp\libc_nano.a(libc_a-findfp.o)
                0x08004704                __sinit
 .text._fwalk_sglue
                0x08004734       0x3c c:/users/igorn/appdata/roaming/code/user/globalstorage/bmd.stm32-for-vscode/@xpack-dev-tools/arm-none-eabi-gcc/12.3.1-1.1.1/.content/bin/../lib/gcc/arm-none-eabi/12.3.1/../../../../arm-none-eabi/lib/thumb/v7-m/nofp\libc_nano.a(libc_a-fwalk.o)
                0x08004734                _fwalk_sglue
 .text.__sread  0x08004770       0x22 c:/users/igorn/appdata/roaming/code/user/globalstorage/bmd.stm32-for-vscode/@xpack-dev-tools/arm-none-eabi-gcc/12.3.1-1.1.1/.content/bin/../lib/gcc/arm-none-eabi/12.3.1/../../../../arm-none-eabi/lib/thumb/v7-m/nofp\libc_nano.a(libc_a-stdio.o)
                0x08004770                __sread
 .text.__swrite
                0x08004792       0x38 c:/users/igorn/appdata/roaming/code/user/globalstorage/bmd.stm32-for-vscode/@xpack-dev-tools/arm-none-eabi-gcc/12.3.1-1.1.1/.content/bin/../lib/gcc/arm-none-eabi/12.3.1/../../../../arm-none-eabi/lib/thumb/v7-m/nofp\libc_nano.a(libc_a-stdio.o)
                0x08004792                __swrite
 .text.__sseek  0x080047ca       0x24 c:/users/igorn/appdata/roaming/code/user/globalstorage/bmd.stm32-for-vscode/@xpack-dev-tools/arm-none-eabi-gcc/12.3.1-1.1.1/.content/bin/../lib/gcc/arm-none-eabi/12.3.1/../../../../arm-none-eabi/lib/thumb/v7-m/nofp\libc_nano.a(libc_a-stdio.o)
                0x080047ca                __sseek
 .text.__sclose
                0x080047ee        0x8 c:/users/igorn/appdata/roaming/code/user/globalstorage/bmd.stm32-for-vscode/@xpack-dev-tools/arm-none-eabi-gcc/12.3.1-1.1.1/.content/bin/../lib/gcc/arm-none-eabi/12.3.1/../../../../arm-none-eabi/lib/thumb/v7-m/nofp\libc_nano.a(libc_a-stdio.o)
                0x080047ee                __sclose
 .text.memset   0x080047f6       0x10 c:/users/igorn/appdata/roaming/code/user/globalstorage/bmd.stm32-for-vscode/@xpack-dev-tools/arm-none-eabi-gcc/12.3.1-1.1.1/.content/bin/../lib/gcc/arm-none-eabi/12.3.1/../../../../arm-none-eabi/lib/thumb/v7-m/nofp\libc_nano.a(libc_a-memset.o)
                0x080047f6                memset
 *fill*         0x08004806        0x2 
 .text._close_r
                0x08004808       0x20 c:/users/igorn/appdata/roaming/code/user/globalstorage/bmd.stm32-for-vscode/@xpack-dev-tools/arm-none-eabi-gcc/12.3.1-1.1.1/.content/bin/../lib/gcc/arm-none-eabi/12.3.1/../../../../arm-none-eabi/lib/thumb/v7-m/nofp\libc_nano.a(libc_a-closer.o)
                0x08004808                _close_r
 .text._lseek_r
                0x08004828       0x24 c:/users/igorn/appdata/roaming/code/user/globalstorage/bmd.stm32-for-vscode/@xpack-dev-tools/arm-none-eabi-gcc/12.3.1-1.1.1/.content/bin/../lib/gcc/arm-none-eabi/12.3.1/../../../../arm-none-eabi/lib/thumb/v7-m/nofp\libc_nano.a(libc_a-lseekr.o)
                0x08004828                _lseek_r
 .text._read_r  0x0800484c       0x24 c:/users/igorn/appdata/roaming/code/user/globalstorage/bmd.stm32-for-vscode/@xpack-dev-tools/arm-none-eabi-gcc/12.3.1-1.1.1/.content/bin/../lib/gcc/arm-none-eabi/12.3.1/../../../../arm-none-eabi/lib/thumb/v7-m/nofp\libc_nano.a(libc_a-readr.o)
                0x0800484c                _read_r
 .text._write_r
                0x08004870       0x24 c:/users/igorn/appdata/roaming/code/user/globalstorage/bmd.stm32-for-vscode/@xpack-dev-tools/arm-none-eabi-gcc/12.3.1-1.1.1/.content/bin/../lib/gcc/arm-none-eabi/12.3.1/../../../../arm-none-eabi/lib/thumb/v7-m/nofp\libc_nano.a(libc_a-writer.o)
                0x08004870                _write_r
 .text.__libc_init_array
                0x08004894       0x48 c:/users/igorn/appdata/roaming/code/user/globalstorage/bmd.stm32-for-vscode/@xpack-dev-tools/arm-none-eabi-gcc/12.3.1-1.1.1/.content/bin/../lib/gcc/arm-none-eabi/12.3.1/../../../../arm-none-eabi/lib/thumb/v7-m/nofp\libc_nano.a(libc_a-init.o)
                0x08004894                __libc_init_array
 .text.__retarget_lock_init_recursive
                0x080048dc        0x2 c:/users/igorn/appdata/roaming/code/user/globalstorage/bmd.stm32-for-vscode/@xpack-dev-tools/arm-none-eabi-gcc/12.3.1-1.1.1/.content/bin/../lib/gcc/arm-none-eabi/12.3.1/../../../../arm-none-eabi/lib/thumb/v7-m/nofp\libc_nano.a(libc_a-lock.o)
                0x080048dc                __retarget_lock_init_recursive
 .text.__retarget_lock_acquire_recursive
                0x080048de        0x2 c:/users/igorn/appdata/roaming/code/user/globalstorage/bmd.stm32-for-vscode/@xpack-dev-tools/arm-none-eabi-gcc/12.3.1-1.1.1/.content/bin/../lib/gcc/arm-none-eabi/12.3.1/../../../../arm-none-eabi/lib/thumb/v7-m/nofp\libc_nano.a(libc_a-lock.o)
                0x080048de                __retarget_lock_acquire_recursive
 .text.__retarget_lock_release_recursive
                0x080048e0        0x2 c:/users/igorn/appdata/roaming/code/user/globalstorage/bmd.stm32-for-vscode/@xpack-dev-tools/arm-none-eabi-gcc/12.3.1-1.1.1/.content/bin/../lib/gcc/arm-none-eabi/12.3.1/../../../../arm-none-eabi/lib/thumb/v7-m/nofp\libc_nano.a(libc_a-lock.o)
                0x080048e0                __retarget_lock_release_recursive
 *fill*         0x080048e2        0x2 
 .text.__assert_func
                0x080048e4       0x3c c:/users/igorn/appdata/roaming/code/user/globalstorage/bmd.stm32-for-vscode/@xpack-dev-tools/arm-none-eabi-gcc/12.3.1-1.1.1/.content/bin/../lib/gcc/arm-none-eabi/12.3.1/../../../../arm-none-eabi/lib/thumb/v7-m/nofp\libc_nano.a(libc_a-assert.o)
                0x080048e4                __assert_func
 .text._free_r  0x08004920       0x90 c:/users/igorn/appdata/roaming/code/user/globalstorage/bmd.stm32-for-vscode/@xpack-dev-tools/arm-none-eabi-gcc/12.3.1-1.1.1/.content/bin/../lib/gcc/arm-none-eabi/12.3.1/../../../../arm-none-eabi/lib/thumb/v7-m/nofp\libc_nano.a(libc_a-freer.o)
                0x08004920                _free_r
 .text.malloc   0x080049b0       0x10 c:/users/igorn/appdata/roaming/code/user/globalstorage/bmd.stm32-for-vscode/@xpack-dev-tools/arm-none-eabi-gcc/12.3.1-1.1.1/.content/bin/../lib/gcc/arm-none-eabi/12.3.1/../../../../arm-none-eabi/lib/thumb/v7-m/nofp\libc_nano.a(libc_a-malloc.o)
                0x080049b0                malloc
 .text.sbrk_aligned
                0x080049c0       0x44 c:/users/igorn/appdata/roaming/code/user/globalstorage/bmd.stm32-for-vscode/@xpack-dev-tools/arm-none-eabi-gcc/12.3.1-1.1.1/.content/bin/../lib/gcc/arm-none-eabi/12.3.1/../../../../arm-none-eabi/lib/thumb/v7-m/nofp\libc_nano.a(libc_a-mallocr.o)
 .text._malloc_r
                0x08004a04      0x100 c:/users/igorn/appdata/roaming/code/user/globalstorage/bmd.stm32-for-vscode/@xpack-dev-tools/arm-none-eabi-gcc/12.3.1-1.1.1/.content/bin/../lib/gcc/arm-none-eabi/12.3.1/../../../../arm-none-eabi/lib/thumb/v7-m/nofp\libc_nano.a(libc_a-mallocr.o)
                0x08004a04                _malloc_r
 .text.__malloc_lock
                0x08004b04        0xc c:/users/igorn/appdata/roaming/code/user/globalstorage/bmd.stm32-for-vscode/@xpack-dev-tools/arm-none-eabi-gcc/12.3.1-1.1.1/.content/bin/../lib/gcc/arm-none-eabi/12.3.1/../../../../arm-none-eabi/lib/thumb/v7-m/nofp\libc_nano.a(libc_a-mlock.o)
                0x08004b04                __malloc_lock
 .text.__malloc_unlock
                0x08004b10        0xc c:/users/igorn/appdata/roaming/code/user/globalstorage/bmd.stm32-for-vscode/@xpack-dev-tools/arm-none-eabi-gcc/12.3.1-1.1.1/.content/bin/../lib/gcc/arm-none-eabi/12.3.1/../../../../arm-none-eabi/lib/thumb/v7-m/nofp\libc_nano.a(libc_a-mlock.o)
                0x08004b10                __malloc_unlock
 .text.__sflush_r
                0x08004b1c      0x100 c:/users/igorn/appdata/roaming/code/user/globalstorage/bmd.stm32-for-vscode/@xpack-dev-tools/arm-none-eabi-gcc/12.3.1-1.1.1/.content/bin/../lib/gcc/arm-none-eabi/12.3.1/../../../../arm-none-eabi/lib/thumb/v7-m/nofp\libc_nano.a(libc_a-fflush.o)
                0x08004b1c                __sflush_r
 .text._fflush_r
                0x08004c1c       0x50 c:/users/igorn/appdata/roaming/code/user/globalstorage/bmd.stm32-for-vscode/@xpack-dev-tools/arm-none-eabi-gcc/12.3.1-1.1.1/.content/bin/../lib/gcc/arm-none-eabi/12.3.1/../../../../arm-none-eabi/lib/thumb/v7-m/nofp\libc_nano.a(libc_a-fflush.o)
                0x08004c1c                _fflush_r
 .text.fprintf  0x08004c6c       0x24 c:/users/igorn/appdata/roaming/code/user/globalstorage/bmd.stm32-for-vscode/@xpack-dev-tools/arm-none-eabi-gcc/12.3.1-1.1.1/.content/bin/../lib/gcc/arm-none-eabi/12.3.1/../../../../arm-none-eabi/lib/thumb/v7-m/nofp\libc_nano.a(libc_a-fprintf.o)
                0x08004c6c                fiprintf
                0x08004c6c                fprintf
 .text._sbrk_r  0x08004c90       0x20 c:/users/igorn/appdata/roaming/code/user/globalstorage/bmd.stm32-for-vscode/@xpack-dev-tools/arm-none-eabi-gcc/12.3.1-1.1.1/.content/bin/../lib/gcc/arm-none-eabi/12.3.1/../../../../arm-none-eabi/lib/thumb/v7-m/nofp\libc_nano.a(libc_a-sbrkr.o)
                0x08004c90                _sbrk_r
 .text.abort    0x08004cb0        0xe c:/users/igorn/appdata/roaming/code/user/globalstorage/bmd.stm32-for-vscode/@xpack-dev-tools/arm-none-eabi-gcc/12.3.1-1.1.1/.content/bin/../lib/gcc/arm-none-eabi/12.3.1/../../../../arm-none-eabi/lib/thumb/v7-m/nofp\libc_nano.a(libc_a-abort.o)
                0x08004cb0                abort
 .text.__sfputc_r
                0x08004cbe       0x2a c:/users/igorn/appdata/roaming/code/user/globalstorage/bmd.stm32-for-vscode/@xpack-dev-tools/arm-none-eabi-gcc/12.3.1-1.1.1/.content/bin/../lib/gcc/arm-none-eabi/12.3.1/../../../../arm-none-eabi/lib/thumb/v7-m/nofp\libc_nano.a(libc_a-nano-vfprintf.o)
 .text.__sfputs_r
                0x08004ce8       0x24 c:/users/igorn/appdata/roaming/code/user/globalstorage/bmd.stm32-for-vscode/@xpack-dev-tools/arm-none-eabi-gcc/12.3.1-1.1.1/.content/bin/../lib/gcc/arm-none-eabi/12.3.1/../../../../arm-none-eabi/lib/thumb/v7-m/nofp\libc_nano.a(libc_a-nano-vfprintf.o)
                0x08004ce8                __sfputs_r
 .text._vfprintf_r
                0x08004d0c      0x230 c:/users/igorn/appdata/roaming/code/user/globalstorage/bmd.stm32-for-vscode/@xpack-dev-tools/arm-none-eabi-gcc/12.3.1-1.1.1/.content/bin/../lib/gcc/arm-none-eabi/12.3.1/../../../../arm-none-eabi/lib/thumb/v7-m/nofp\libc_nano.a(libc_a-nano-vfprintf.o)
                0x08004d0c                _vfprintf_r
                0x08004d0c                _vfiprintf_r
 .text._printf_common
                0x08004f3c       0xe4 c:/users/igorn/appdata/roaming/code/user/globalstorage/bmd.stm32-for-vscode/@xpack-dev-tools/arm-none-eabi-gcc/12.3.1-1.1.1/.content/bin/../lib/gcc/arm-none-eabi/12.3.1/../../../../arm-none-eabi/lib/thumb/v7-m/nofp\libc_nano.a(libc_a-nano-vfprintf_i.o)
                0x08004f3c                _printf_common
 .text._printf_i
                0x08005020      0x258 c:/users/igorn/appdata/roaming/code/user/globalstorage/bmd.stm32-for-vscode/@xpack-dev-tools/arm-none-eabi-gcc/12.3.1-1.1.1/.content/bin/../lib/gcc/arm-none-eabi/12.3.1/../../../../arm-none-eabi/lib/thumb/v7-m/nofp\libc_nano.a(libc_a-nano-vfprintf_i.o)
                0x08005020                _printf_i
 .text.__swbuf_r
                0x08005278       0x7c c:/users/igorn/appdata/roaming/code/user/globalstorage/bmd.stm32-for-vscode/@xpack-dev-tools/arm-none-eabi-gcc/12.3.1-1.1.1/.content/bin/../lib/gcc/arm-none-eabi/12.3.1/../../../../arm-none-eabi/lib/thumb/v7-m/nofp\libc_nano.a(libc_a-wbuf.o)
                0x08005278                __swbuf_r
 .text.__swsetup_r
                0x080052f4       0xac c:/users/igorn/appdata/roaming/code/user/globalstorage/bmd.stm32-for-vscode/@xpack-dev-tools/arm-none-eabi-gcc/12.3.1-1.1.1/.content/bin/../lib/gcc/arm-none-eabi/12.3.1/../../../../arm-none-eabi/lib/thumb/v7-m/nofp\libc_nano.a(libc_a-wsetup.o)
                0x080052f4                __swsetup_r
 .text._raise_r
                0x080053a0       0x50 c:/users/igorn/appdata/roaming/code/user/globalstorage/bmd.stm32-for-vscode/@xpack-dev-tools/arm-none-eabi-gcc/12.3.1-1.1.1/.content/bin/../lib/gcc/arm-none-eabi/12.3.1/../../../../arm-none-eabi/lib/thumb/v7-m/nofp\libc_nano.a(libc_a-signal.o)
                0x080053a0                _raise_r
 .text.raise    0x080053f0       0x10 c:/users/igorn/appdata/roaming/code/user/globalstorage/bmd.stm32-for-vscode/@xpack-dev-tools/arm-none-eabi-gcc/12.3.1-1.1.1/.content/bin/../lib/gcc/arm-none-eabi/12.3.1/../../../../arm-none-eabi/lib/thumb/v7-m/nofp\libc_nano.a(libc_a-signal.o)
                0x080053f0                raise
 .text._kill_r  0x08005400       0x24 c:/users/igorn/appdata/roaming/code/user/globalstorage/bmd.stm32-for-vscode/@xpack-dev-tools/arm-none-eabi-gcc/12.3.1-1.1.1/.content/bin/../lib/gcc/arm-none-eabi/12.3.1/../../../../arm-none-eabi/lib/thumb/v7-m/nofp\libc_nano.a(libc_a-signalr.o)
                0x08005400                _kill_r
 .text._getpid_r
                0x08005424        0x4 c:/users/igorn/appdata/roaming/code/user/globalstorage/bmd.stm32-for-vscode/@xpack-dev-tools/arm-none-eabi-gcc/12.3.1-1.1.1/.content/bin/../lib/gcc/arm-none-eabi/12.3.1/../../../../arm-none-eabi/lib/thumb/v7-m/nofp\libc_nano.a(libc_a-signalr.o)
                0x08005424                _getpid_r
 .text.memchr   0x08005428       0x1c c:/users/igorn/appdata/roaming/code/user/globalstorage/bmd.stm32-for-vscode/@xpack-dev-tools/arm-none-eabi-gcc/12.3.1-1.1.1/.content/bin/../lib/gcc/arm-none-eabi/12.3.1/../../../../arm-none-eabi/lib/thumb/v7-m/nofp\libc_nano.a(libc_a-memchr-stub.o)
                0x08005428                memchr
 .text.__swhatbuf_r
                0x08005444       0x4a c:/users/igorn/appdata/roaming/code/user/globalstorage/bmd.stm32-for-vscode/@xpack-dev-tools/arm-none-eabi-gcc/12.3.1-1.1.1/.content/bin/../lib/gcc/arm-none-eabi/12.3.1/../../../../arm-none-eabi/lib/thumb/v7-m/nofp\libc_nano.a(libc_a-makebuf.o)
                0x08005444                __swhatbuf_r
 .text.__smakebuf_r
                0x0800548e       0x78 c:/users/igorn/appdata/roaming/code/user/globalstorage/bmd.stm32-for-vscode/@xpack-dev-tools/arm-none-eabi-gcc/12.3.1-1.1.1/.content/bin/../lib/gcc/arm-none-eabi/12.3.1/../../../../arm-none-eabi/lib/thumb/v7-m/nofp\libc_nano.a(libc_a-makebuf.o)
                0x0800548e                __smakebuf_r
 *fill*         0x08005506        0x2 
 .text._fstat_r
                0x08005508       0x24 c:/users/igorn/appdata/roaming/code/user/globalstorage/bmd.stm32-for-vscode/@xpack-dev-tools/arm-none-eabi-gcc/12.3.1-1.1.1/.content/bin/../lib/gcc/arm-none-eabi/12.3.1/../../../../arm-none-eabi/lib/thumb/v7-m/nofp\libc_nano.a(libc_a-fstatr.o)
                0x08005508                _fstat_r
 .text._isatty_r
                0x0800552c       0x20 c:/users/igorn/appdata/roaming/code/user/globalstorage/bmd.stm32-for-vscode/@xpack-dev-tools/arm-none-eabi-gcc/12.3.1-1.1.1/.content/bin/../lib/gcc/arm-none-eabi/12.3.1/../../../../arm-none-eabi/lib/thumb/v7-m/nofp\libc_nano.a(libc_a-isattyr.o)
                0x0800552c                _isatty_r
 .text._close   0x0800554c       0x10 c:/users/igorn/appdata/roaming/code/user/globalstorage/bmd.stm32-for-vscode/@xpack-dev-tools/arm-none-eabi-gcc/12.3.1-1.1.1/.content/bin/../lib/gcc/arm-none-eabi/12.3.1/../../../../arm-none-eabi/lib/thumb/v7-m/nofp\libnosys.a(close.o)
                0x0800554c                _close
 .text._fstat   0x0800555c       0x10 c:/users/igorn/appdata/roaming/code/user/globalstorage/bmd.stm32-for-vscode/@xpack-dev-tools/arm-none-eabi-gcc/12.3.1-1.1.1/.content/bin/../lib/gcc/arm-none-eabi/12.3.1/../../../../arm-none-eabi/lib/thumb/v7-m/nofp\libnosys.a(fstat.o)
                0x0800555c                _fstat
 .text._getpid  0x0800556c       0x10 c:/users/igorn/appdata/roaming/code/user/globalstorage/bmd.stm32-for-vscode/@xpack-dev-tools/arm-none-eabi-gcc/12.3.1-1.1.1/.content/bin/../lib/gcc/arm-none-eabi/12.3.1/../../../../arm-none-eabi/lib/thumb/v7-m/nofp\libnosys.a(getpid.o)
                0x0800556c                _getpid
 .text._isatty  0x0800557c       0x10 c:/users/igorn/appdata/roaming/code/user/globalstorage/bmd.stm32-for-vscode/@xpack-dev-tools/arm-none-eabi-gcc/12.3.1-1.1.1/.content/bin/../lib/gcc/arm-none-eabi/12.3.1/../../../../arm-none-eabi/lib/thumb/v7-m/nofp\libnosys.a(isatty.o)
                0x0800557c                _isatty
 .text._kill    0x0800558c       0x10 c:/users/igorn/appdata/roaming/code/user/globalstorage/bmd.stm32-for-vscode/@xpack-dev-tools/arm-none-eabi-gcc/12.3.1-1.1.1/.content/bin/../lib/gcc/arm-none-eabi/12.3.1/../../../../arm-none-eabi/lib/thumb/v7-m/nofp\libnosys.a(kill.o)
                0x0800558c                _kill
 .text._lseek   0x0800559c       0x10 c:/users/igorn/appdata/roaming/code/user/globalstorage/bmd.stm32-for-vscode/@xpack-dev-tools/arm-none-eabi-gcc/12.3.1-1.1.1/.content/bin/../lib/gcc/arm-none-eabi/12.3.1/../../../../arm-none-eabi/lib/thumb/v7-m/nofp\libnosys.a(lseek.o)
                0x0800559c                _lseek
 .text._read    0x080055ac       0x10 c:/users/igorn/appdata/roaming/code/user/globalstorage/bmd.stm32-for-vscode/@xpack-dev-tools/arm-none-eabi-gcc/12.3.1-1.1.1/.content/bin/../lib/gcc/arm-none-eabi/12.3.1/../../../../arm-none-eabi/lib/thumb/v7-m/nofp\libnosys.a(read.o)
                0x080055ac                _read
 .text._sbrk    0x080055bc       0x1c c:/users/igorn/appdata/roaming/code/user/globalstorage/bmd.stm32-for-vscode/@xpack-dev-tools/arm-none-eabi-gcc/12.3.1-1.1.1/.content/bin/../lib/gcc/arm-none-eabi/12.3.1/../../../../arm-none-eabi/lib/thumb/v7-m/nofp\libnosys.a(sbrk.o)
                0x080055bc                _sbrk
 .text._write   0x080055d8       0x10 c:/users/igorn/appdata/roaming/code/user/globalstorage/bmd.stm32-for-vscode/@xpack-dev-tools/arm-none-eabi-gcc/12.3.1-1.1.1/.content/bin/../lib/gcc/arm-none-eabi/12.3.1/../../../../arm-none-eabi/lib/thumb/v7-m/nofp\libnosys.a(write.o)
                0x080055d8                _write
 .text._exit    0x080055e8        0x4 c:/users/igorn/appdata/roaming/code/user/globalstorage/bmd.stm32-for-vscode/@xpack-dev-tools/arm-none-eabi-gcc/12.3.1-1.1.1/.content/bin/../lib/gcc/arm-none-eabi/12.3.1/../../../../arm-none-eabi/lib/thumb/v7-m/nofp\libnosys.a(_exit.o)
                0x080055e8                _exit
 *(.glue_7)
 .glue_7        0x080055ec        0x0 linker stubs
 *(.glue_7t)
 .glue_7t       0x080055ec        0x0 linker stubs
 *(.eh_frame)
 .eh_frame      0x080055ec        0x0 c:/users/igorn/appdata/roaming/code/user/globalstorage/bmd.stm32-for-vscode/@xpack-dev-tools/arm-none-eabi-gcc/12.3.1-1.1.1/.content/bin/../lib/gcc/arm-none-eabi/12.3.1/thumb/v7-m/nofp/crtbegin.o
 *(.init)
 .init          0x080055ec        0x4 c:/users/igorn/appdata/roaming/code/user/globalstorage/bmd.stm32-for-vscode/@xpack-dev-tools/arm-none-eabi-gcc/12.3.1-1.1.1/.content/bin/../lib/gcc/arm-none-eabi/12.3.1/thumb/v7-m/nofp/crti.o
                0x080055ec                _init
 .init          0x080055f0        0x8 c:/users/igorn/appdata/roaming/code/user/globalstorage/bmd.stm32-for-vscode/@xpack-dev-tools/arm-none-eabi-gcc/12.3.1-1.1.1/.content/bin/../lib/gcc/arm-none-eabi/12.3.1/thumb/v7-m/nofp/crtn.o
 *(.fini)
 .fini          0x080055f8        0x4 c:/users/igorn/appdata/roaming/code/user/globalstorage/bmd.stm32-for-vscode/@xpack-dev-tools/arm-none-eabi-gcc/12.3.1-1.1.1/.content/bin/../lib/gcc/arm-none-eabi/12.3.1/thumb/v7-m/nofp/crti.o
                0x080055f8                _fini
 .fini          0x080055fc        0x8 c:/users/igorn/appdata/roaming/code/user/globalstorage/bmd.stm32-for-vscode/@xpack-dev-tools/arm-none-eabi-gcc/12.3.1-1.1.1/.content/bin/../lib/gcc/arm-none-eabi/12.3.1/thumb/v7-m/nofp/crtn.o
                0x08005604                        . = ALIGN (0x4)
                0x08005604                        _etext = .

.vfp11_veneer   0x08005604        0x0
 .vfp11_veneer  0x08005604        0x0 linker stubs

.v4_bx          0x08005604        0x0
 .v4_bx         0x08005604        0x0 linker stubs

.iplt           0x08005604        0x0
 .iplt          0x08005604        0x0 c:/users/igorn/appdata/roaming/code/user/globalstorage/bmd.stm32-for-vscode/@xpack-dev-tools/arm-none-eabi-gcc/12.3.1-1.1.1/.content/bin/../lib/gcc/arm-none-eabi/12.3.1/thumb/v7-m/nofp/crtbegin.o

.rodata         0x08005604      0x230
                0x08005604                        . = ALIGN (0x4)
 *(.rodata)
 *(.rodata*)
 .rodata.gammaTable
                0x08005604      0x100 build/debug/WS2812b_Core.o
                0x08005604                gammaTable
 .rodata.main.str1.4
                0x08005704        0x6 build/debug/main.o
 *fill*         0x0800570a        0x2 
 .rodata.aPredivFactorTable.0
                0x0800570c        0x2 build/debug/stm32f1xx_hal_rcc.o
 *fill*         0x0800570e        0x2 
 .rodata.aPLLMULFactorTable.1
                0x08005710       0x10 build/debug/stm32f1xx_hal_rcc.o
 .rodata.APBPrescTable
                0x08005720        0x8 build/debug/system_stm32f1xx.o
                0x08005720                APBPrescTable
 .rodata.AHBPrescTable
                0x08005728       0x10 build/debug/system_stm32f1xx.o
                0x08005728                AHBPrescTable
 .rodata.srand.str1.1
                0x08005738       0x8c c:/users/igorn/appdata/roaming/code/user/globalstorage/bmd.stm32-for-vscode/@xpack-dev-tools/arm-none-eabi-gcc/12.3.1-1.1.1/.content/bin/../lib/gcc/arm-none-eabi/12.3.1/../../../../arm-none-eabi/lib/thumb/v7-m/nofp\libc_nano.a(libc_a-rand.o)
 .rodata.__assert_func.str1.1
                0x080057c4       0x3c c:/users/igorn/appdata/roaming/code/user/globalstorage/bmd.stm32-for-vscode/@xpack-dev-tools/arm-none-eabi-gcc/12.3.1-1.1.1/.content/bin/../lib/gcc/arm-none-eabi/12.3.1/../../../../arm-none-eabi/lib/thumb/v7-m/nofp\libc_nano.a(libc_a-assert.o)
                                 0x3d (size before relaxing)
 .rodata._vfprintf_r.str1.1
                0x08005800       0x11 c:/users/igorn/appdata/roaming/code/user/globalstorage/bmd.stm32-for-vscode/@xpack-dev-tools/arm-none-eabi-gcc/12.3.1-1.1.1/.content/bin/../lib/gcc/arm-none-eabi/12.3.1/../../../../arm-none-eabi/lib/thumb/v7-m/nofp\libc_nano.a(libc_a-nano-vfprintf.o)
 .rodata._printf_i.str1.1
                0x08005811       0x22 c:/users/igorn/appdata/roaming/code/user/globalstorage/bmd.stm32-for-vscode/@xpack-dev-tools/arm-none-eabi-gcc/12.3.1-1.1.1/.content/bin/../lib/gcc/arm-none-eabi/12.3.1/../../../../arm-none-eabi/lib/thumb/v7-m/nofp\libc_nano.a(libc_a-nano-vfprintf_i.o)
                0x08005834                        . = ALIGN (0x4)
 *fill*         0x08005833        0x1 

.rel.dyn        0x08005834        0x0
 .rel.iplt      0x08005834        0x0 c:/users/igorn/appdata/roaming/code/user/globalstorage/bmd.stm32-for-vscode/@xpack-dev-tools/arm-none-eabi-gcc/12.3.1-1.1.1/.content/bin/../lib/gcc/arm-none-eabi/12.3.1/thumb/v7-m/nofp/crtbegin.o

.ARM.extab
 *(.ARM.extab* .gnu.linkonce.armextab.*)

.ARM            0x08005834        0x0
                0x08005834                        __exidx_start = .
 *(.ARM.exidx*)
                0x08005834                        __exidx_end = .

.preinit_array  0x08005834        0x0
                0x08005834                        PROVIDE (__preinit_array_start = .)
 *(.preinit_array*)
                0x08005834                        PROVIDE (__preinit_array_end = .)

.init_array     0x08005834        0x4
                0x08005834                        PROVIDE (__init_array_start = .)
 *(SORT_BY_NAME(.init_array.*))
 *(.init_array*)
 .init_array    0x08005834        0x4 c:/users/igorn/appdata/roaming/code/user/globalstorage/bmd.stm32-for-vscode/@xpack-dev-tools/arm-none-eabi-gcc/12.3.1-1.1.1/.content/bin/../lib/gcc/arm-none-eabi/12.3.1/thumb/v7-m/nofp/crtbegin.o
                0x08005838                        PROVIDE (__init_array_end = .)

.fini_array     0x08005838        0x4
                0x08005838                        PROVIDE (__fini_array_start = .)
 *(SORT_BY_NAME(.fini_array.*))
 *(.fini_array*)
 .fini_array    0x08005838        0x4 c:/users/igorn/appdata/roaming/code/user/globalstorage/bmd.stm32-for-vscode/@xpack-dev-tools/arm-none-eabi-gcc/12.3.1-1.1.1/.content/bin/../lib/gcc/arm-none-eabi/12.3.1/thumb/v7-m/nofp/crtbegin.o
                0x0800583c                        PROVIDE (__fini_array_end = .)
                0x0800583c                        _sidata = LOADADDR (.data)

.data           0x20000000       0x70 load address 0x0800583c
                0x20000000                        . = ALIGN (0x4)
                0x20000000                        _sdata = .
 *(.data)
 *(.data*)
 .data.WS2812_IO_Low
                0x20000000        0x4 build/debug/WS2812b_Core.o
                0x20000000                WS2812_IO_Low
 .data.WS2812_IO_High
                0x20000004        0x4 build/debug/WS2812b_Core.o
                0x20000004                WS2812_IO_High
 .data.white    0x20000008        0x3 build/debug/main.o
                0x20000008                white
 .data.uwTickFreq
                0x2000000b        0x1 build/debug/stm32f1xx_hal.o
                0x2000000b                uwTickFreq
 .data.uwTickPrio
                0x2000000c        0x4 build/debug/stm32f1xx_hal.o
                0x2000000c                uwTickPrio
 .data.SystemCoreClock
                0x20000010        0x4 build/debug/system_stm32f1xx.o
                0x20000010                SystemCoreClock
 .data.__sglue  0x20000014        0xc c:/users/igorn/appdata/roaming/code/user/globalstorage/bmd.stm32-for-vscode/@xpack-dev-tools/arm-none-eabi-gcc/12.3.1-1.1.1/.content/bin/../lib/gcc/arm-none-eabi/12.3.1/../../../../arm-none-eabi/lib/thumb/v7-m/nofp\libc_nano.a(libc_a-findfp.o)
                0x20000014                __sglue
 .data._impure_ptr
                0x20000020        0x4 c:/users/igorn/appdata/roaming/code/user/globalstorage/bmd.stm32-for-vscode/@xpack-dev-tools/arm-none-eabi-gcc/12.3.1-1.1.1/.content/bin/../lib/gcc/arm-none-eabi/12.3.1/../../../../arm-none-eabi/lib/thumb/v7-m/nofp\libc_nano.a(libc_a-impure.o)
                0x20000020                _impure_ptr
 .data._impure_data
                0x20000024       0x4c c:/users/igorn/appdata/roaming/code/user/globalstorage/bmd.stm32-for-vscode/@xpack-dev-tools/arm-none-eabi-gcc/12.3.1-1.1.1/.content/bin/../lib/gcc/arm-none-eabi/12.3.1/../../../../arm-none-eabi/lib/thumb/v7-m/nofp\libc_nano.a(libc_a-impure.o)
                0x20000024                _impure_data
                0x20000070                        . = ALIGN (0x4)
                0x20000070                        _edata = .

.igot.plt       0x20000070        0x0 load address 0x080058ac
 .igot.plt      0x20000070        0x0 c:/users/igorn/appdata/roaming/code/user/globalstorage/bmd.stm32-for-vscode/@xpack-dev-tools/arm-none-eabi-gcc/12.3.1-1.1.1/.content/bin/../lib/gcc/arm-none-eabi/12.3.1/thumb/v7-m/nofp/crtbegin.o
                0x20000070                        . = ALIGN (0x4)

.bss            0x20000070     0x4120 load address 0x080058ac
                0x20000070                        _sbss = .
                0x20000070                        __bss_start__ = _sbss
 *(.bss)
 *(.bss*)
 .bss.completed.1
                0x20000070        0x1 c:/users/igorn/appdata/roaming/code/user/globalstorage/bmd.stm32-for-vscode/@xpack-dev-tools/arm-none-eabi-gcc/12.3.1-1.1.1/.content/bin/../lib/gcc/arm-none-eabi/12.3.1/thumb/v7-m/nofp/crtbegin.o
 *fill*         0x20000071        0x3 
 .bss.object.0  0x20000074       0x18 c:/users/igorn/appdata/roaming/code/user/globalstorage/bmd.stm32-for-vscode/@xpack-dev-tools/arm-none-eabi-gcc/12.3.1-1.1.1/.content/bin/../lib/gcc/arm-none-eabi/12.3.1/thumb/v7-m/nofp/crtbegin.o
 .bss.frameBufferD
                0x2000008c      0x600 build/debug/WS2812B_Effects.o
                0x2000008c                frameBufferD
 .bss.frameBufferC
                0x2000068c      0x600 build/debug/WS2812B_Effects.o
                0x2000068c                frameBufferC
 .bss.frameBufferB
                0x20000c8c      0x600 build/debug/WS2812B_Effects.o
                0x20000c8c                frameBufferB
 .bss.frameBufferA
                0x2000128c      0x600 build/debug/WS2812B_Effects.o
                0x2000128c                frameBufferA
 .bss.dmaCC2    0x2000188c       0x44 build/debug/WS2812b_Core.o
                0x2000188c                dmaCC2
 .bss.dmaCC1    0x200018d0       0x44 build/debug/WS2812b_Core.o
                0x200018d0                dmaCC1
 .bss.dmaUpdate
                0x20001914       0x44 build/debug/WS2812b_Core.o
                0x20001914                dmaUpdate
 .bss.tim_period
                0x20001958        0x4 build/debug/WS2812b_Core.o
                0x20001958                tim_period
 .bss.tim2OC2   0x2000195c       0x1c build/debug/WS2812b_Core.o
                0x2000195c                tim2OC2
 .bss.tim2OC1   0x20001978       0x1c build/debug/WS2812b_Core.o
                0x20001978                tim2OC1
 .bss.Tim2Handle
                0x20001994       0x48 build/debug/WS2812b_Core.o
                0x20001994                Tim2Handle
 .bss.ws2812bDmaBitBuffer
                0x200019dc       0x60 build/debug/WS2812b_Core.o
                0x200019dc                ws2812bDmaBitBuffer
 .bss.ws2812b   0x20001a3c       0x4c build/debug/WS2812b_Core.o
                0x20001a3c                ws2812b
 .bss.tick      0x20001a88        0x1 build/debug/main.o
                0x20001a88                tick
 .bss.receive   0x20001a89        0x1 build/debug/main.o
                0x20001a89                receive
 *fill*         0x20001a8a        0x2 
 .bss.nullColor
                0x20001a8c        0x3 build/debug/main.o
                0x20001a8c                nullColor
 *fill*         0x20001a8f        0x1 
 .bss.flashMemoryStruct
                0x20001a90       0x6c build/debug/main.o
                0x20001a90                flashMemoryStruct
 .bss.tempInitChunk
                0x20001afc        0xc build/debug/main.o
                0x20001afc                tempInitChunk
 .bss.lastMessage
                0x20001b08      0x214 build/debug/main.o
                0x20001b08                lastMessage
 .bss.walkingPixelA
                0x20001d1c       0x2c build/debug/main.o
                0x20001d1c                walkingPixelA
 .bss.dotsA     0x20001d48       0x2c build/debug/main.o
                0x20001d48                dotsA
 .bss.rainbowA  0x20001d74       0x2c build/debug/main.o
                0x20001d74                rainbowA
 .bss.breatheA  0x20001da0       0x2c build/debug/main.o
                0x20001da0                breatheA
 .bss.UART2     0x20001dcc      0x638 build/debug/main.o
                0x20001dcc                UART2
 .bss.pixelsD   0x20002404      0x600 build/debug/main.o
                0x20002404                pixelsD
 .bss.pixelsC   0x20002a04      0x600 build/debug/main.o
                0x20002a04                pixelsC
 .bss.pixelsB   0x20003004      0x600 build/debug/main.o
                0x20003004                pixelsB
 .bss.pixelsA   0x20003604      0x600 build/debug/main.o
                0x20003604                pixelsA
 .bss.stripD    0x20003c04       0xf0 build/debug/main.o
                0x20003c04                stripD
 .bss.stripC    0x20003cf4       0xf0 build/debug/main.o
                0x20003cf4                stripC
 .bss.stripB    0x20003de4       0xf0 build/debug/main.o
                0x20003de4                stripB
 .bss.stripA    0x20003ed4       0xf0 build/debug/main.o
                0x20003ed4                stripA
 .bss.screenUpdateEvent
                0x20003fc4        0xc build/debug/main.o
                0x20003fc4                screenUpdateEvent
 .bss.huart2    0x20003fd0       0x48 build/debug/main.o
                0x20003fd0                huart2
 .bss.uwTick    0x20004018        0x4 build/debug/stm32f1xx_hal.o
                0x20004018                uwTick
 *fill*         0x2000401c        0x4 
 .bss.pFlash    0x20004020       0x20 build/debug/stm32f1xx_hal_flash.o
                0x20004020                pFlash
 .bss.__sf      0x20004040      0x138 c:/users/igorn/appdata/roaming/code/user/globalstorage/bmd.stm32-for-vscode/@xpack-dev-tools/arm-none-eabi-gcc/12.3.1-1.1.1/.content/bin/../lib/gcc/arm-none-eabi/12.3.1/../../../../arm-none-eabi/lib/thumb/v7-m/nofp\libc_nano.a(libc_a-findfp.o)
                0x20004040                __sf
 .bss.__stdio_exit_handler
                0x20004178        0x4 c:/users/igorn/appdata/roaming/code/user/globalstorage/bmd.stm32-for-vscode/@xpack-dev-tools/arm-none-eabi-gcc/12.3.1-1.1.1/.content/bin/../lib/gcc/arm-none-eabi/12.3.1/../../../../arm-none-eabi/lib/thumb/v7-m/nofp\libc_nano.a(libc_a-findfp.o)
                0x20004178                __stdio_exit_handler
 .bss.errno     0x2000417c        0x4 c:/users/igorn/appdata/roaming/code/user/globalstorage/bmd.stm32-for-vscode/@xpack-dev-tools/arm-none-eabi-gcc/12.3.1-1.1.1/.content/bin/../lib/gcc/arm-none-eabi/12.3.1/../../../../arm-none-eabi/lib/thumb/v7-m/nofp\libc_nano.a(libc_a-reent.o)
                0x2000417c                errno
 .bss.__lock___malloc_recursive_mutex
                0x20004180        0x1 c:/users/igorn/appdata/roaming/code/user/globalstorage/bmd.stm32-for-vscode/@xpack-dev-tools/arm-none-eabi-gcc/12.3.1-1.1.1/.content/bin/../lib/gcc/arm-none-eabi/12.3.1/../../../../arm-none-eabi/lib/thumb/v7-m/nofp\libc_nano.a(libc_a-lock.o)
                0x20004180                __lock___malloc_recursive_mutex
 .bss.__lock___sfp_recursive_mutex
                0x20004181        0x1 c:/users/igorn/appdata/roaming/code/user/globalstorage/bmd.stm32-for-vscode/@xpack-dev-tools/arm-none-eabi-gcc/12.3.1-1.1.1/.content/bin/../lib/gcc/arm-none-eabi/12.3.1/../../../../arm-none-eabi/lib/thumb/v7-m/nofp\libc_nano.a(libc_a-lock.o)
                0x20004181                __lock___sfp_recursive_mutex
 *fill*         0x20004182        0x2 
 .bss.__malloc_sbrk_start
                0x20004184        0x4 c:/users/igorn/appdata/roaming/code/user/globalstorage/bmd.stm32-for-vscode/@xpack-dev-tools/arm-none-eabi-gcc/12.3.1-1.1.1/.content/bin/../lib/gcc/arm-none-eabi/12.3.1/../../../../arm-none-eabi/lib/thumb/v7-m/nofp\libc_nano.a(libc_a-mallocr.o)
                0x20004184                __malloc_sbrk_start
 .bss.__malloc_free_list
                0x20004188        0x4 c:/users/igorn/appdata/roaming/code/user/globalstorage/bmd.stm32-for-vscode/@xpack-dev-tools/arm-none-eabi-gcc/12.3.1-1.1.1/.content/bin/../lib/gcc/arm-none-eabi/12.3.1/../../../../arm-none-eabi/lib/thumb/v7-m/nofp\libc_nano.a(libc_a-mallocr.o)
                0x20004188                __malloc_free_list
 .bss.heap_end.0
                0x2000418c        0x4 c:/users/igorn/appdata/roaming/code/user/globalstorage/bmd.stm32-for-vscode/@xpack-dev-tools/arm-none-eabi-gcc/12.3.1-1.1.1/.content/bin/../lib/gcc/arm-none-eabi/12.3.1/../../../../arm-none-eabi/lib/thumb/v7-m/nofp\libnosys.a(sbrk.o)
 *(COMMON)
                0x20004190                        . = ALIGN (0x4)
                0x20004190                        _ebss = .
                0x20004190                        __bss_end__ = _ebss

._user_heap_stack
                0x20004190      0x600 load address 0x080058ac
                0x20004190                        . = ALIGN (0x8)
                0x20004190                        PROVIDE (end = .)
                [!provide]                        PROVIDE (_end = .)
                0x20004390                        . = (. + _Min_Heap_Size)
 *fill*         0x20004190      0x200 
                0x20004790                        . = (. + _Min_Stack_Size)
 *fill*         0x20004390      0x400 
                0x20004790                        . = ALIGN (0x8)

/DISCARD/
 libc.a(*)
 libm.a(*)
 libgcc.a(*)

.ARM.attributes
                0x00000000       0x29
 *(.ARM.attributes)
 .ARM.attributes
                0x00000000       0x1d c:/users/igorn/appdata/roaming/code/user/globalstorage/bmd.stm32-for-vscode/@xpack-dev-tools/arm-none-eabi-gcc/12.3.1-1.1.1/.content/bin/../lib/gcc/arm-none-eabi/12.3.1/thumb/v7-m/nofp/crti.o
 .ARM.attributes
                0x0000001d       0x2d c:/users/igorn/appdata/roaming/code/user/globalstorage/bmd.stm32-for-vscode/@xpack-dev-tools/arm-none-eabi-gcc/12.3.1-1.1.1/.content/bin/../lib/gcc/arm-none-eabi/12.3.1/thumb/v7-m/nofp/crtbegin.o
 .ARM.attributes
                0x0000004a       0x2d build/debug/NOS_BaseColors.o
 .ARM.attributes
                0x00000077       0x2d build/debug/NOS_Flash.o
 .ARM.attributes
                0x000000a4       0x2d build/debug/NOS_Math.o
 .ARM.attributes
                0x000000d1       0x2d build/debug/NOS_Strip_UART.o
 .ARM.attributes
                0x000000fe       0x2d build/debug/NOS_Time.o
 .ARM.attributes
                0x0000012b       0x2d build/debug/NOS_UART.o
 .ARM.attributes
                0x00000158       0x2d build/debug/NOS_WS2812B_Strip.o
 .ARM.attributes
                0x00000185       0x2d build/debug/NOS_WS2812B_Strip_Effects.o
 .ARM.attributes
                0x000001b2       0x2d build/debug/WS2812B_Effects.o
 .ARM.attributes
                0x000001df       0x2d build/debug/WS2812b_Core.o
 .ARM.attributes
                0x0000020c       0x2d build/debug/main.o
 .ARM.attributes
                0x00000239       0x2d build/debug/stm32f1xx_hal.o
 .ARM.attributes
                0x00000266       0x2d build/debug/stm32f1xx_hal_cortex.o
 .ARM.attributes
                0x00000293       0x2d build/debug/stm32f1xx_hal_dma.o
 .ARM.attributes
                0x000002c0       0x2d build/debug/stm32f1xx_hal_flash.o
 .ARM.attributes
                0x000002ed       0x2d build/debug/stm32f1xx_hal_flash_ex.o
 .ARM.attributes
                0x0000031a       0x2d build/debug/stm32f1xx_hal_gpio.o
 .ARM.attributes
                0x00000347       0x2d build/debug/stm32f1xx_hal_msp.o
 .ARM.attributes
                0x00000374       0x2d build/debug/stm32f1xx_hal_rcc.o
 .ARM.attributes
                0x000003a1       0x2d build/debug/stm32f1xx_hal_tim.o
 .ARM.attributes
                0x000003ce       0x2d build/debug/stm32f1xx_hal_tim_ex.o
 .ARM.attributes
                0x000003fb       0x2d build/debug/stm32f1xx_hal_uart.o
 .ARM.attributes
                0x00000428       0x2d build/debug/stm32f1xx_it.o
 .ARM.attributes
                0x00000455       0x2d build/debug/system_stm32f1xx.o
 .ARM.attributes
                0x00000482       0x21 build/debug/startup_stm32f103xb.o
 .ARM.attributes
                0x000004a3       0x2d c:/users/igorn/appdata/roaming/code/user/globalstorage/bmd.stm32-for-vscode/@xpack-dev-tools/arm-none-eabi-gcc/12.3.1-1.1.1/.content/bin/../lib/gcc/arm-none-eabi/12.3.1/../../../../arm-none-eabi/lib/thumb/v7-m/nofp\libc_nano.a(libc_a-rand.o)
 .ARM.attributes
                0x000004d0       0x2d c:/users/igorn/appdata/roaming/code/user/globalstorage/bmd.stm32-for-vscode/@xpack-dev-tools/arm-none-eabi-gcc/12.3.1-1.1.1/.content/bin/../lib/gcc/arm-none-eabi/12.3.1/../../../../arm-none-eabi/lib/thumb/v7-m/nofp\libc_nano.a(libc_a-findfp.o)
 .ARM.attributes
                0x000004fd       0x2d c:/users/igorn/appdata/roaming/code/user/globalstorage/bmd.stm32-for-vscode/@xpack-dev-tools/arm-none-eabi-gcc/12.3.1-1.1.1/.content/bin/../lib/gcc/arm-none-eabi/12.3.1/../../../../arm-none-eabi/lib/thumb/v7-m/nofp\libc_nano.a(libc_a-fwalk.o)
 .ARM.attributes
                0x0000052a       0x2d c:/users/igorn/appdata/roaming/code/user/globalstorage/bmd.stm32-for-vscode/@xpack-dev-tools/arm-none-eabi-gcc/12.3.1-1.1.1/.content/bin/../lib/gcc/arm-none-eabi/12.3.1/../../../../arm-none-eabi/lib/thumb/v7-m/nofp\libc_nano.a(libc_a-stdio.o)
 .ARM.attributes
                0x00000557       0x2d c:/users/igorn/appdata/roaming/code/user/globalstorage/bmd.stm32-for-vscode/@xpack-dev-tools/arm-none-eabi-gcc/12.3.1-1.1.1/.content/bin/../lib/gcc/arm-none-eabi/12.3.1/../../../../arm-none-eabi/lib/thumb/v7-m/nofp\libc_nano.a(libc_a-memset.o)
 .ARM.attributes
                0x00000584       0x2d c:/users/igorn/appdata/roaming/code/user/globalstorage/bmd.stm32-for-vscode/@xpack-dev-tools/arm-none-eabi-gcc/12.3.1-1.1.1/.content/bin/../lib/gcc/arm-none-eabi/12.3.1/../../../../arm-none-eabi/lib/thumb/v7-m/nofp\libc_nano.a(libc_a-closer.o)
 .ARM.attributes
                0x000005b1       0x2d c:/users/igorn/appdata/roaming/code/user/globalstorage/bmd.stm32-for-vscode/@xpack-dev-tools/arm-none-eabi-gcc/12.3.1-1.1.1/.content/bin/../lib/gcc/arm-none-eabi/12.3.1/../../../../arm-none-eabi/lib/thumb/v7-m/nofp\libc_nano.a(libc_a-reent.o)
 .ARM.attributes
                0x000005de       0x2d c:/users/igorn/appdata/roaming/code/user/globalstorage/bmd.stm32-for-vscode/@xpack-dev-tools/arm-none-eabi-gcc/12.3.1-1.1.1/.content/bin/../lib/gcc/arm-none-eabi/12.3.1/../../../../arm-none-eabi/lib/thumb/v7-m/nofp\libc_nano.a(libc_a-impure.o)
 .ARM.attributes
                0x0000060b       0x2d c:/users/igorn/appdata/roaming/code/user/globalstorage/bmd.stm32-for-vscode/@xpack-dev-tools/arm-none-eabi-gcc/12.3.1-1.1.1/.content/bin/../lib/gcc/arm-none-eabi/12.3.1/../../../../arm-none-eabi/lib/thumb/v7-m/nofp\libc_nano.a(libc_a-lseekr.o)
 .ARM.attributes
                0x00000638       0x2d c:/users/igorn/appdata/roaming/code/user/globalstorage/bmd.stm32-for-vscode/@xpack-dev-tools/arm-none-eabi-gcc/12.3.1-1.1.1/.content/bin/../lib/gcc/arm-none-eabi/12.3.1/../../../../arm-none-eabi/lib/thumb/v7-m/nofp\libc_nano.a(libc_a-readr.o)
 .ARM.attributes
                0x00000665       0x2d c:/users/igorn/appdata/roaming/code/user/globalstorage/bmd.stm32-for-vscode/@xpack-dev-tools/arm-none-eabi-gcc/12.3.1-1.1.1/.content/bin/../lib/gcc/arm-none-eabi/12.3.1/../../../../arm-none-eabi/lib/thumb/v7-m/nofp\libc_nano.a(libc_a-writer.o)
 .ARM.attributes
                0x00000692       0x2d c:/users/igorn/appdata/roaming/code/user/globalstorage/bmd.stm32-for-vscode/@xpack-dev-tools/arm-none-eabi-gcc/12.3.1-1.1.1/.content/bin/../lib/gcc/arm-none-eabi/12.3.1/../../../../arm-none-eabi/lib/thumb/v7-m/nofp\libc_nano.a(libc_a-init.o)
 .ARM.attributes
                0x000006bf       0x2d c:/users/igorn/appdata/roaming/code/user/globalstorage/bmd.stm32-for-vscode/@xpack-dev-tools/arm-none-eabi-gcc/12.3.1-1.1.1/.content/bin/../lib/gcc/arm-none-eabi/12.3.1/../../../../arm-none-eabi/lib/thumb/v7-m/nofp\libc_nano.a(libc_a-lock.o)
 .ARM.attributes
                0x000006ec       0x2d c:/users/igorn/appdata/roaming/code/user/globalstorage/bmd.stm32-for-vscode/@xpack-dev-tools/arm-none-eabi-gcc/12.3.1-1.1.1/.content/bin/../lib/gcc/arm-none-eabi/12.3.1/../../../../arm-none-eabi/lib/thumb/v7-m/nofp\libc_nano.a(libc_a-assert.o)
 .ARM.attributes
                0x00000719       0x2d c:/users/igorn/appdata/roaming/code/user/globalstorage/bmd.stm32-for-vscode/@xpack-dev-tools/arm-none-eabi-gcc/12.3.1-1.1.1/.content/bin/../lib/gcc/arm-none-eabi/12.3.1/../../../../arm-none-eabi/lib/thumb/v7-m/nofp\libc_nano.a(libc_a-freer.o)
 .ARM.attributes
                0x00000746       0x2d c:/users/igorn/appdata/roaming/code/user/globalstorage/bmd.stm32-for-vscode/@xpack-dev-tools/arm-none-eabi-gcc/12.3.1-1.1.1/.content/bin/../lib/gcc/arm-none-eabi/12.3.1/../../../../arm-none-eabi/lib/thumb/v7-m/nofp\libc_nano.a(libc_a-malloc.o)
 .ARM.attributes
                0x00000773       0x2d c:/users/igorn/appdata/roaming/code/user/globalstorage/bmd.stm32-for-vscode/@xpack-dev-tools/arm-none-eabi-gcc/12.3.1-1.1.1/.content/bin/../lib/gcc/arm-none-eabi/12.3.1/../../../../arm-none-eabi/lib/thumb/v7-m/nofp\libc_nano.a(libc_a-mallocr.o)
 .ARM.attributes
                0x000007a0       0x2d c:/users/igorn/appdata/roaming/code/user/globalstorage/bmd.stm32-for-vscode/@xpack-dev-tools/arm-none-eabi-gcc/12.3.1-1.1.1/.content/bin/../lib/gcc/arm-none-eabi/12.3.1/../../../../arm-none-eabi/lib/thumb/v7-m/nofp\libc_nano.a(libc_a-mlock.o)
 .ARM.attributes
                0x000007cd       0x2d c:/users/igorn/appdata/roaming/code/user/globalstorage/bmd.stm32-for-vscode/@xpack-dev-tools/arm-none-eabi-gcc/12.3.1-1.1.1/.content/bin/../lib/gcc/arm-none-eabi/12.3.1/../../../../arm-none-eabi/lib/thumb/v7-m/nofp\libc_nano.a(libc_a-fflush.o)
 .ARM.attributes
                0x000007fa       0x2d c:/users/igorn/appdata/roaming/code/user/globalstorage/bmd.stm32-for-vscode/@xpack-dev-tools/arm-none-eabi-gcc/12.3.1-1.1.1/.content/bin/../lib/gcc/arm-none-eabi/12.3.1/../../../../arm-none-eabi/lib/thumb/v7-m/nofp\libc_nano.a(libc_a-fprintf.o)
 .ARM.attributes
                0x00000827       0x2d c:/users/igorn/appdata/roaming/code/user/globalstorage/bmd.stm32-for-vscode/@xpack-dev-tools/arm-none-eabi-gcc/12.3.1-1.1.1/.content/bin/../lib/gcc/arm-none-eabi/12.3.1/../../../../arm-none-eabi/lib/thumb/v7-m/nofp\libc_nano.a(libc_a-sbrkr.o)
 .ARM.attributes
                0x00000854       0x2d c:/users/igorn/appdata/roaming/code/user/globalstorage/bmd.stm32-for-vscode/@xpack-dev-tools/arm-none-eabi-gcc/12.3.1-1.1.1/.content/bin/../lib/gcc/arm-none-eabi/12.3.1/../../../../arm-none-eabi/lib/thumb/v7-m/nofp\libc_nano.a(libc_a-abort.o)
 .ARM.attributes
                0x00000881       0x2d c:/users/igorn/appdata/roaming/code/user/globalstorage/bmd.stm32-for-vscode/@xpack-dev-tools/arm-none-eabi-gcc/12.3.1-1.1.1/.content/bin/../lib/gcc/arm-none-eabi/12.3.1/../../../../arm-none-eabi/lib/thumb/v7-m/nofp\libc_nano.a(libc_a-nano-vfprintf.o)
 .ARM.attributes
                0x000008ae       0x2d c:/users/igorn/appdata/roaming/code/user/globalstorage/bmd.stm32-for-vscode/@xpack-dev-tools/arm-none-eabi-gcc/12.3.1-1.1.1/.content/bin/../lib/gcc/arm-none-eabi/12.3.1/../../../../arm-none-eabi/lib/thumb/v7-m/nofp\libc_nano.a(libc_a-nano-vfprintf_i.o)
 .ARM.attributes
                0x000008db       0x2d c:/users/igorn/appdata/roaming/code/user/globalstorage/bmd.stm32-for-vscode/@xpack-dev-tools/arm-none-eabi-gcc/12.3.1-1.1.1/.content/bin/../lib/gcc/arm-none-eabi/12.3.1/../../../../arm-none-eabi/lib/thumb/v7-m/nofp\libc_nano.a(libc_a-wbuf.o)
 .ARM.attributes
                0x00000908       0x2d c:/users/igorn/appdata/roaming/code/user/globalstorage/bmd.stm32-for-vscode/@xpack-dev-tools/arm-none-eabi-gcc/12.3.1-1.1.1/.content/bin/../lib/gcc/arm-none-eabi/12.3.1/../../../../arm-none-eabi/lib/thumb/v7-m/nofp\libc_nano.a(libc_a-wsetup.o)
 .ARM.attributes
                0x00000935       0x2d c:/users/igorn/appdata/roaming/code/user/globalstorage/bmd.stm32-for-vscode/@xpack-dev-tools/arm-none-eabi-gcc/12.3.1-1.1.1/.content/bin/../lib/gcc/arm-none-eabi/12.3.1/../../../../arm-none-eabi/lib/thumb/v7-m/nofp\libc_nano.a(libc_a-signal.o)
 .ARM.attributes
                0x00000962       0x2d c:/users/igorn/appdata/roaming/code/user/globalstorage/bmd.stm32-for-vscode/@xpack-dev-tools/arm-none-eabi-gcc/12.3.1-1.1.1/.content/bin/../lib/gcc/arm-none-eabi/12.3.1/../../../../arm-none-eabi/lib/thumb/v7-m/nofp\libc_nano.a(libc_a-signalr.o)
 .ARM.attributes
                0x0000098f       0x2d c:/users/igorn/appdata/roaming/code/user/globalstorage/bmd.stm32-for-vscode/@xpack-dev-tools/arm-none-eabi-gcc/12.3.1-1.1.1/.content/bin/../lib/gcc/arm-none-eabi/12.3.1/../../../../arm-none-eabi/lib/thumb/v7-m/nofp\libc_nano.a(libc_a-memchr-stub.o)
 .ARM.attributes
                0x000009bc       0x2d c:/users/igorn/appdata/roaming/code/user/globalstorage/bmd.stm32-for-vscode/@xpack-dev-tools/arm-none-eabi-gcc/12.3.1-1.1.1/.content/bin/../lib/gcc/arm-none-eabi/12.3.1/../../../../arm-none-eabi/lib/thumb/v7-m/nofp\libc_nano.a(libc_a-makebuf.o)
 .ARM.attributes
                0x000009e9       0x2d c:/users/igorn/appdata/roaming/code/user/globalstorage/bmd.stm32-for-vscode/@xpack-dev-tools/arm-none-eabi-gcc/12.3.1-1.1.1/.content/bin/../lib/gcc/arm-none-eabi/12.3.1/../../../../arm-none-eabi/lib/thumb/v7-m/nofp\libc_nano.a(libc_a-fstatr.o)
 .ARM.attributes
                0x00000a16       0x2d c:/users/igorn/appdata/roaming/code/user/globalstorage/bmd.stm32-for-vscode/@xpack-dev-tools/arm-none-eabi-gcc/12.3.1-1.1.1/.content/bin/../lib/gcc/arm-none-eabi/12.3.1/../../../../arm-none-eabi/lib/thumb/v7-m/nofp\libc_nano.a(libc_a-isattyr.o)
 .ARM.attributes
                0x00000a43       0x2d c:/users/igorn/appdata/roaming/code/user/globalstorage/bmd.stm32-for-vscode/@xpack-dev-tools/arm-none-eabi-gcc/12.3.1-1.1.1/.content/bin/../lib/gcc/arm-none-eabi/12.3.1/../../../../arm-none-eabi/lib/thumb/v7-m/nofp\libnosys.a(close.o)
 .ARM.attributes
                0x00000a70       0x2d c:/users/igorn/appdata/roaming/code/user/globalstorage/bmd.stm32-for-vscode/@xpack-dev-tools/arm-none-eabi-gcc/12.3.1-1.1.1/.content/bin/../lib/gcc/arm-none-eabi/12.3.1/../../../../arm-none-eabi/lib/thumb/v7-m/nofp\libnosys.a(fstat.o)
 .ARM.attributes
                0x00000a9d       0x2d c:/users/igorn/appdata/roaming/code/user/globalstorage/bmd.stm32-for-vscode/@xpack-dev-tools/arm-none-eabi-gcc/12.3.1-1.1.1/.content/bin/../lib/gcc/arm-none-eabi/12.3.1/../../../../arm-none-eabi/lib/thumb/v7-m/nofp\libnosys.a(getpid.o)
 .ARM.attributes
                0x00000aca       0x2d c:/users/igorn/appdata/roaming/code/user/globalstorage/bmd.stm32-for-vscode/@xpack-dev-tools/arm-none-eabi-gcc/12.3.1-1.1.1/.content/bin/../lib/gcc/arm-none-eabi/12.3.1/../../../../arm-none-eabi/lib/thumb/v7-m/nofp\libnosys.a(isatty.o)
 .ARM.attributes
                0x00000af7       0x2d c:/users/igorn/appdata/roaming/code/user/globalstorage/bmd.stm32-for-vscode/@xpack-dev-tools/arm-none-eabi-gcc/12.3.1-1.1.1/.content/bin/../lib/gcc/arm-none-eabi/12.3.1/../../../../arm-none-eabi/lib/thumb/v7-m/nofp\libnosys.a(kill.o)
 .ARM.attributes
                0x00000b24       0x2d c:/users/igorn/appdata/roaming/code/user/globalstorage/bmd.stm32-for-vscode/@xpack-dev-tools/arm-none-eabi-gcc/12.3.1-1.1.1/.content/bin/../lib/gcc/arm-none-eabi/12.3.1/../../../../arm-none-eabi/lib/thumb/v7-m/nofp\libnosys.a(lseek.o)
 .ARM.attributes
                0x00000b51       0x2d c:/users/igorn/appdata/roaming/code/user/globalstorage/bmd.stm32-for-vscode/@xpack-dev-tools/arm-none-eabi-gcc/12.3.1-1.1.1/.content/bin/../lib/gcc/arm-none-eabi/12.3.1/../../../../arm-none-eabi/lib/thumb/v7-m/nofp\libnosys.a(read.o)
 .ARM.attributes
                0x00000b7e       0x2d c:/users/igorn/appdata/roaming/code/user/globalstorage/bmd.stm32-for-vscode/@xpack-dev-tools/arm-none-eabi-gcc/12.3.1-1.1.1/.content/bin/../lib/gcc/arm-none-eabi/12.3.1/../../../../arm-none-eabi/lib/thumb/v7-m/nofp\libnosys.a(sbrk.o)
 .ARM.attributes
                0x00000bab       0x2d c:/users/igorn/appdata/roaming/code/user/globalstorage/bmd.stm32-for-vscode/@xpack-dev-tools/arm-none-eabi-gcc/12.3.1-1.1.1/.content/bin/../lib/gcc/arm-none-eabi/12.3.1/../../../../arm-none-eabi/lib/thumb/v7-m/nofp\libnosys.a(write.o)
 .ARM.attributes
                0x00000bd8       0x2d c:/users/igorn/appdata/roaming/code/user/globalstorage/bmd.stm32-for-vscode/@xpack-dev-tools/arm-none-eabi-gcc/12.3.1-1.1.1/.content/bin/../lib/gcc/arm-none-eabi/12.3.1/../../../../arm-none-eabi/lib/thumb/v7-m/nofp\libnosys.a(_exit.o)
 .ARM.attributes
                0x00000c05       0x1d c:/users/igorn/appdata/roaming/code/user/globalstorage/bmd.stm32-for-vscode/@xpack-dev-tools/arm-none-eabi-gcc/12.3.1-1.1.1/.content/bin/../lib/gcc/arm-none-eabi/12.3.1/thumb/v7-m/nofp\libgcc.a(_arm_addsubsf3.o)
 .ARM.attributes
                0x00000c22       0x1d c:/users/igorn/appdata/roaming/code/user/globalstorage/bmd.stm32-for-vscode/@xpack-dev-tools/arm-none-eabi-gcc/12.3.1-1.1.1/.content/bin/../lib/gcc/arm-none-eabi/12.3.1/thumb/v7-m/nofp\libgcc.a(_arm_muldivsf3.o)
 .ARM.attributes
                0x00000c3f       0x1d c:/users/igorn/appdata/roaming/code/user/globalstorage/bmd.stm32-for-vscode/@xpack-dev-tools/arm-none-eabi-gcc/12.3.1-1.1.1/.content/bin/../lib/gcc/arm-none-eabi/12.3.1/thumb/v7-m/nofp\libgcc.a(_arm_fixunssfsi.o)
 .ARM.attributes
                0x00000c5c       0x1d c:/users/igorn/appdata/roaming/code/user/globalstorage/bmd.stm32-for-vscode/@xpack-dev-tools/arm-none-eabi-gcc/12.3.1-1.1.1/.content/bin/../lib/gcc/arm-none-eabi/12.3.1/thumb/v7-m/nofp/crtn.o
OUTPUT(build/debug/WS2812B_F103C8.elf elf32-littlearm)
LOAD linker stubs
LOAD c:/users/igorn/appdata/roaming/code/user/globalstorage/bmd.stm32-for-vscode/@xpack-dev-tools/arm-none-eabi-gcc/12.3.1-1.1.1/.content/bin/../lib/gcc/arm-none-eabi/12.3.1/../../../../arm-none-eabi/lib/thumb/v7-m/nofp\libc.a
LOAD c:/users/igorn/appdata/roaming/code/user/globalstorage/bmd.stm32-for-vscode/@xpack-dev-tools/arm-none-eabi-gcc/12.3.1-1.1.1/.content/bin/../lib/gcc/arm-none-eabi/12.3.1/../../../../arm-none-eabi/lib/thumb/v7-m/nofp\libm.a
LOAD c:/users/igorn/appdata/roaming/code/user/globalstorage/bmd.stm32-for-vscode/@xpack-dev-tools/arm-none-eabi-gcc/12.3.1-1.1.1/.content/bin/../lib/gcc/arm-none-eabi/12.3.1/thumb/v7-m/nofp\libgcc.a

.comment        0x00000000       0x39
 .comment       0x00000000       0x39 c:/users/igorn/appdata/roaming/code/user/globalstorage/bmd.stm32-for-vscode/@xpack-dev-tools/arm-none-eabi-gcc/12.3.1-1.1.1/.content/bin/../lib/gcc/arm-none-eabi/12.3.1/thumb/v7-m/nofp/crtbegin.o
                                 0x3a (size before relaxing)
 .comment       0x00000039       0x3a build/debug/NOS_BaseColors.o
 .comment       0x00000039       0x3a build/debug/NOS_Flash.o
 .comment       0x00000039       0x3a build/debug/NOS_Math.o
 .comment       0x00000039       0x3a build/debug/NOS_Strip_UART.o
 .comment       0x00000039       0x3a build/debug/NOS_Time.o
 .comment       0x00000039       0x3a build/debug/NOS_UART.o
 .comment       0x00000039       0x3a build/debug/NOS_WS2812B_Strip.o
 .comment       0x00000039       0x3a build/debug/NOS_WS2812B_Strip_Effects.o
 .comment       0x00000039       0x3a build/debug/WS2812B_Effects.o
 .comment       0x00000039       0x3a build/debug/WS2812b_Core.o
 .comment       0x00000039       0x3a build/debug/main.o
 .comment       0x00000039       0x3a build/debug/stm32f1xx_hal.o
 .comment       0x00000039       0x3a build/debug/stm32f1xx_hal_cortex.o
 .comment       0x00000039       0x3a build/debug/stm32f1xx_hal_dma.o
 .comment       0x00000039       0x3a build/debug/stm32f1xx_hal_flash.o
 .comment       0x00000039       0x3a build/debug/stm32f1xx_hal_flash_ex.o
 .comment       0x00000039       0x3a build/debug/stm32f1xx_hal_gpio.o
 .comment       0x00000039       0x3a build/debug/stm32f1xx_hal_msp.o
 .comment       0x00000039       0x3a build/debug/stm32f1xx_hal_rcc.o
 .comment       0x00000039       0x3a build/debug/stm32f1xx_hal_tim.o
 .comment       0x00000039       0x3a build/debug/stm32f1xx_hal_tim_ex.o
 .comment       0x00000039       0x3a build/debug/stm32f1xx_hal_uart.o
 .comment       0x00000039       0x3a build/debug/stm32f1xx_it.o
 .comment       0x00000039       0x3a build/debug/system_stm32f1xx.o
 .comment       0x00000039       0x3a c:/users/igorn/appdata/roaming/code/user/globalstorage/bmd.stm32-for-vscode/@xpack-dev-tools/arm-none-eabi-gcc/12.3.1-1.1.1/.content/bin/../lib/gcc/arm-none-eabi/12.3.1/../../../../arm-none-eabi/lib/thumb/v7-m/nofp\libc_nano.a(libc_a-rand.o)
 .comment       0x00000039       0x3a c:/users/igorn/appdata/roaming/code/user/globalstorage/bmd.stm32-for-vscode/@xpack-dev-tools/arm-none-eabi-gcc/12.3.1-1.1.1/.content/bin/../lib/gcc/arm-none-eabi/12.3.1/../../../../arm-none-eabi/lib/thumb/v7-m/nofp\libc_nano.a(libc_a-findfp.o)
 .comment       0x00000039       0x3a c:/users/igorn/appdata/roaming/code/user/globalstorage/bmd.stm32-for-vscode/@xpack-dev-tools/arm-none-eabi-gcc/12.3.1-1.1.1/.content/bin/../lib/gcc/arm-none-eabi/12.3.1/../../../../arm-none-eabi/lib/thumb/v7-m/nofp\libc_nano.a(libc_a-fwalk.o)
 .comment       0x00000039       0x3a c:/users/igorn/appdata/roaming/code/user/globalstorage/bmd.stm32-for-vscode/@xpack-dev-tools/arm-none-eabi-gcc/12.3.1-1.1.1/.content/bin/../lib/gcc/arm-none-eabi/12.3.1/../../../../arm-none-eabi/lib/thumb/v7-m/nofp\libc_nano.a(libc_a-stdio.o)
 .comment       0x00000039       0x3a c:/users/igorn/appdata/roaming/code/user/globalstorage/bmd.stm32-for-vscode/@xpack-dev-tools/arm-none-eabi-gcc/12.3.1-1.1.1/.content/bin/../lib/gcc/arm-none-eabi/12.3.1/../../../../arm-none-eabi/lib/thumb/v7-m/nofp\libc_nano.a(libc_a-memset.o)
 .comment       0x00000039       0x3a c:/users/igorn/appdata/roaming/code/user/globalstorage/bmd.stm32-for-vscode/@xpack-dev-tools/arm-none-eabi-gcc/12.3.1-1.1.1/.content/bin/../lib/gcc/arm-none-eabi/12.3.1/../../../../arm-none-eabi/lib/thumb/v7-m/nofp\libc_nano.a(libc_a-closer.o)
 .comment       0x00000039       0x3a c:/users/igorn/appdata/roaming/code/user/globalstorage/bmd.stm32-for-vscode/@xpack-dev-tools/arm-none-eabi-gcc/12.3.1-1.1.1/.content/bin/../lib/gcc/arm-none-eabi/12.3.1/../../../../arm-none-eabi/lib/thumb/v7-m/nofp\libc_nano.a(libc_a-reent.o)
 .comment       0x00000039       0x3a c:/users/igorn/appdata/roaming/code/user/globalstorage/bmd.stm32-for-vscode/@xpack-dev-tools/arm-none-eabi-gcc/12.3.1-1.1.1/.content/bin/../lib/gcc/arm-none-eabi/12.3.1/../../../../arm-none-eabi/lib/thumb/v7-m/nofp\libc_nano.a(libc_a-impure.o)
 .comment       0x00000039       0x3a c:/users/igorn/appdata/roaming/code/user/globalstorage/bmd.stm32-for-vscode/@xpack-dev-tools/arm-none-eabi-gcc/12.3.1-1.1.1/.content/bin/../lib/gcc/arm-none-eabi/12.3.1/../../../../arm-none-eabi/lib/thumb/v7-m/nofp\libc_nano.a(libc_a-lseekr.o)
 .comment       0x00000039       0x3a c:/users/igorn/appdata/roaming/code/user/globalstorage/bmd.stm32-for-vscode/@xpack-dev-tools/arm-none-eabi-gcc/12.3.1-1.1.1/.content/bin/../lib/gcc/arm-none-eabi/12.3.1/../../../../arm-none-eabi/lib/thumb/v7-m/nofp\libc_nano.a(libc_a-readr.o)
 .comment       0x00000039       0x3a c:/users/igorn/appdata/roaming/code/user/globalstorage/bmd.stm32-for-vscode/@xpack-dev-tools/arm-none-eabi-gcc/12.3.1-1.1.1/.content/bin/../lib/gcc/arm-none-eabi/12.3.1/../../../../arm-none-eabi/lib/thumb/v7-m/nofp\libc_nano.a(libc_a-writer.o)
 .comment       0x00000039       0x3a c:/users/igorn/appdata/roaming/code/user/globalstorage/bmd.stm32-for-vscode/@xpack-dev-tools/arm-none-eabi-gcc/12.3.1-1.1.1/.content/bin/../lib/gcc/arm-none-eabi/12.3.1/../../../../arm-none-eabi/lib/thumb/v7-m/nofp\libc_nano.a(libc_a-init.o)
 .comment       0x00000039       0x3a c:/users/igorn/appdata/roaming/code/user/globalstorage/bmd.stm32-for-vscode/@xpack-dev-tools/arm-none-eabi-gcc/12.3.1-1.1.1/.content/bin/../lib/gcc/arm-none-eabi/12.3.1/../../../../arm-none-eabi/lib/thumb/v7-m/nofp\libc_nano.a(libc_a-lock.o)
 .comment       0x00000039       0x3a c:/users/igorn/appdata/roaming/code/user/globalstorage/bmd.stm32-for-vscode/@xpack-dev-tools/arm-none-eabi-gcc/12.3.1-1.1.1/.content/bin/../lib/gcc/arm-none-eabi/12.3.1/../../../../arm-none-eabi/lib/thumb/v7-m/nofp\libc_nano.a(libc_a-assert.o)
 .comment       0x00000039       0x3a c:/users/igorn/appdata/roaming/code/user/globalstorage/bmd.stm32-for-vscode/@xpack-dev-tools/arm-none-eabi-gcc/12.3.1-1.1.1/.content/bin/../lib/gcc/arm-none-eabi/12.3.1/../../../../arm-none-eabi/lib/thumb/v7-m/nofp\libc_nano.a(libc_a-freer.o)
 .comment       0x00000039       0x3a c:/users/igorn/appdata/roaming/code/user/globalstorage/bmd.stm32-for-vscode/@xpack-dev-tools/arm-none-eabi-gcc/12.3.1-1.1.1/.content/bin/../lib/gcc/arm-none-eabi/12.3.1/../../../../arm-none-eabi/lib/thumb/v7-m/nofp\libc_nano.a(libc_a-malloc.o)
 .comment       0x00000039       0x3a c:/users/igorn/appdata/roaming/code/user/globalstorage/bmd.stm32-for-vscode/@xpack-dev-tools/arm-none-eabi-gcc/12.3.1-1.1.1/.content/bin/../lib/gcc/arm-none-eabi/12.3.1/../../../../arm-none-eabi/lib/thumb/v7-m/nofp\libc_nano.a(libc_a-mallocr.o)
 .comment       0x00000039       0x3a c:/users/igorn/appdata/roaming/code/user/globalstorage/bmd.stm32-for-vscode/@xpack-dev-tools/arm-none-eabi-gcc/12.3.1-1.1.1/.content/bin/../lib/gcc/arm-none-eabi/12.3.1/../../../../arm-none-eabi/lib/thumb/v7-m/nofp\libc_nano.a(libc_a-mlock.o)
 .comment       0x00000039       0x3a c:/users/igorn/appdata/roaming/code/user/globalstorage/bmd.stm32-for-vscode/@xpack-dev-tools/arm-none-eabi-gcc/12.3.1-1.1.1/.content/bin/../lib/gcc/arm-none-eabi/12.3.1/../../../../arm-none-eabi/lib/thumb/v7-m/nofp\libc_nano.a(libc_a-fflush.o)